{
  "bins": 64,
  "cells": [
    "corner-SW",
    "corner-SE",
    "corner-NW",
    "side-S0",
    "side-N0",
    "side-W0",
    "side-E0",
    "side-N1",
    "side-W1",
    "side-E1",
    "side-S2",
    "side-N2",
    "interior-SW",
    "interior-NW",
    "interior-W",
    "interior-S",
    "interior-E"
  ],
  "check_seconds": 103.6224355000304,
  "checker_modules_sha256": {
    "sqpack.hull_kernel": "0bbfc013e1066b89c8aad8fb2d28dac15483069e053668db0cdde16710d6687e",
    "sqpack.hull_kernel.collision": "4693961d4d0100a9733f9f13ac350e99caa40b1a0c918c5d3ea4b1f0500e648b",
    "sqpack.hull_kernel.counting": "2a96121fd16c53f86323bfeda4b0183c8460337b57545844c080329caf75a4cb",
    "sqpack.hull_kernel.covers": "cff471ee70f2a5cc60e6338853e794d608331b10a77474a96511c2b68f4a55ea",
    "sqpack.hull_kernel.frame": "01cd1a2c013f41356cee3d7dac7233b0f9b8b4dadcb91bc3d09ae64c691067f1",
    "sqpack.hull_kernel.geometry": "f7679249bbde002805a9a41e6ab3562eef2f8e491c2dbb22480e8b29c02f5d52",
    "sqpack.hull_kernel.induction": "b9f0afd41e47b593c1917ab4b2c57895cbb46f1e45a094430888b3f5ce6be2f8",
    "sqpack.hull_kernel.n11": "17e09d2c51be43043c108adca6ac6ac6dc337f9696f40db8def420766353109c",
    "sqpack.hull_kernel.n17": "08ca6744494cc6a337b2685da20437b95b1899f3bc03c12cba790d304b85dbd1",
    "sqpack.hull_kernel.node": "c036c77826845ccb9ec0bf924983df592b8850447bdfb59495997088fe1a6222",
    "sqpack.hull_kernel.ownership": "0215ddab9cb89d008dec8c800a7438b9f9a04205fa43e7cb55f3f23059bdfcb9",
    "sqpack.hull_kernel.rational": "69b4b126924d3cd61734496c5ca01dd10f3142116b204fc6d86793ed4c92fae9",
    "sqpack.hull_kernel.sequential": "6ba0ffa41d7b09d2fd9dff3ad18fc2c8829d0cdc5bb16e90a7ae70e271b8768a",
    "sqpack.hull_kernel.sweep": "e8ac439dd8107044a2b2e22c69359c493365219fb9bb1221afe98efac5218c6e"
  },
  "closure": {
    "kind": "all_parent_poses_forbidden",
    "owner": 11,
    "step": 26
  },
  "collision_regions": 5979,
  "cover_backend": "indexed",
  "events": 230157,
  "excluded_orbits": 1,
  "excluded_states": 8,
  "frame": "n17-ring-3-voronoi-8-tabbed-unique",
  "mask": [
    0,
    1,
    2,
    4,
    5,
    6,
    7,
    9,
    10,
    11,
    12,
    13,
    16,
    17,
    18,
    19,
    21
  ],
  "node_sha256": "ec6ac70d574eea5deddb12eddb76019a6bc4bccd06273235713da845ab0a1381",
  "process_cpu_seconds": 104.127518,
  "producer_imported": false,
  "provenance": {
    "dirty": false,
    "files": {
      "packing/devtools/check_n17_subpattern.py": "cb34edb4f4afd6a4564547ecb72d9f839aaf70f6"
    },
    "revision": "65fc5dcbd7a025a50bc31ac7fb64ce65fe4aed37"
  },
  "rational_backend": {
    "library": "gmpy2",
    "mp": "GMP 6.3.0",
    "version": "2.3.1"
  },
  "rows_checked": 1728,
  "seed_sha256": "6faea90c24b780eb86d46d6a001d39a8a6d945163950802800a8be3d67c65739",
  "status": "PASS_SAVED_CLOSED",
  "steps_checked": 27,
  "wall_seconds": 104.96445916697849
}
