warning: The `UV_NATIVE_TLS` environment variable is deprecated and will be removed in a future release. Use `UV_SYSTEM_CERTS` instead.
{"round": 1, "step": 0, "cell": "corner-SW", "rows": 34, "live_rows": 2, "splits": 2, "producer": 0.1, "checker": 0.0, "seconds": 0.5}
{"round": 1, "step": 1, "cell": "corner-SE", "rows": 34, "live_rows": 2, "splits": 2, "producer": 0.1, "checker": 0.0, "seconds": 0.6}
{"round": 1, "step": 2, "cell": "corner-NW", "rows": 34, "live_rows": 2, "splits": 2, "producer": 0.1, "checker": 0.1, "seconds": 0.8}
{"round": 1, "step": 3, "cell": "corner-NE", "rows": 34, "live_rows": 2, "splits": 2, "producer": 0.1, "checker": 0.1, "seconds": 1.0}
{"round": 1, "step": 4, "cell": "side-S0", "rows": 34, "live_rows": 2, "splits": 2, "producer": 0.1, "checker": 0.1, "seconds": 1.2}
{"round": 1, "step": 5, "cell": "side-N0", "rows": 64, "live_rows": 5, "splits": 32, "producer": 7.0, "checker": 4.2, "seconds": 12.4}
{"round": 1, "step": 6, "cell": "side-W0", "rows": 34, "live_rows": 2, "splits": 2, "producer": 0.2, "checker": 0.1, "seconds": 12.7}
{"round": 1, "step": 7, "cell": "side-E0", "rows": 34, "live_rows": 2, "splits": 2, "producer": 0.2, "checker": 0.1, "seconds": 13.0}
{"round": 1, "step": 8, "cell": "side-S1", "rows": 64, "live_rows": 19, "splits": 32, "producer": 9.6, "checker": 6.2, "seconds": 28.7}
{"round": 1, "step": 9, "cell": "side-N1", "rows": 34, "live_rows": 2, "splits": 2, "producer": 0.3, "checker": 0.1, "seconds": 29.2}
{"round": 1, "step": 10, "cell": "side-E1", "rows": 34, "live_rows": 2, "splits": 2, "producer": 0.2, "checker": 0.1, "seconds": 29.5}
{"round": 1, "step": 11, "cell": "side-N2", "rows": 64, "live_rows": 9, "splits": 32, "producer": 7.3, "checker": 6.0, "seconds": 42.8}
{"round": 1, "step": 12, "cell": "side-W2", "rows": 62, "live_rows": 3, "splits": 30, "producer": 7.6, "checker": 6.3, "seconds": 56.7}
{"round": 1, "step": 13, "cell": "interior-W", "rows": 64, "live_rows": 4, "splits": 32, "producer": 11.5, "checker": 8.7, "seconds": 77.0}
{"round": 1, "step": 14, "cell": "interior-N", "rows": 64, "live_rows": 4, "splits": 32, "producer": 10.4, "checker": 8.2, "seconds": 95.6}
{"round": 1, "step": 15, "cell": "interior-E", "rows": 64, "live_rows": 3, "splits": 32, "producer": 11.1, "checker": 10.5, "seconds": 117.2}
{"round": 1, "worst": 0.422471, "extent": "1.9531e-03", "min_g_extent": 0.6246905329403489, "row_to_extent": 31.9974, "volume": "6.4338e-05", "live": 97, "splits": 240}
{"round": 2, "step": 16, "cell": "corner-SW", "rows": 36, "live_rows": 2, "splits": 2, "producer": 0.3, "checker": 0.2, "seconds": 117.7}
{"round": 2, "step": 17, "cell": "corner-SE", "rows": 36, "live_rows": 2, "splits": 2, "producer": 0.3, "checker": 0.2, "seconds": 118.2}
{"round": 2, "step": 18, "cell": "corner-NW", "rows": 36, "live_rows": 2, "splits": 2, "producer": 0.2, "checker": 0.2, "seconds": 118.7}
{"round": 2, "step": 19, "cell": "corner-NE", "rows": 36, "live_rows": 2, "splits": 2, "producer": 0.3, "checker": 0.3, "seconds": 119.4}
{"round": 2, "step": 20, "cell": "side-S0", "rows": 36, "live_rows": 2, "splits": 2, "producer": 0.5, "checker": 0.3, "seconds": 120.2}
{"round": 2, "step": 21, "cell": "side-N0", "rows": 69, "live_rows": 4, "splits": 5, "producer": 1.9, "checker": 2.1, "seconds": 124.3}
{"round": 2, "step": 22, "cell": "side-W0", "rows": 36, "live_rows": 2, "splits": 2, "producer": 0.4, "checker": 0.2, "seconds": 124.9}
{"round": 2, "step": 23, "cell": "side-E0", "rows": 36, "live_rows": 2, "splits": 2, "producer": 0.3, "checker": 0.2, "seconds": 125.5}
{"round": 2, "step": 24, "cell": "side-S1", "rows": 83, "live_rows": 10, "splits": 19, "producer": 8.8, "checker": 6.9, "seconds": 141.1}
{"round": 2, "step": 25, "cell": "side-N1", "rows": 36, "live_rows": 2, "splits": 2, "producer": 0.4, "checker": 0.3, "seconds": 141.8}
{"round": 2, "step": 26, "cell": "side-E1", "rows": 36, "live_rows": 2, "splits": 2, "producer": 0.4, "checker": 0.2, "seconds": 142.4}
{"round": 2, "step": 27, "cell": "side-N2", "rows": 73, "live_rows": 12, "splits": 9, "producer": 3.6, "checker": 2.7, "seconds": 148.7}
{"round": 2, "step": 28, "cell": "side-W2", "rows": 65, "live_rows": 4, "splits": 3, "producer": 1.4, "checker": 1.1, "seconds": 151.2}
{"round": 2, "step": 29, "cell": "interior-W", "rows": 68, "live_rows": 5, "splits": 4, "producer": 2.1, "checker": 1.9, "seconds": 155.2}
{"round": 2, "step": 30, "cell": "interior-N", "rows": 68, "live_rows": 5, "splits": 4, "producer": 1.9, "checker": 1.7, "seconds": 158.8}
{"round": 2, "step": 31, "cell": "interior-E", "rows": 67, "live_rows": 3, "splits": 3, "producer": 1.4, "checker": 1.3, "seconds": 161.6}
{"round": 2, "worst": 0.10677, "extent": "1.9531e-03", "min_g_extent": 0.9257444825813785, "row_to_extent": 15.9997, "volume": "2.4665e-05", "live": 93, "splits": 65}
{"round": 3, "step": 32, "cell": "corner-SW", "rows": 38, "live_rows": 2, "splits": 2, "producer": 0.4, "checker": 0.3, "seconds": 162.4}
{"round": 3, "step": 33, "cell": "corner-SE", "rows": 38, "live_rows": 2, "splits": 2, "producer": 0.5, "checker": 0.3, "seconds": 163.2}
{"round": 3, "step": 34, "cell": "corner-NW", "rows": 38, "live_rows": 2, "splits": 2, "producer": 0.4, "checker": 0.5, "seconds": 164.0}
{"round": 3, "step": 35, "cell": "corner-NE", "rows": 38, "live_rows": 2, "splits": 2, "producer": 0.5, "checker": 0.4, "seconds": 165.0}
{"round": 3, "step": 36, "cell": "side-S0", "rows": 38, "live_rows": 2, "splits": 2, "producer": 0.4, "checker": 0.4, "seconds": 165.8}
{"round": 3, "step": 37, "cell": "side-N0", "rows": 73, "live_rows": 6, "splits": 4, "producer": 2.0, "checker": 1.5, "seconds": 169.3}
{"round": 3, "step": 38, "cell": "side-W0", "rows": 38, "live_rows": 2, "splits": 2, "producer": 0.4, "checker": 0.3, "seconds": 170.0}
{"round": 3, "step": 39, "cell": "side-E0", "rows": 38, "live_rows": 2, "splits": 2, "producer": 0.4, "checker": 0.3, "seconds": 170.7}
{"round": 3, "step": 40, "cell": "side-S1", "rows": 93, "live_rows": 11, "splits": 10, "producer": 4.6, "checker": 3.7, "seconds": 179.0}
{"round": 3, "step": 41, "cell": "side-N1", "rows": 38, "live_rows": 2, "splits": 2, "producer": 0.4, "checker": 0.3, "seconds": 179.7}
{"round": 3, "step": 42, "cell": "side-E1", "rows": 38, "live_rows": 2, "splits": 2, "producer": 0.4, "checker": 0.3, "seconds": 180.4}
{"round": 3, "step": 43, "cell": "side-N2", "rows": 85, "live_rows": 16, "splits": 12, "producer": 4.7, "checker": 4.2, "seconds": 189.3}
{"round": 3, "step": 44, "cell": "side-W2", "rows": 69, "live_rows": 6, "splits": 4, "producer": 1.5, "checker": 1.2, "seconds": 192.1}
{"round": 3, "step": 45, "cell": "interior-W", "rows": 73, "live_rows": 6, "splits": 5, "producer": 2.2, "checker": 1.8, "seconds": 196.1}
{"round": 3, "step": 46, "cell": "interior-N", "rows": 73, "live_rows": 6, "splits": 5, "producer": 2.4, "checker": 1.8, "seconds": 200.3}
{"round": 3, "step": 47, "cell": "interior-E", "rows": 70, "live_rows": 4, "splits": 3, "producer": 1.3, "checker": 1.0, "seconds": 202.7}
{"round": 3, "worst": 0.074219, "extent": "1.9531e-03", "min_g_extent": 0.9797359973902182, "row_to_extent": 8.0, "volume": "1.3898e-05", "live": 105, "splits": 61}
{"round": 4, "step": 48, "cell": "corner-SW", "rows": 40, "live_rows": 3, "splits": 2, "producer": 0.8, "checker": 0.4, "seconds": 203.9}
{"round": 4, "step": 49, "cell": "corner-SE", "rows": 40, "live_rows": 3, "splits": 2, "producer": 0.5, "checker": 0.5, "seconds": 204.9}
{"round": 4, "step": 50, "cell": "corner-NW", "rows": 40, "live_rows": 3, "splits": 2, "producer": 0.6, "checker": 0.4, "seconds": 205.9}
{"round": 4, "step": 51, "cell": "corner-NE", "rows": 40, "live_rows": 3, "splits": 2, "producer": 0.6, "checker": 0.4, "seconds": 207.0}
{"round": 4, "step": 52, "cell": "side-S0", "rows": 40, "live_rows": 3, "splits": 2, "producer": 0.7, "checker": 0.4, "seconds": 208.2}
{"round": 4, "step": 53, "cell": "side-N0", "rows": 79, "live_rows": 11, "splits": 6, "producer": 2.9, "checker": 2.6, "seconds": 213.7}
{"round": 4, "step": 54, "cell": "side-W0", "rows": 40, "live_rows": 3, "splits": 2, "producer": 0.6, "checker": 0.5, "seconds": 214.8}
{"round": 4, "step": 55, "cell": "side-E0", "rows": 40, "live_rows": 3, "splits": 2, "producer": 0.7, "checker": 0.5, "seconds": 215.9}
{"round": 4, "step": 56, "cell": "side-S1", "rows": 104, "live_rows": 13, "splits": 11, "producer": 6.2, "checker": 4.8, "seconds": 226.8}
{"round": 4, "step": 57, "cell": "side-N1", "rows": 40, "live_rows": 3, "splits": 2, "producer": 0.7, "checker": 0.5, "seconds": 228.1}
{"round": 4, "step": 58, "cell": "side-E1", "rows": 40, "live_rows": 3, "splits": 2, "producer": 0.7, "checker": 0.5, "seconds": 229.2}
{"round": 4, "step": 59, "cell": "side-N2", "rows": 101, "live_rows": 23, "splits": 16, "producer": 7.4, "checker": 5.7, "seconds": 242.3}
{"round": 4, "step": 60, "cell": "side-W2", "rows": 75, "live_rows": 10, "splits": 6, "producer": 2.7, "checker": 2.5, "seconds": 247.6}
{"round": 4, "step": 61, "cell": "interior-W", "rows": 79, "live_rows": 8, "splits": 6, "producer": 3.4, "checker": 2.8, "seconds": 253.8}
{"round": 4, "step": 62, "cell": "interior-N", "rows": 79, "live_rows": 8, "splits": 6, "producer": 3.8, "checker": 2.7, "seconds": 260.3}
{"round": 4, "step": 63, "cell": "interior-E", "rows": 74, "live_rows": 5, "splits": 4, "producer": 2.3, "checker": 1.8, "seconds": 264.5}
{"round": 4, "worst": 0.054918, "extent": "1.9531e-03", "min_g_extent": 0.8134659771012593, "row_to_extent": 4.0, "volume": "8.7955e-06", "live": 137, "splits": 73}
{"round": 5, "step": 64, "cell": "corner-SW", "rows": 43, "live_rows": 3, "splits": 3, "producer": 1.3, "checker": 1.0, "seconds": 266.9}
{"round": 5, "step": 65, "cell": "corner-SE", "rows": 43, "live_rows": 4, "splits": 3, "producer": 1.3, "checker": 0.9, "seconds": 269.1}
{"round": 5, "step": 66, "cell": "corner-NW", "rows": 43, "live_rows": 5, "splits": 3, "producer": 1.2, "checker": 1.0, "seconds": 271.3}
{"round": 5, "step": 67, "cell": "corner-NE", "rows": 43, "live_rows": 5, "splits": 3, "producer": 1.2, "checker": 0.9, "seconds": 273.4}
{"round": 5, "step": 68, "cell": "side-S0", "rows": 43, "live_rows": 5, "splits": 3, "producer": 1.4, "checker": 1.0, "seconds": 275.8}
{"round": 5, "step": 69, "cell": "side-N0", "rows": 90, "live_rows": 18, "splits": 11, "producer": 6.8, "checker": 4.7, "seconds": 287.3}
{"round": 5, "step": 70, "cell": "side-W0", "rows": 43, "live_rows": 5, "splits": 3, "producer": 1.3, "checker": 1.3, "seconds": 289.8}
{"round": 5, "step": 71, "cell": "side-E0", "rows": 43, "live_rows": 5, "splits": 3, "producer": 1.2, "checker": 0.9, "seconds": 292.0}
{"round": 5, "step": 72, "cell": "side-S1", "rows": 117, "live_rows": 17, "splits": 13, "producer": 8.4, "checker": 7.5, "seconds": 307.9}
{"round": 5, "step": 73, "cell": "side-N1", "rows": 43, "live_rows": 5, "splits": 3, "producer": 1.6, "checker": 0.9, "seconds": 310.5}
{"round": 5, "step": 74, "cell": "side-E1", "rows": 43, "live_rows": 5, "splits": 3, "producer": 1.8, "checker": 0.9, "seconds": 313.2}
{"round": 5, "step": 75, "cell": "side-N2", "rows": 124, "live_rows": 35, "splits": 23, "producer": 13.2, "checker": 10.2, "seconds": 336.6}
{"round": 5, "step": 76, "cell": "side-W2", "rows": 85, "live_rows": 17, "splits": 10, "producer": 5.0, "checker": 4.0, "seconds": 345.7}
{"round": 5, "step": 77, "cell": "interior-W", "rows": 87, "live_rows": 12, "splits": 8, "producer": 6.0, "checker": 4.6, "seconds": 356.2}
{"round": 5, "step": 78, "cell": "interior-N", "rows": 87, "live_rows": 11, "splits": 8, "producer": 5.5, "checker": 3.6, "seconds": 365.4}
{"round": 5, "step": 79, "cell": "interior-E", "rows": 79, "live_rows": 7, "splits": 5, "producer": 3.6, "checker": 2.4, "seconds": 371.5}
{"round": 5, "worst": 0.043738, "extent": "1.9531e-03", "min_g_extent": 0.8459504665681846, "row_to_extent": 2.0, "volume": "5.3570e-06", "live": 191, "splits": 105}
{"round": 6, "step": 80, "cell": "corner-SW", "rows": 46, "live_rows": 6, "splits": 3, "producer": 1.5, "checker": 1.3, "seconds": 374.4}
{"round": 6, "step": 81, "cell": "corner-SE", "rows": 47, "live_rows": 7, "splits": 4, "producer": 2.0, "checker": 1.5, "seconds": 377.9}
{"round": 6, "step": 82, "cell": "corner-NW", "rows": 48, "live_rows": 8, "splits": 5, "producer": 2.4, "checker": 1.7, "seconds": 382.0}
{"round": 6, "step": 83, "cell": "corner-NE", "rows": 48, "live_rows": 8, "splits": 5, "producer": 2.0, "checker": 1.6, "seconds": 385.7}
{"round": 6, "step": 84, "cell": "side-S0", "rows": 48, "live_rows": 8, "splits": 5, "producer": 2.6, "checker": 2.0, "seconds": 390.3}
{"round": 6, "step": 85, "cell": "side-N0", "rows": 108, "live_rows": 31, "splits": 18, "producer": 12.8, "checker": 9.4, "seconds": 412.6}
{"round": 6, "step": 86, "cell": "side-W0", "rows": 48, "live_rows": 8, "splits": 5, "producer": 2.3, "checker": 2.2, "seconds": 417.1}
{"round": 6, "step": 87, "cell": "side-E0", "rows": 48, "live_rows": 8, "splits": 5, "producer": 2.5, "checker": 1.8, "seconds": 421.4}
{"round": 6, "step": 88, "cell": "side-S1", "rows": 134, "live_rows": 28, "splits": 17, "producer": 13.5, "checker": 11.5, "seconds": 446.5}
{"round": 6, "step": 89, "cell": "side-N1", "rows": 48, "live_rows": 8, "splits": 5, "producer": 2.8, "checker": 1.8, "seconds": 451.1}
{"round": 6, "step": 90, "cell": "side-E1", "rows": 48, "live_rows": 8, "splits": 5, "producer": 2.4, "checker": 1.7, "seconds": 455.2}
{"round": 6, "step": 91, "cell": "side-N2", "rows": 159, "live_rows": 60, "splits": 35, "producer": 23.6, "checker": 18.1, "seconds": 497.0}
{"round": 6, "step": 92, "cell": "side-W2", "rows": 102, "live_rows": 31, "splits": 17, "producer": 10.4, "checker": 7.7, "seconds": 515.1}
{"round": 6, "step": 93, "cell": "interior-W", "rows": 99, "live_rows": 18, "splits": 12, "producer": 9.5, "checker": 7.6, "seconds": 532.2}
{"round": 6, "step": 94, "cell": "interior-N", "rows": 98, "live_rows": 17, "splits": 11, "producer": 9.0, "checker": 6.2, "seconds": 547.4}
{"round": 6, "step": 95, "cell": "interior-E", "rows": 86, "live_rows": 11, "splits": 7, "producer": 5.2, "checker": 4.1, "seconds": 556.7}
{"round": 6, "worst": 0.03976, "extent": "1.9531e-03", "min_g_extent": 0.9084200268590864, "row_to_extent": 1.0, "volume": "3.6072e-06", "live": 297, "splits": 159}
{"round": 7, "step": 96, "cell": "corner-SW", "rows": 52, "live_rows": 12, "splits": 6, "producer": 3.8, "checker": 3.0, "seconds": 563.9}
{"round": 7, "step": 97, "cell": "corner-SE", "rows": 54, "live_rows": 13, "splits": 7, "producer": 4.1, "checker": 3.1, "seconds": 571.2}
{"round": 7, "step": 98, "cell": "corner-NW", "rows": 56, "live_rows": 14, "splits": 8, "producer": 5.1, "checker": 3.9, "seconds": 580.2}
{"round": 7, "step": 99, "cell": "corner-NE", "rows": 56, "live_rows": 14, "splits": 8, "producer": 4.4, "checker": 3.6, "seconds": 588.2}
{"round": 7, "step": 100, "cell": "side-S0", "rows": 56, "live_rows": 14, "splits": 8, "producer": 5.8, "checker": 4.3, "seconds": 598.4}
{"round": 7, "step": 101, "cell": "side-N0", "rows": 139, "live_rows": 54, "splits": 31, "producer": 26.4, "checker": 19.6, "seconds": 644.5}
{"round": 7, "step": 102, "cell": "side-W0", "rows": 56, "live_rows": 14, "splits": 8, "producer": 5.0, "checker": 3.6, "seconds": 653.0}
{"round": 7, "step": 103, "cell": "side-E0", "rows": 56, "live_rows": 14, "splits": 8, "producer": 5.3, "checker": 3.7, "seconds": 662.1}
{"round": 7, "step": 104, "cell": "side-S1", "rows": 162, "live_rows": 44, "splits": 28, "producer": 24.6, "checker": 19.2, "seconds": 705.8}
{"round": 7, "step": 105, "cell": "side-N1", "rows": 56, "live_rows": 14, "splits": 8, "producer": 7.9, "checker": 4.4, "seconds": 718.2}
{"round": 7, "step": 106, "cell": "side-E1", "rows": 56, "live_rows": 14, "splits": 8, "producer": 4.3, "checker": 3.0, "seconds": 725.5}
{"round": 7, "step": 107, "cell": "side-N2", "rows": 219, "live_rows": 107, "splits": 60, "producer": 50.1, "checker": 40.1, "seconds": 815.8}
{"round": 7, "step": 108, "cell": "side-W2", "rows": 133, "live_rows": 58, "splits": 31, "producer": 24.2, "checker": 15.6, "seconds": 855.7}
{"round": 7, "step": 109, "cell": "interior-W", "rows": 117, "live_rows": 29, "splits": 18, "producer": 15.7, "checker": 11.8, "seconds": 883.2}
{"round": 7, "step": 110, "cell": "interior-N", "rows": 115, "live_rows": 24, "splits": 17, "producer": 16.9, "checker": 13.5, "seconds": 913.6}
{"round": 7, "step": 111, "cell": "interior-E", "rows": 97, "live_rows": 17, "splits": 11, "producer": 12.2, "checker": 8.3, "seconds": 934.2}
{"round": 7, "worst": 0.036979, "extent": "1.9531e-03", "min_g_extent": 0.9259136983771721, "row_to_extent": 0.5, "volume": "2.4660e-06", "live": 488, "splits": 265}
{"round": 8, "step": 112, "cell": "corner-SW", "rows": 64, "live_rows": 24, "splits": 12, "producer": 9.8, "checker": 8.5, "seconds": 953.1}
{"round": 8, "step": 113, "cell": "corner-SE", "rows": 67, "live_rows": 25, "splits": 13, "producer": 13.5, "checker": 7.8, "seconds": 974.4}
{"round": 8, "step": 114, "cell": "corner-NW", "rows": 70, "live_rows": 26, "splits": 14, "producer": 12.6, "checker": 7.8, "seconds": 994.9}
{"round": 8, "step": 115, "cell": "corner-NE", "rows": 70, "live_rows": 26, "splits": 14, "producer": 10.0, "checker": 7.7, "seconds": 1012.6}
{"round": 8, "step": 116, "cell": "side-S0", "rows": 70, "live_rows": 26, "splits": 14, "producer": 13.8, "checker": 10.6, "seconds": 1037.0}
{"round": 8, "step": 117, "cell": "side-N0", "rows": 193, "live_rows": 97, "splits": 54, "producer": 71.2, "checker": 52.5, "seconds": 1160.8}
{"round": 8, "step": 118, "cell": "side-W0", "rows": 70, "live_rows": 26, "splits": 14, "producer": 15.1, "checker": 10.7, "seconds": 1186.7}
{"round": 8, "step": 119, "cell": "side-E0", "rows": 70, "live_rows": 26, "splits": 14, "producer": 14.3, "checker": 11.5, "seconds": 1212.6}
{"round": 8, "step": 120, "cell": "side-S1", "rows": 206, "live_rows": 72, "splits": 44, "producer": 81.8, "checker": 62.4, "seconds": 1356.9}
{"round": 8, "step": 121, "cell": "side-N1", "rows": 70, "live_rows": 26, "splits": 14, "producer": 30.5, "checker": 16.8, "seconds": 1404.2}
{"round": 8, "step": 122, "cell": "side-E1", "rows": 70, "live_rows": 26, "splits": 14, "producer": 18.6, "checker": 15.0, "seconds": 1437.9}
{"round": 8, "step": 123, "cell": "side-N2", "rows": 240, "live_rows": 118, "splits": 21, "producer": 121.5, "checker": 84.5, "seconds": 1644.0}
{"round": 8, "step": 124, "cell": "side-W2", "rows": 191, "live_rows": 112, "splits": 58, "producer": 103.3, "checker": 79.0, "seconds": 1826.4}
{"round": 8, "step": 125, "cell": "interior-W", "rows": 146, "live_rows": 50, "splits": 29, "producer": 75.2, "checker": 52.4, "seconds": 1954.1}
{"round": 8, "step": 126, "cell": "interior-N", "rows": 139, "live_rows": 42, "splits": 24, "producer": 71.1, "checker": 41.7, "seconds": 2066.9}
{"round": 8, "step": 127, "cell": "interior-E", "rows": 114, "live_rows": 30, "splits": 17, "producer": 44.7, "checker": 27.6, "seconds": 2139.3}
{"round": 8, "worst": 0.035789, "extent": "1.9531e-03", "min_g_extent": 0.9387388937229844, "row_to_extent": 0.25, "volume": "1.8612e-06", "live": 784, "splits": 370}
{"round": 9, "step": 128, "cell": "corner-SW", "rows": 88, "live_rows": 48, "splits": 24, "producer": 36.0, "checker": 26.7, "seconds": 2204.2}
{"round": 9, "step": 129, "cell": "corner-SE", "rows": 92, "live_rows": 49, "splits": 25, "producer": 37.1, "checker": 25.7, "seconds": 2267.1}
{"round": 9, "step": 130, "cell": "corner-NW", "rows": 96, "live_rows": 50, "splits": 26, "producer": 31.7, "checker": 23.8, "seconds": 2322.7}
{"round": 9, "step": 131, "cell": "corner-NE", "rows": 96, "live_rows": 50, "splits": 26, "producer": 27.3, "checker": 22.8, "seconds": 2372.9}
{"round": 9, "step": 132, "cell": "side-S0", "rows": 96, "live_rows": 50, "splits": 26, "producer": 45.8, "checker": 32.4, "seconds": 2451.3}
{"round": 9, "step": 133, "cell": "side-N0", "rows": 224, "live_rows": 119, "splits": 31, "producer": 156.4, "checker": 98.3, "seconds": 2706.0}
{"round": 9, "step": 134, "cell": "side-W0", "rows": 96, "live_rows": 50, "splits": 26, "producer": 36.0, "checker": 25.6, "seconds": 2767.8}
{"round": 9, "step": 135, "cell": "side-E0", "rows": 96, "live_rows": 50, "splits": 26, "producer": 36.2, "checker": 25.1, "seconds": 2829.2}
{"round": 9, "step": 136, "cell": "side-S1", "rows": 262, "live_rows": 113, "splits": 56, "producer": 147.4, "checker": 103.1, "seconds": 3079.7}
{"round": 9, "step": 137, "cell": "side-N1", "rows": 96, "live_rows": 50, "splits": 26, "producer": 61.1, "checker": 32.3, "seconds": 3173.2}
{"round": 9, "step": 138, "cell": "side-E1", "rows": 96, "live_rows": 50, "splits": 26, "producer": 46.2, "checker": 29.3, "seconds": 3248.7}
{"round": 9, "step": 139, "cell": "side-N2", "rows": 250, "live_rows": 106, "splits": 10, "producer": 131.4, "checker": 90.6, "seconds": 3470.8}
{"round": 9, "step": 140, "cell": "side-W2", "rows": 207, "live_rows": 121, "splits": 16, "producer": 106.7, "checker": 70.1, "seconds": 3647.7}
{"round": 9, "step": 141, "cell": "interior-W", "rows": 196, "live_rows": 93, "splits": 50, "producer": 101.0, "checker": 52.8, "seconds": 3801.6}
{"round": 9, "step": 142, "cell": "interior-N", "rows": 181, "live_rows": 77, "splits": 42, "producer": 58.7, "checker": 34.8, "seconds": 3895.1}
{"round": 9, "step": 143, "cell": "interior-E", "rows": 144, "live_rows": 56, "splits": 30, "producer": 47.2, "checker": 27.3, "seconds": 3969.6}
{"round": 9, "worst": 0.032222, "extent": "1.9531e-03", "min_g_extent": 0.946056033797898, "row_to_extent": 0.202, "volume": "1.5810e-06", "live": 1164, "splits": 466}
{"round": 10, "step": 144, "cell": "corner-SW", "rows": 136, "live_rows": 96, "splits": 48, "producer": 45.4, "checker": 28.1, "seconds": 4044.5}
{"round": 10, "step": 145, "cell": "corner-SE", "rows": 141, "live_rows": 97, "splits": 49, "producer": 39.3, "checker": 26.3, "seconds": 4110.1}
{"round": 10, "step": 146, "cell": "corner-NW", "rows": 146, "live_rows": 98, "splits": 50, "producer": 32.6, "checker": 23.8, "seconds": 4166.4}
{"round": 10, "step": 147, "cell": "corner-NE", "rows": 146, "live_rows": 98, "splits": 50, "producer": 30.5, "checker": 24.6, "seconds": 4221.5}
{"round": 10, "step": 148, "cell": "side-S0", "rows": 146, "live_rows": 97, "splits": 50, "producer": 65.8, "checker": 40.4, "seconds": 4327.7}
{"round": 10, "step": 149, "cell": "side-N0", "rows": 233, "live_rows": 115, "splits": 9, "producer": 100.7, "checker": 63.4, "seconds": 4491.7}
{"round": 10, "step": 150, "cell": "side-W0", "rows": 146, "live_rows": 98, "splits": 50, "producer": 53.0, "checker": 37.7, "seconds": 4582.4}
{"round": 10, "step": 151, "cell": "side-E0", "rows": 146, "live_rows": 98, "splits": 50, "producer": 55.4, "checker": 34.6, "seconds": 4672.5}
{"round": 10, "step": 152, "cell": "side-S1", "rows": 277, "live_rows": 114, "splits": 15, "producer": 116.4, "checker": 73.2, "seconds": 4862.1}
{"round": 10, "step": 153, "cell": "side-N1", "rows": 146, "live_rows": 98, "splits": 50, "producer": 81.0, "checker": 42.6, "seconds": 4985.7}
{"round": 10, "step": 154, "cell": "side-E1", "rows": 146, "live_rows": 98, "splits": 50, "producer": 66.1, "checker": 38.2, "seconds": 5090.1}
{"round": 10, "step": 155, "cell": "side-N2", "rows": 272, "live_rows": 119, "splits": 22, "producer": 95.4, "checker": 55.9, "seconds": 5241.4}
{"round": 10, "step": 156, "cell": "side-W2", "rows": 214, "live_rows": 121, "splits": 7, "producer": 73.4, "checker": 44.6, "seconds": 5359.5}
{"round": 10, "step": 157, "cell": "interior-W", "rows": 231, "live_rows": 122, "splits": 35, "producer": 94.9, "checker": 63.9, "seconds": 5518.3}
{"round": 10, "step": 158, "cell": "interior-N", "rows": 232, "live_rows": 121, "splits": 51, "producer": 113.8, "checker": 63.6, "seconds": 5695.7}
{"round": 10, "step": 159, "cell": "interior-E", "rows": 200, "live_rows": 106, "splits": 56, "producer": 126.6, "checker": 67.7, "seconds": 5890.0}
{"round": 10, "worst": 0.03044, "extent": "1.9531e-03", "min_g_extent": 0.9633291368055924, "row_to_extent": 0.2012, "volume": "1.4528e-06", "live": 1728, "splits": 642}
{"round": 11, "step": 160, "cell": "corner-SW", "rows": 168, "live_rows": 125, "splits": 32, "producer": 87.3, "checker": 44.3, "seconds": 6024.0}
{"round": 11, "step": 161, "cell": "corner-SE", "rows": 172, "live_rows": 128, "splits": 31, "producer": 63.7, "checker": 40.7, "seconds": 6128.4}
{"round": 11, "step": 162, "cell": "corner-NW", "rows": 176, "live_rows": 128, "splits": 30, "producer": 42.6, "checker": 34.4, "seconds": 6205.5}
{"round": 11, "step": 163, "cell": "corner-NE", "rows": 176, "live_rows": 128, "splits": 30, "producer": 43.6, "checker": 33.4, "seconds": 6282.5}
{"round": 11, "step": 164, "cell": "side-S0", "rows": 177, "live_rows": 125, "splits": 31, "producer": 101.8, "checker": 60.3, "seconds": 6444.7}
