warning: The `UV_NATIVE_TLS` environment variable is deprecated and will be removed in a future release. Use `UV_SYSTEM_CERTS` instead.
{"round": 1, "step": 0, "cell": "corner-SW", "rows": 34, "live_rows": 2, "splits": 2, "producer": 0.1, "checker": 0.0, "seconds": 0.4}
{"round": 1, "step": 1, "cell": "corner-SE", "rows": 34, "live_rows": 2, "splits": 2, "producer": 0.1, "checker": 0.0, "seconds": 0.6}
{"round": 1, "step": 2, "cell": "corner-NW", "rows": 34, "live_rows": 2, "splits": 2, "producer": 0.1, "checker": 0.1, "seconds": 0.8}
{"round": 1, "step": 3, "cell": "corner-NE", "rows": 34, "live_rows": 2, "splits": 2, "producer": 0.1, "checker": 0.1, "seconds": 0.9}
{"round": 1, "step": 4, "cell": "side-S0", "rows": 34, "live_rows": 2, "splits": 2, "producer": 0.1, "checker": 0.1, "seconds": 1.1}
{"round": 1, "step": 5, "cell": "side-N0", "rows": 64, "live_rows": 5, "splits": 32, "producer": 6.1, "checker": 3.6, "seconds": 10.8}
{"round": 1, "step": 6, "cell": "side-W0", "rows": 34, "live_rows": 2, "splits": 2, "producer": 0.2, "checker": 0.1, "seconds": 11.0}
{"round": 1, "step": 7, "cell": "side-E0", "rows": 34, "live_rows": 2, "splits": 2, "producer": 0.3, "checker": 0.1, "seconds": 11.4}
{"round": 1, "step": 8, "cell": "side-S1", "rows": 64, "live_rows": 19, "splits": 32, "producer": 8.1, "checker": 5.8, "seconds": 25.3}
{"round": 1, "step": 9, "cell": "side-N1", "rows": 34, "live_rows": 2, "splits": 2, "producer": 0.2, "checker": 0.1, "seconds": 25.6}
{"round": 1, "step": 10, "cell": "side-E1", "rows": 34, "live_rows": 2, "splits": 2, "producer": 0.2, "checker": 0.1, "seconds": 25.9}
{"round": 1, "step": 11, "cell": "side-N2", "rows": 64, "live_rows": 9, "splits": 32, "producer": 6.6, "checker": 5.0, "seconds": 37.5}
{"round": 1, "step": 12, "cell": "side-W2", "rows": 62, "live_rows": 3, "splits": 30, "producer": 6.3, "checker": 5.5, "seconds": 49.3}
{"round": 1, "step": 13, "cell": "interior-W", "rows": 64, "live_rows": 4, "splits": 32, "producer": 11.2, "checker": 8.2, "seconds": 68.7}
{"round": 1, "step": 14, "cell": "interior-N", "rows": 64, "live_rows": 4, "splits": 32, "producer": 9.7, "checker": 7.1, "seconds": 85.6}
{"round": 1, "step": 15, "cell": "interior-E", "rows": 64, "live_rows": 3, "splits": 32, "producer": 8.5, "checker": 6.9, "seconds": 100.9}
{"round": 1, "worst": 0.422471, "extent": "1.9531e-03", "min_g_extent": 0.6246905329403489, "row_to_extent": 31.9974, "volume": "6.4338e-05", "live": 97, "splits": 240}
{"round": 2, "step": 16, "cell": "corner-SW", "rows": 36, "live_rows": 2, "splits": 2, "producer": 0.2, "checker": 0.2, "seconds": 101.3}
{"round": 2, "step": 17, "cell": "corner-SE", "rows": 36, "live_rows": 2, "splits": 2, "producer": 0.2, "checker": 0.2, "seconds": 101.7}
{"round": 2, "step": 18, "cell": "corner-NW", "rows": 36, "live_rows": 2, "splits": 2, "producer": 0.2, "checker": 0.2, "seconds": 102.1}
{"round": 2, "step": 19, "cell": "corner-NE", "rows": 36, "live_rows": 2, "splits": 2, "producer": 0.2, "checker": 0.2, "seconds": 102.6}
{"round": 2, "step": 20, "cell": "side-S0", "rows": 36, "live_rows": 2, "splits": 2, "producer": 0.4, "checker": 0.2, "seconds": 103.2}
{"round": 2, "step": 21, "cell": "side-N0", "rows": 69, "live_rows": 4, "splits": 5, "producer": 1.4, "checker": 1.1, "seconds": 105.7}
{"round": 2, "step": 22, "cell": "side-W0", "rows": 36, "live_rows": 2, "splits": 2, "producer": 0.3, "checker": 0.2, "seconds": 106.2}
{"round": 2, "step": 23, "cell": "side-E0", "rows": 36, "live_rows": 2, "splits": 2, "producer": 0.2, "checker": 0.2, "seconds": 106.6}
{"round": 2, "step": 24, "cell": "side-S1", "rows": 83, "live_rows": 10, "splits": 19, "producer": 6.2, "checker": 4.9, "seconds": 117.7}
{"round": 2, "step": 25, "cell": "side-N1", "rows": 36, "live_rows": 2, "splits": 2, "producer": 0.3, "checker": 0.2, "seconds": 118.2}
{"round": 2, "step": 26, "cell": "side-E1", "rows": 36, "live_rows": 2, "splits": 2, "producer": 0.3, "checker": 0.2, "seconds": 118.7}
{"round": 2, "step": 27, "cell": "side-N2", "rows": 73, "live_rows": 12, "splits": 9, "producer": 2.5, "checker": 1.9, "seconds": 123.1}
{"round": 2, "step": 28, "cell": "side-W2", "rows": 65, "live_rows": 4, "splits": 3, "producer": 0.9, "checker": 0.7, "seconds": 124.6}
{"round": 2, "step": 29, "cell": "interior-W", "rows": 68, "live_rows": 5, "splits": 4, "producer": 1.3, "checker": 1.1, "seconds": 127.1}
{"round": 2, "step": 30, "cell": "interior-N", "rows": 68, "live_rows": 5, "splits": 4, "producer": 1.2, "checker": 1.0, "seconds": 129.4}
{"round": 2, "step": 31, "cell": "interior-E", "rows": 67, "live_rows": 3, "splits": 3, "producer": 1.1, "checker": 0.8, "seconds": 131.3}
{"round": 2, "worst": 0.10677, "extent": "1.9531e-03", "min_g_extent": 0.9257444825813785, "row_to_extent": 15.9997, "volume": "2.4665e-05", "live": 93, "splits": 65}
{"round": 3, "step": 32, "cell": "corner-SW", "rows": 38, "live_rows": 2, "splits": 2, "producer": 0.2, "checker": 0.2, "seconds": 131.8}
{"round": 3, "step": 33, "cell": "corner-SE", "rows": 38, "live_rows": 2, "splits": 2, "producer": 0.2, "checker": 0.2, "seconds": 132.3}
{"round": 3, "step": 34, "cell": "corner-NW", "rows": 38, "live_rows": 2, "splits": 2, "producer": 0.3, "checker": 0.2, "seconds": 132.8}
{"round": 3, "step": 35, "cell": "corner-NE", "rows": 38, "live_rows": 2, "splits": 2, "producer": 0.3, "checker": 0.2, "seconds": 133.3}
{"round": 3, "step": 36, "cell": "side-S0", "rows": 38, "live_rows": 2, "splits": 2, "producer": 0.3, "checker": 0.2, "seconds": 133.8}
{"round": 3, "step": 37, "cell": "side-N0", "rows": 73, "live_rows": 6, "splits": 4, "producer": 1.4, "checker": 1.1, "seconds": 136.3}
{"round": 3, "step": 38, "cell": "side-W0", "rows": 38, "live_rows": 2, "splits": 2, "producer": 0.3, "checker": 0.2, "seconds": 136.8}
{"round": 3, "step": 39, "cell": "side-E0", "rows": 38, "live_rows": 2, "splits": 2, "producer": 0.3, "checker": 0.2, "seconds": 137.4}
{"round": 3, "step": 40, "cell": "side-S1", "rows": 93, "live_rows": 11, "splits": 10, "producer": 3.9, "checker": 3.2, "seconds": 144.5}
{"round": 3, "step": 41, "cell": "side-N1", "rows": 38, "live_rows": 2, "splits": 2, "producer": 0.4, "checker": 0.2, "seconds": 145.2}
{"round": 3, "step": 42, "cell": "side-E1", "rows": 38, "live_rows": 2, "splits": 2, "producer": 0.3, "checker": 0.2, "seconds": 145.7}
{"round": 3, "step": 43, "cell": "side-N2", "rows": 85, "live_rows": 16, "splits": 12, "producer": 4.0, "checker": 3.2, "seconds": 152.8}
{"round": 3, "step": 44, "cell": "side-W2", "rows": 69, "live_rows": 6, "splits": 4, "producer": 1.3, "checker": 1.1, "seconds": 155.2}
{"round": 3, "step": 45, "cell": "interior-W", "rows": 73, "live_rows": 6, "splits": 5, "producer": 1.9, "checker": 1.5, "seconds": 158.7}
{"round": 3, "step": 46, "cell": "interior-N", "rows": 73, "live_rows": 6, "splits": 5, "producer": 1.8, "checker": 1.4, "seconds": 161.9}
{"round": 3, "step": 47, "cell": "interior-E", "rows": 70, "live_rows": 4, "splits": 3, "producer": 1.2, "checker": 0.9, "seconds": 164.0}
{"round": 3, "worst": 0.074219, "extent": "1.9531e-03", "min_g_extent": 0.9797359973902182, "row_to_extent": 8.0, "volume": "1.3898e-05", "live": 105, "splits": 61}
{"round": 4, "step": 48, "cell": "corner-SW", "rows": 40, "live_rows": 3, "splits": 2, "producer": 0.5, "checker": 0.3, "seconds": 164.8}
{"round": 4, "step": 49, "cell": "corner-SE", "rows": 40, "live_rows": 3, "splits": 2, "producer": 0.4, "checker": 0.4, "seconds": 165.7}
{"round": 4, "step": 50, "cell": "corner-NW", "rows": 40, "live_rows": 3, "splits": 2, "producer": 0.4, "checker": 0.4, "seconds": 166.5}
{"round": 4, "step": 51, "cell": "corner-NE", "rows": 40, "live_rows": 3, "splits": 2, "producer": 0.4, "checker": 0.4, "seconds": 167.3}
{"round": 4, "step": 52, "cell": "side-S0", "rows": 40, "live_rows": 3, "splits": 2, "producer": 0.6, "checker": 0.4, "seconds": 168.2}
{"round": 4, "step": 53, "cell": "side-N0", "rows": 79, "live_rows": 11, "splits": 6, "producer": 2.5, "checker": 2.0, "seconds": 172.6}
{"round": 4, "step": 54, "cell": "side-W0", "rows": 40, "live_rows": 3, "splits": 2, "producer": 0.5, "checker": 0.4, "seconds": 173.5}
{"round": 4, "step": 55, "cell": "side-E0", "rows": 40, "live_rows": 3, "splits": 2, "producer": 0.6, "checker": 0.4, "seconds": 174.6}
{"round": 4, "step": 56, "cell": "side-S1", "rows": 104, "live_rows": 13, "splits": 11, "producer": 5.1, "checker": 4.1, "seconds": 183.7}
{"round": 4, "step": 57, "cell": "side-N1", "rows": 40, "live_rows": 3, "splits": 2, "producer": 0.6, "checker": 0.4, "seconds": 184.7}
{"round": 4, "step": 58, "cell": "side-E1", "rows": 40, "live_rows": 3, "splits": 2, "producer": 0.5, "checker": 0.4, "seconds": 185.6}
{"round": 4, "step": 59, "cell": "side-N2", "rows": 101, "live_rows": 23, "splits": 16, "producer": 6.2, "checker": 4.8, "seconds": 196.6}
{"round": 4, "step": 60, "cell": "side-W2", "rows": 75, "live_rows": 10, "splits": 6, "producer": 2.2, "checker": 1.8, "seconds": 200.6}
{"round": 4, "step": 61, "cell": "interior-W", "rows": 79, "live_rows": 8, "splits": 6, "producer": 2.7, "checker": 2.3, "seconds": 205.5}
{"round": 4, "step": 62, "cell": "interior-N", "rows": 79, "live_rows": 8, "splits": 6, "producer": 2.7, "checker": 2.1, "seconds": 210.3}
{"round": 4, "step": 63, "cell": "interior-E", "rows": 74, "live_rows": 5, "splits": 4, "producer": 1.9, "checker": 1.5, "seconds": 213.7}
{"round": 4, "worst": 0.054918, "extent": "1.9531e-03", "min_g_extent": 0.8134659771012593, "row_to_extent": 4.0, "volume": "8.7955e-06", "live": 137, "splits": 73}
{"round": 5, "step": 64, "cell": "corner-SW", "rows": 43, "live_rows": 3, "splits": 3, "producer": 0.9, "checker": 0.8, "seconds": 215.5}
{"round": 5, "step": 65, "cell": "corner-SE", "rows": 43, "live_rows": 4, "splits": 3, "producer": 0.9, "checker": 0.8, "seconds": 217.2}
{"round": 5, "step": 66, "cell": "corner-NW", "rows": 43, "live_rows": 5, "splits": 3, "producer": 1.0, "checker": 0.8, "seconds": 218.9}
{"round": 5, "step": 67, "cell": "corner-NE", "rows": 43, "live_rows": 5, "splits": 3, "producer": 1.0, "checker": 0.7, "seconds": 220.7}
{"round": 5, "step": 68, "cell": "side-S0", "rows": 43, "live_rows": 5, "splits": 3, "producer": 1.0, "checker": 0.8, "seconds": 222.6}
{"round": 5, "step": 69, "cell": "side-N0", "rows": 90, "live_rows": 18, "splits": 11, "producer": 5.3, "checker": 4.0, "seconds": 231.8}
{"round": 5, "step": 70, "cell": "side-W0", "rows": 43, "live_rows": 5, "splits": 3, "producer": 1.0, "checker": 0.8, "seconds": 233.6}
{"round": 5, "step": 71, "cell": "side-E0", "rows": 43, "live_rows": 5, "splits": 3, "producer": 1.0, "checker": 0.8, "seconds": 235.5}
{"round": 5, "step": 72, "cell": "side-S1", "rows": 117, "live_rows": 17, "splits": 13, "producer": 7.1, "checker": 5.8, "seconds": 248.5}
{"round": 5, "step": 73, "cell": "side-N1", "rows": 43, "live_rows": 5, "splits": 3, "producer": 1.2, "checker": 0.8, "seconds": 250.5}
{"round": 5, "step": 74, "cell": "side-E1", "rows": 43, "live_rows": 5, "splits": 3, "producer": 1.0, "checker": 0.8, "seconds": 252.4}
{"round": 5, "step": 75, "cell": "side-N2", "rows": 124, "live_rows": 35, "splits": 23, "producer": 10.9, "checker": 8.1, "seconds": 271.4}
{"round": 5, "step": 76, "cell": "side-W2", "rows": 85, "live_rows": 17, "splits": 10, "producer": 4.1, "checker": 3.2, "seconds": 278.7}
{"round": 5, "step": 77, "cell": "interior-W", "rows": 87, "live_rows": 12, "splits": 8, "producer": 4.4, "checker": 3.6, "seconds": 286.8}
{"round": 5, "step": 78, "cell": "interior-N", "rows": 87, "live_rows": 11, "splits": 8, "producer": 4.4, "checker": 3.3, "seconds": 294.5}
{"round": 5, "step": 79, "cell": "interior-E", "rows": 79, "live_rows": 7, "splits": 5, "producer": 2.7, "checker": 2.0, "seconds": 299.3}
{"round": 5, "worst": 0.043738, "extent": "1.9531e-03", "min_g_extent": 0.8459504665681846, "row_to_extent": 2.0, "volume": "5.3570e-06", "live": 191, "splits": 105}
