font-loading (webkit)	Render the page and check mobile font loading	﻿2026-09-08T22:07:21.1128073Z ##[group]Run uv run --frozen --group dev python -m devtools.render_explainer
font-loading (webkit)	Render the page and check mobile font loading	2026-09-08T22:07:21.1128672Z ^[[36;1muv run --frozen --group dev python -m devtools.render_explainer^[[0m
font-loading (webkit)	Render the page and check mobile font loading	2026-09-08T22:07:21.1129266Z ^[[36;1muv run --frozen --group dev python -m devtools.check_math_loading --browser webkit --width 390^[[0m
font-loading (webkit)	Render the page and check mobile font loading	2026-09-08T22:07:21.1168417Z shell: /usr/bin/bash -e {0}
font-loading (webkit)	Render the page and check mobile font loading	2026-09-08T22:07:21.1168709Z env:
font-loading (webkit)	Render the page and check mobile font loading	2026-09-08T22:07:21.1169013Z   UV_PYTHON_INSTALL_DIR: /home/runner/work/_temp/uv-python-dir
font-loading (webkit)	Render the page and check mobile font loading	2026-09-08T22:07:21.1169378Z   UV_PYTHON: 3.14.7
font-loading (webkit)	Render the page and check mobile font loading	2026-09-08T22:07:21.1169674Z   UV_CACHE_DIR: /home/runner/work/_temp/setup-uv-cache
font-loading (webkit)	Render the page and check mobile font loading	2026-09-08T22:07:21.1170001Z ##[endgroup]
font-loading (webkit)	Render the page and check mobile font loading	2026-09-08T22:07:25.0050803Z wrote packing/site/index.html (1898 KB)
font-loading (webkit)	Render the page and check mobile font loading	2026-09-08T22:07:25.0051686Z wrote packing/site/t-018-explainer.md (29 KB)
font-loading (webkit)	Render the page and check mobile font loading	2026-09-08T22:07:37.2480864Z {
font-loading (webkit)	Render the page and check mobile font loading	2026-09-08T22:07:37.2481601Z   "held_loads": 634,
font-loading (webkit)	Render the page and check mobile font loading	2026-09-08T22:07:37.2481982Z   "sliders": 4,
font-loading (webkit)	Render the page and check mobile font loading	2026-09-08T22:07:37.2482301Z   "early_targets": [
font-loading (webkit)	Render the page and check mobile font loading	2026-09-08T22:07:37.2482616Z     {
font-loading (webkit)	Render the page and check mobile font loading	2026-09-08T22:07:37.2483030Z       "id": "kslider-19-5",
font-loading (webkit)	Render the page and check mobile font loading	2026-09-08T22:07:37.2483379Z       "value": "1"
font-loading (webkit)	Render the page and check mobile font loading	2026-09-08T22:07:37.2483679Z     },
font-loading (webkit)	Render the page and check mobile font loading	2026-09-08T22:07:37.2483939Z     {
font-loading (webkit)	Render the page and check mobile font loading	2026-09-08T22:07:37.2484217Z       "id": "kslider-381-100",
font-loading (webkit)	Render the page and check mobile font loading	2026-09-08T22:07:37.2484571Z       "value": "2"
font-loading (webkit)	Render the page and check mobile font loading	2026-09-08T22:07:37.2484855Z     },
font-loading (webkit)	Render the page and check mobile font loading	2026-09-08T22:07:37.2485110Z     {
font-loading (webkit)	Render the page and check mobile font loading	2026-09-08T22:07:37.2485381Z       "id": "phi-19-5",
font-loading (webkit)	Render the page and check mobile font loading	2026-09-08T22:07:37.2485690Z       "value": "3"
font-loading (webkit)	Render the page and check mobile font loading	2026-09-08T22:07:37.2485985Z     },
font-loading (webkit)	Render the page and check mobile font loading	2026-09-08T22:07:37.2486237Z     {
font-loading (webkit)	Render the page and check mobile font loading	2026-09-08T22:07:37.2486491Z       "id": "phi-381-100",
font-loading (webkit)	Render the page and check mobile font loading	2026-09-08T22:07:37.2486824Z       "value": "4"
font-loading (webkit)	Render the page and check mobile font loading	2026-09-08T22:07:37.2487110Z     }
font-loading (webkit)	Render the page and check mobile font loading	2026-09-08T22:07:37.2487368Z   ],
font-loading (webkit)	Render the page and check mobile font loading	2026-09-08T22:07:37.2487628Z   "frames": 21,
font-loading (webkit)	Render the page and check mobile font loading	2026-09-08T22:07:37.2487920Z   "first_paint": {
font-loading (webkit)	Render the page and check mobile font loading	2026-09-08T22:07:37.2488218Z     "at": 2998,
font-loading (webkit)	Render the page and check mobile font loading	2026-09-08T22:07:37.2488511Z     "faces": [
font-loading (webkit)	Render the page and check mobile font loading	2026-09-08T22:07:37.2488782Z       {
font-loading (webkit)	Render the page and check mobile font loading	2026-09-08T22:07:37.2489068Z         "family": "PT Serif",
font-loading (webkit)	Render the page and check mobile font loading	2026-09-08T22:07:37.2489429Z         "style": "normal",
font-loading (webkit)	Render the page and check mobile font loading	2026-09-08T22:07:37.2489766Z         "weight": "400",
font-loading (webkit)	Render the page and check mobile font loading	2026-09-08T22:07:37.2490654Z         "unicodeRange": "U+0-ff, U+131, U+152-153, U+2bb-2bc, U+2c6, U+2da, U+2dc, U+304, U+308, U+329, U+2000-206f, U+20ac, U+2122, U+2191, U+2193, U+2212, U+2215, U+feff, U+fffd",
font-loading (webkit)	Render the page and check mobile font loading	2026-09-08T22:07:37.2491836Z         "status": "loaded"
font-loading (webkit)	Render the page and check mobile font loading	2026-09-08T22:07:37.2492169Z       },
font-loading (webkit)	Render the page and check mobile font loading	2026-09-08T22:07:37.2492427Z       {
font-loading (webkit)	Render the page and check mobile font loading	2026-09-08T22:07:37.2492695Z         "family": "PT Serif",
font-loading (webkit)	Render the page and check mobile font loading	2026-09-08T22:07:37.2493042Z         "style": "normal",
font-loading (webkit)	Render the page and check mobile font loading	2026-09-08T22:07:37.2493362Z         "weight": "700",
font-loading (webkit)	Render the page and check mobile font loading	2026-09-08T22:07:37.2494198Z         "unicodeRange": "U+0-ff, U+131, U+152-153, U+2bb-2bc, U+2c6, U+2da, U+2dc, U+304, U+308, U+329, U+2000-206f, U+20ac, U+2122, U+2191, U+2193, U+2212, U+2215, U+feff, U+fffd",
font-loading (webkit)	Render the page and check mobile font loading	2026-09-08T22:07:37.2495091Z         "status": "loaded"
font-loading (webkit)	Render the page and check mobile font loading	2026-09-08T22:07:37.2495887Z       },
font-loading (webkit)	Render the page and check mobile font loading	2026-09-08T22:07:37.2496150Z       {
font-loading (webkit)	Render the page and check mobile font loading	2026-09-08T22:07:37.2496421Z         "family": "PT Serif",
font-loading (webkit)	Render the page and check mobile font loading	2026-09-08T22:07:37.2496768Z         "style": "italic",
font-loading (webkit)	Render the page and check mobile font loading	2026-09-08T22:07:37.2497113Z         "weight": "400",
font-loading (webkit)	Render the page and check mobile font loading	2026-09-08T22:07:37.2497942Z         "unicodeRange": "U+0-ff, U+131, U+152-153, U+2bb-2bc, U+2c6, U+2da, U+2dc, U+304, U+308, U+329, U+2000-206f, U+20ac, U+2122, U+2191, U+2193, U+2212, U+2215, U+feff, U+fffd",
font-loading (webkit)	Render the page and check mobile font loading	2026-09-08T22:07:37.2498861Z         "status": "loaded"
font-loading (webkit)	Render the page and check mobile font loading	2026-09-08T22:07:37.2499167Z       },
font-loading (webkit)	Render the page and check mobile font loading	2026-09-08T22:07:37.2499414Z       {
font-loading (webkit)	Render the page and check mobile font loading	2026-09-08T22:07:37.2499698Z         "family": "PT Serif",
font-loading (webkit)	Render the page and check mobile font loading	2026-09-08T22:07:37.2500044Z         "style": "italic",
font-loading (webkit)	Render the page and check mobile font loading	2026-09-08T22:07:37.2500385Z         "weight": "700",
font-loading (webkit)	Render the page and check mobile font loading	2026-09-08T22:07:37.2501390Z         "unicodeRange": "U+0-ff, U+131, U+152-153, U+2bb-2bc, U+2c6, U+2da, U+2dc, U+304, U+308, U+329, U+2000-206f, U+20ac, U+2122, U+2191, U+2193, U+2212, U+2215, U+feff, U+fffd",
font-loading (webkit)	Render the page and check mobile font loading	2026-09-08T22:07:37.2502356Z         "status": "loaded"
font-loading (webkit)	Render the page and check mobile font loading	2026-09-08T22:07:37.2502684Z       },
font-loading (webkit)	Render the page and check mobile font loading	2026-09-08T22:07:37.2502940Z       {
font-loading (webkit)	Render the page and check mobile font loading	2026-09-08T22:07:37.2503219Z         "family": "KPress Quotes",
font-loading (webkit)	Render the page and check mobile font loading	2026-09-08T22:07:37.2503598Z         "style": "normal",
font-loading (webkit)	Render the page and check mobile font loading	2026-09-08T22:07:37.2504235Z         "weight": "normal",
font-loading (webkit)	Render the page and check mobile font loading	2026-09-08T22:07:37.2504670Z         "unicodeRange": "U+22, U+27, U+2018, U+2019, U+201c, U+201d",
font-loading (webkit)	Render the page and check mobile font loading	2026-09-08T22:07:37.2505141Z         "status": "loaded"
font-loading (webkit)	Render the page and check mobile font loading	2026-09-08T22:07:37.2505461Z       },
font-loading (webkit)	Render the page and check mobile font loading	2026-09-08T22:07:37.2505740Z       {
font-loading (webkit)	Render the page and check mobile font loading	2026-09-08T22:07:37.2506112Z         "family": "\"Source Sans 3 Variable\"",
font-loading (webkit)	Render the page and check mobile font loading	2026-09-08T22:07:37.2506540Z         "style": "normal",
font-loading (webkit)	Render the page and check mobile font loading	2026-09-08T22:07:37.2506888Z         "weight": "200 900",
font-loading (webkit)	Render the page and check mobile font loading	2026-09-08T22:07:37.2507754Z         "unicodeRange": "U+0-ff, U+131, U+152-153, U+2bb-2bc, U+2c6, U+2da, U+2dc, U+304, U+308, U+329, U+2000-206f, U+20ac, U+2122, U+2191, U+2193, U+2212, U+2215, U+feff, U+fffd",
font-loading (webkit)	Render the page and check mobile font loading	2026-09-08T22:07:37.2508675Z         "status": "loaded"
font-loading (webkit)	Render the page and check mobile font loading	2026-09-08T22:07:37.2508992Z       },
font-loading (webkit)	Render the page and check mobile font loading	2026-09-08T22:07:37.2509250Z       {
font-loading (webkit)	Render the page and check mobile font loading	2026-09-08T22:07:37.2509573Z         "family": "\"Source Sans 3 Variable\"",
font-loading (webkit)	Render the page and check mobile font loading	2026-09-08T22:07:37.2509982Z         "style": "italic",
font-loading (webkit)	Render the page and check mobile font loading	2026-09-08T22:07:37.2510315Z         "weight": "200 900",
font-loading (webkit)	Render the page and check mobile font loading	2026-09-08T22:07:37.2511349Z         "unicodeRange": "U+0-ff, U+131, U+152-153, U+2bb-2bc, U+2c6, U+2da, U+2dc, U+304, U+308, U+329, U+2000-206f, U+20ac, U+2122, U+2191, U+2193, U+2212, U+2215, U+feff, U+fffd",
font-loading (webkit)	Render the page and check mobile font loading	2026-09-08T22:07:37.2512255Z         "status": "loaded"
font-loading (webkit)	Render the page and check mobile font loading	2026-09-08T22:07:37.2512581Z       },
font-loading (webkit)	Render the page and check mobile font loading	2026-09-08T22:07:37.2512837Z       {
font-loading (webkit)	Render the page and check mobile font loading	2026-09-08T22:07:37.2513144Z         "family": "Planetaire Mono Text",
font-loading (webkit)	Render the page and check mobile font loading	2026-09-08T22:07:37.2513541Z         "style": "normal",
font-loading (webkit)	Render the page and check mobile font loading	2026-09-08T22:07:37.2513873Z         "weight": "400",
font-loading (webkit)	Render the page and check mobile font loading	2026-09-08T22:07:37.2514700Z         "unicodeRange": "U+0-ff, U+131, U+152-153, U+2bb-2bc, U+2c6, U+2da, U+2dc, U+304, U+308, U+329, U+2000-206f, U+20ac, U+2122, U+2191, U+2193, U+2212, U+2215, U+feff, U+fffd",
font-loading (webkit)	Render the page and check mobile font loading	2026-09-08T22:07:37.2515602Z         "status": "loaded"
font-loading (webkit)	Render the page and check mobile font loading	2026-09-08T22:07:37.2515924Z       },
font-loading (webkit)	Render the page and check mobile font loading	2026-09-08T22:07:37.2516193Z       {
font-loading (webkit)	Render the page and check mobile font loading	2026-09-08T22:07:37.2516488Z         "family": "Planetaire Mono Text",
font-loading (webkit)	Render the page and check mobile font loading	2026-09-08T22:07:37.2516896Z         "style": "normal",
font-loading (webkit)	Render the page and check mobile font loading	2026-09-08T22:07:37.2517224Z         "weight": "700",
font-loading (webkit)	Render the page and check mobile font loading	2026-09-08T22:07:37.2518038Z         "unicodeRange": "U+0-ff, U+131, U+152-153, U+2bb-2bc, U+2c6, U+2da, U+2dc, U+304, U+308, U+329, U+2000-206f, U+20ac, U+2122, U+2191, U+2193, U+2212, U+2215, U+feff, U+fffd",
font-loading (webkit)	Render the page and check mobile font loading	2026-09-08T22:07:37.2518931Z         "status": "loaded"
font-loading (webkit)	Render the page and check mobile font loading	2026-09-08T22:07:37.2519238Z       },
font-loading (webkit)	Render the page and check mobile font loading	2026-09-08T22:07:37.2519506Z       {
font-loading (webkit)	Render the page and check mobile font loading	2026-09-08T22:07:37.2519795Z         "family": "Planetaire Mono Text",
font-loading (webkit)	Render the page and check mobile font loading	2026-09-08T22:07:37.2520182Z         "style": "italic",
font-loading (webkit)	Render the page and check mobile font loading	2026-09-08T22:07:37.2520518Z         "weight": "400",
font-loading (webkit)	Render the page and check mobile font loading	2026-09-08T22:07:37.2525756Z         "unicodeRange": "U+0-ff, U+131, U+152-153, U+2bb-2bc, U+2c6, U+2da, U+2dc, U+304, U+308, U+329, U+2000-206f, U+20ac, U+2122, U+2191, U+2193, U+2212, U+2215, U+feff, U+fffd",
font-loading (webkit)	Render the page and check mobile font loading	2026-09-08T22:07:37.2526674Z         "status": "loaded"
font-loading (webkit)	Render the page and check mobile font loading	2026-09-08T22:07:37.2527337Z       },
font-loading (webkit)	Render the page and check mobile font loading	2026-09-08T22:07:37.2527602Z       {
font-loading (webkit)	Render the page and check mobile font loading	2026-09-08T22:07:37.2527917Z         "family": "Planetaire Mono Text",
font-loading (webkit)	Render the page and check mobile font loading	2026-09-08T22:07:37.2528309Z         "style": "italic",
font-loading (webkit)	Render the page and check mobile font loading	2026-09-08T22:07:37.2528649Z         "weight": "700",
font-loading (webkit)	Render the page and check mobile font loading	2026-09-08T22:07:37.2529464Z         "unicodeRange": "U+0-ff, U+131, U+152-153, U+2bb-2bc, U+2c6, U+2da, U+2dc, U+304, U+308, U+329, U+2000-206f, U+20ac, U+2122, U+2191, U+2193, U+2212, U+2215, U+feff, U+fffd",
font-loading (webkit)	Render the page and check mobile font loading	2026-09-08T22:07:37.2530354Z         "status": "loading"
font-loading (webkit)	Render the page and check mobile font loading	2026-09-08T22:07:37.2530682Z       },
font-loading (webkit)	Render the page and check mobile font loading	2026-09-08T22:07:37.2530930Z       {
font-loading (webkit)	Render the page and check mobile font loading	2026-09-08T22:07:37.2531590Z         "family": "KaTeX_AMS",
font-loading (webkit)	Render the page and check mobile font loading	2026-09-08T22:07:37.2531947Z         "style": "normal",
font-loading (webkit)	Render the page and check mobile font loading	2026-09-08T22:07:37.2532266Z         "weight": "400",
font-loading (webkit)	Render the page and check mobile font loading	2026-09-08T22:07:37.2532615Z         "unicodeRange": "U+0-10FFFF",
font-loading (webkit)	Render the page and check mobile font loading	2026-09-08T22:07:37.2533003Z         "status": "error"
font-loading (webkit)	Render the page and check mobile font loading	2026-09-08T22:07:37.2533313Z       },
font-loading (webkit)	Render the page and check mobile font loading	2026-09-08T22:07:37.2533579Z       {
font-loading (webkit)	Render the page and check mobile font loading	2026-09-08T22:07:37.2533863Z         "family": "KaTeX_Caligraphic",
font-loading (webkit)	Render the page and check mobile font loading	2026-09-08T22:07:37.2534258Z         "style": "normal",
font-loading (webkit)	Render the page and check mobile font loading	2026-09-08T22:07:37.2534590Z         "weight": "400",
font-loading (webkit)	Render the page and check mobile font loading	2026-09-08T22:07:37.2534924Z         "unicodeRange": "U+0-10FFFF",
font-loading (webkit)	Render the page and check mobile font loading	2026-09-08T22:07:37.2535494Z         "status": "error"
font-loading (webkit)	Render the page and check mobile font loading	2026-09-08T22:07:37.2535815Z       },
font-loading (webkit)	Render the page and check mobile font loading	2026-09-08T22:07:37.2536069Z       {
font-loading (webkit)	Render the page and check mobile font loading	2026-09-08T22:07:37.2536430Z         "family": "KaTeX_Main",
font-loading (webkit)	Render the page and check mobile font loading	2026-09-08T22:07:37.2536791Z         "style": "normal",
font-loading (webkit)	Render the page and check mobile font loading	2026-09-08T22:07:37.2537126Z         "weight": "700",
font-loading (webkit)	Render the page and check mobile font loading	2026-09-08T22:07:37.2537454Z         "unicodeRange": "U+0-10FFFF",
font-loading (webkit)	Render the page and check mobile font loading	2026-09-08T22:07:37.2537839Z         "status": "error"
font-loading (webkit)	Render the page and check mobile font loading	2026-09-08T22:07:37.2538151Z       },
font-loading (webkit)	Render the page and check mobile font loading	2026-09-08T22:07:37.2538413Z       {
font-loading (webkit)	Render the page and check mobile font loading	2026-09-08T22:07:37.2538709Z         "family": "KaTeX_Main",
font-loading (webkit)	Render the page and check mobile font loading	2026-09-08T22:07:37.2539053Z         "style": "italic",
font-loading (webkit)	Render the page and check mobile font loading	2026-09-08T22:07:37.2539372Z         "weight": "400",
font-loading (webkit)	Render the page and check mobile font loading	2026-09-08T22:07:37.2539702Z         "unicodeRange": "U+0-10FFFF",
font-loading (webkit)	Render the page and check mobile font loading	2026-09-08T22:07:37.2540070Z         "status": "error"
font-loading (webkit)	Render the page and check mobile font loading	2026-09-08T22:07:37.2540396Z       },
font-loading (webkit)	Render the page and check mobile font loading	2026-09-08T22:07:37.2540666Z       {
font-loading (webkit)	Render the page and check mobile font loading	2026-09-08T22:07:37.2540938Z         "family": "KaTeX_Main",
font-loading (webkit)	Render the page and check mobile font loading	2026-09-08T22:07:37.2541465Z         "style": "normal",
font-loading (webkit)	Render the page and check mobile font loading	2026-09-08T22:07:37.2541799Z         "weight": "400",
font-loading (webkit)	Render the page and check mobile font loading	2026-09-08T22:07:37.2542140Z         "unicodeRange": "U+0-10FFFF",
font-loading (webkit)	Render the page and check mobile font loading	2026-09-08T22:07:37.2542499Z         "status": "loaded"
font-loading (webkit)	Render the page and check mobile font loading	2026-09-08T22:07:37.2542807Z       },
font-loading (webkit)	Render the page and check mobile font loading	2026-09-08T22:07:37.2543071Z       {
font-loading (webkit)	Render the page and check mobile font loading	2026-09-08T22:07:37.2543346Z         "family": "KaTeX_Math",
font-loading (webkit)	Render the page and check mobile font loading	2026-09-08T22:07:37.2543679Z         "style": "italic",
font-loading (webkit)	Render the page and check mobile font loading	2026-09-08T22:07:37.2544008Z         "weight": "400",
font-loading (webkit)	Render the page and check mobile font loading	2026-09-08T22:07:37.2544339Z         "unicodeRange": "U+0-10FFFF",
font-loading (webkit)	Render the page and check mobile font loading	2026-09-08T22:07:37.2544716Z         "status": "loaded"
font-loading (webkit)	Render the page and check mobile font loading	2026-09-08T22:07:37.2545014Z       },
font-loading (webkit)	Render the page and check mobile font loading	2026-09-08T22:07:37.2545278Z       {
font-loading (webkit)	Render the page and check mobile font loading	2026-09-08T22:07:37.2545544Z         "family": "KaTeX_Size1",
font-loading (webkit)	Render the page and check mobile font loading	2026-09-08T22:07:37.2545900Z         "style": "normal",
font-loading (webkit)	Render the page and check mobile font loading	2026-09-08T22:07:37.2546219Z         "weight": "400",
font-loading (webkit)	Render the page and check mobile font loading	2026-09-08T22:07:37.2546554Z         "unicodeRange": "U+0-10FFFF",
font-loading (webkit)	Render the page and check mobile font loading	2026-09-08T22:07:37.2546931Z         "status": "error"
font-loading (webkit)	Render the page and check mobile font loading	2026-09-08T22:07:37.2547233Z       },
font-loading (webkit)	Render the page and check mobile font loading	2026-09-08T22:07:37.2547481Z       {
font-loading (webkit)	Render the page and check mobile font loading	2026-09-08T22:07:37.2547781Z         "family": "KaTeX_Size2",
font-loading (webkit)	Render the page and check mobile font loading	2026-09-08T22:07:37.2548160Z         "style": "normal",
font-loading (webkit)	Render the page and check mobile font loading	2026-09-08T22:07:37.2548503Z         "weight": "400",
font-loading (webkit)	Render the page and check mobile font loading	2026-09-08T22:07:37.2548859Z         "unicodeRange": "U+0-10FFFF",
font-loading (webkit)	Render the page and check mobile font loading	2026-09-08T22:07:37.2549238Z         "status": "error"
font-loading (webkit)	Render the page and check mobile font loading	2026-09-08T22:07:37.2549561Z       },
font-loading (webkit)	Render the page and check mobile font loading	2026-09-08T22:07:37.2549811Z       {
font-loading (webkit)	Render the page and check mobile font loading	2026-09-08T22:07:37.2550085Z         "family": "KaTeX_Size3",
font-loading (webkit)	Render the page and check mobile font loading	2026-09-08T22:07:37.2550454Z         "style": "normal",
font-loading (webkit)	Render the page and check mobile font loading	2026-09-08T22:07:37.2550773Z         "weight": "400",
font-loading (webkit)	Render the page and check mobile font loading	2026-09-08T22:07:37.2551279Z         "unicodeRange": "U+0-10FFFF",
font-loading (webkit)	Render the page and check mobile font loading	2026-09-08T22:07:37.2551686Z         "status": "error"
font-loading (webkit)	Render the page and check mobile font loading	2026-09-08T22:07:37.2551989Z       },
font-loading (webkit)	Render the page and check mobile font loading	2026-09-08T22:07:37.2552251Z       {
font-loading (webkit)	Render the page and check mobile font loading	2026-09-08T22:07:37.2552520Z         "family": "KaTeX_Size4",
font-loading (webkit)	Render the page and check mobile font loading	2026-09-08T22:07:37.2552857Z         "style": "normal",
font-loading (webkit)	Render the page and check mobile font loading	2026-09-08T22:07:37.2553186Z         "weight": "400",
font-loading (webkit)	Render the page and check mobile font loading	2026-09-08T22:07:37.2553742Z         "unicodeRange": "U+0-10FFFF",
font-loading (webkit)	Render the page and check mobile font loading	2026-09-08T22:07:37.2554116Z         "status": "error"
font-loading (webkit)	Render the page and check mobile font loading	2026-09-08T22:07:37.2554430Z       },
font-loading (webkit)	Render the page and check mobile font loading	2026-09-08T22:07:37.2554689Z       {
font-loading (webkit)	Render the page and check mobile font loading	2026-09-08T22:07:37.2554985Z         "family": "KPress Math Text",
font-loading (webkit)	Render the page and check mobile font loading	2026-09-08T22:07:37.2555370Z         "style": "normal",
font-loading (webkit)	Render the page and check mobile font loading	2026-09-08T22:07:37.2555698Z         "weight": "400",
font-loading (webkit)	Render the page and check mobile font loading	2026-09-08T22:07:37.2556076Z         "unicodeRange": "U+30-39, U+41-5a, U+61-7a",
font-loading (webkit)	Render the page and check mobile font loading	2026-09-08T22:07:37.2556501Z         "status": "loaded"
font-loading (webkit)	Render the page and check mobile font loading	2026-09-08T22:07:37.2556820Z       },
font-loading (webkit)	Render the page and check mobile font loading	2026-09-08T22:07:37.2557087Z       {
font-loading (webkit)	Render the page and check mobile font loading	2026-09-08T22:07:37.2557360Z         "family": "KPress Math Text",
font-loading (webkit)	Render the page and check mobile font loading	2026-09-08T22:07:37.2557717Z         "style": "normal",
font-loading (webkit)	Render the page and check mobile font loading	2026-09-08T22:07:37.2558045Z         "weight": "400",
font-loading (webkit)	Render the page and check mobile font loading	2026-09-08T22:07:37.2558376Z         "unicodeRange": "U+391-3a9",
font-loading (webkit)	Render the page and check mobile font loading	2026-09-08T22:07:37.2558757Z         "status": "loaded"
font-loading (webkit)	Render the page and check mobile font loading	2026-09-08T22:07:37.2559057Z       },
font-loading (webkit)	Render the page and check mobile font loading	2026-09-08T22:07:37.2559313Z       {
font-loading (webkit)	Render the page and check mobile font loading	2026-09-08T22:07:37.2559601Z         "family": "KPress Math Text",
font-loading (webkit)	Render the page and check mobile font loading	2026-09-08T22:07:37.2559974Z         "style": "italic",
font-loading (webkit)	Render the page and check mobile font loading	2026-09-08T22:07:37.2560290Z         "weight": "400",
font-loading (webkit)	Render the page and check mobile font loading	2026-09-08T22:07:37.2560642Z         "unicodeRange": "U+41-5a, U+61-7a",
font-loading (webkit)	Render the page and check mobile font loading	2026-09-08T22:07:37.2561353Z         "status": "loaded"
font-loading (webkit)	Render the page and check mobile font loading	2026-09-08T22:07:37.2561652Z       },
font-loading (webkit)	Render the page and check mobile font loading	2026-09-08T22:07:37.2561905Z       {
font-loading (webkit)	Render the page and check mobile font loading	2026-09-08T22:07:37.2562187Z         "family": "KPress Math Text",
font-loading (webkit)	Render the page and check mobile font loading	2026-09-08T22:07:37.2562555Z         "style": "italic",
font-loading (webkit)	Render the page and check mobile font loading	2026-09-08T22:07:37.2562891Z         "weight": "400",
font-loading (webkit)	Render the page and check mobile font loading	2026-09-08T22:07:37.2563225Z         "unicodeRange": "U+370-3ff",
font-loading (webkit)	Render the page and check mobile font loading	2026-09-08T22:07:37.2563615Z         "status": "loaded"
font-loading (webkit)	Render the page and check mobile font loading	2026-09-08T22:07:37.2563926Z       },
font-loading (webkit)	Render the page and check mobile font loading	2026-09-08T22:07:37.2564195Z       {
font-loading (webkit)	Render the page and check mobile font loading	2026-09-08T22:07:37.2564471Z         "family": "KPress Math Text",
font-loading (webkit)	Render the page and check mobile font loading	2026-09-08T22:07:37.2564835Z         "style": "normal",
font-loading (webkit)	Render the page and check mobile font loading	2026-09-08T22:07:37.2565169Z         "weight": "700",
font-loading (webkit)	Render the page and check mobile font loading	2026-09-08T22:07:37.2565537Z         "unicodeRange": "U+30-39, U+41-5a, U+61-7a",
font-loading (webkit)	Render the page and check mobile font loading	2026-09-08T22:07:37.2565960Z         "status": "loaded"
font-loading (webkit)	Render the page and check mobile font loading	2026-09-08T22:07:37.2566282Z       },
font-loading (webkit)	Render the page and check mobile font loading	2026-09-08T22:07:37.2566560Z       {
font-loading (webkit)	Render the page and check mobile font loading	2026-09-08T22:07:37.2566850Z         "family": "KPress Math Text",
font-loading (webkit)	Render the page and check mobile font loading	2026-09-08T22:07:37.2567227Z         "style": "normal",
font-loading (webkit)	Render the page and check mobile font loading	2026-09-08T22:07:37.2567547Z         "weight": "700",
font-loading (webkit)	Render the page and check mobile font loading	2026-09-08T22:07:37.2567898Z         "unicodeRange": "U+391-3a9",
font-loading (webkit)	Render the page and check mobile font loading	2026-09-08T22:07:37.2568277Z         "status": "loading"
font-loading (webkit)	Render the page and check mobile font loading	2026-09-08T22:07:37.2568606Z       },
font-loading (webkit)	Render the page and check mobile font loading	2026-09-08T22:07:37.2568865Z       {
font-loading (webkit)	Render the page and check mobile font loading	2026-09-08T22:07:37.2569150Z         "family": "KPress Math Text Sans",
font-loading (webkit)	Render the page and check mobile font loading	2026-09-08T22:07:37.2569549Z         "style": "normal",
font-loading (webkit)	Render the page and check mobile font loading	2026-09-08T22:07:37.2569880Z         "weight": "400",
font-loading (webkit)	Render the page and check mobile font loading	2026-09-08T22:07:37.2570245Z         "unicodeRange": "U+30-39, U+41-5a, U+61-7a",
font-loading (webkit)	Render the page and check mobile font loading	2026-09-08T22:07:37.2570682Z         "status": "loaded"
font-loading (webkit)	Render the page and check mobile font loading	2026-09-08T22:07:37.2570998Z       },
font-loading (webkit)	Render the page and check mobile font loading	2026-09-08T22:07:37.2571438Z       {
font-loading (webkit)	Render the page and check mobile font loading	2026-09-08T22:07:37.2571729Z         "family": "KPress Math Text Sans",
font-loading (webkit)	Render the page and check mobile font loading	2026-09-08T22:07:37.2572118Z         "style": "normal",
font-loading (webkit)	Render the page and check mobile font loading	2026-09-08T22:07:37.2572437Z         "weight": "400",
font-loading (webkit)	Render the page and check mobile font loading	2026-09-08T22:07:37.2572769Z         "unicodeRange": "U+391-3a9",
font-loading (webkit)	Render the page and check mobile font loading	2026-09-08T22:07:37.2573131Z         "status": "loaded"
font-loading (webkit)	Render the page and check mobile font loading	2026-09-08T22:07:37.2573437Z       },
font-loading (webkit)	Render the page and check mobile font loading	2026-09-08T22:07:37.2573684Z       {
font-loading (webkit)	Render the page and check mobile font loading	2026-09-08T22:07:37.2573961Z         "family": "KPress Math Text Sans",
font-loading (webkit)	Render the page and check mobile font loading	2026-09-08T22:07:37.2574336Z         "style": "italic",
font-loading (webkit)	Render the page and check mobile font loading	2026-09-08T22:07:37.2574643Z         "weight": "400",
font-loading (webkit)	Render the page and check mobile font loading	2026-09-08T22:07:37.2574979Z         "unicodeRange": "U+41-5a, U+61-7a",
font-loading (webkit)	Render the page and check mobile font loading	2026-09-08T22:07:37.2575387Z         "status": "loaded"
font-loading (webkit)	Render the page and check mobile font loading	2026-09-08T22:07:37.2575706Z       },
font-loading (webkit)	Render the page and check mobile font loading	2026-09-08T22:07:37.2575968Z       {
font-loading (webkit)	Render the page and check mobile font loading	2026-09-08T22:07:37.2576260Z         "family": "KPress Math Text Sans",
font-loading (webkit)	Render the page and check mobile font loading	2026-09-08T22:07:37.2576640Z         "style": "italic",
font-loading (webkit)	Render the page and check mobile font loading	2026-09-08T22:07:37.2576965Z         "weight": "400",
font-loading (webkit)	Render the page and check mobile font loading	2026-09-08T22:07:37.2577301Z         "unicodeRange": "U+370-3ff",
font-loading (webkit)	Render the page and check mobile font loading	2026-09-08T22:07:37.2577662Z         "status": "loaded"
font-loading (webkit)	Render the page and check mobile font loading	2026-09-08T22:07:37.2577980Z       },
font-loading (webkit)	Render the page and check mobile font loading	2026-09-08T22:07:37.2578225Z       {
font-loading (webkit)	Render the page and check mobile font loading	2026-09-08T22:07:37.2578514Z         "family": "KPress Math Text Sans",
font-loading (webkit)	Render the page and check mobile font loading	2026-09-08T22:07:37.2579077Z         "style": "normal",
font-loading (webkit)	Render the page and check mobile font loading	2026-09-08T22:07:37.2579401Z         "weight": "650",
font-loading (webkit)	Render the page and check mobile font loading	2026-09-08T22:07:37.2579782Z         "unicodeRange": "U+30-39, U+41-5a, U+61-7a",
font-loading (webkit)	Render the page and check mobile font loading	2026-09-08T22:07:37.2580230Z         "status": "loaded"
font-loading (webkit)	Render the page and check mobile font loading	2026-09-08T22:07:37.2580527Z       },
font-loading (webkit)	Render the page and check mobile font loading	2026-09-08T22:07:37.2580784Z       {
font-loading (webkit)	Render the page and check mobile font loading	2026-09-08T22:07:37.2581224Z         "family": "KPress Math Text Sans",
font-loading (webkit)	Render the page and check mobile font loading	2026-09-08T22:07:37.2581623Z         "style": "normal",
font-loading (webkit)	Render the page and check mobile font loading	2026-09-08T22:07:37.2581937Z         "weight": "650",
font-loading (webkit)	Render the page and check mobile font loading	2026-09-08T22:07:37.2582253Z         "unicodeRange": "U+391-3a9",
font-loading (webkit)	Render the page and check mobile font loading	2026-09-08T22:07:37.2582627Z         "status": "loading"
font-loading (webkit)	Render the page and check mobile font loading	2026-09-08T22:07:37.2582952Z       },
font-loading (webkit)	Render the page and check mobile font loading	2026-09-08T22:07:37.2583197Z       {
font-loading (webkit)	Render the page and check mobile font loading	2026-09-08T22:07:37.2583595Z         "family": "\"Source Sans 3 Variable\"",
font-loading (webkit)	Render the page and check mobile font loading	2026-09-08T22:07:37.2584017Z         "style": "normal",
font-loading (webkit)	Render the page and check mobile font loading	2026-09-08T22:07:37.2584355Z         "weight": "200 900",
font-loading (webkit)	Render the page and check mobile font loading	2026-09-08T22:07:37.2584723Z         "unicodeRange": "U+2192, U+2248, U+2265",
font-loading (webkit)	Render the page and check mobile font loading	2026-09-08T22:07:37.2585130Z         "status": "loaded"
font-loading (webkit)	Render the page and check mobile font loading	2026-09-08T22:07:37.2585473Z       }
font-loading (webkit)	Render the page and check mobile font loading	2026-09-08T22:07:37.2585733Z     ]
font-loading (webkit)	Render the page and check mobile font loading	2026-09-08T22:07:37.2585987Z   },
font-loading (webkit)	Render the page and check mobile font loading	2026-09-08T22:07:37.2586260Z   "early_math": null,
font-loading (webkit)	Render the page and check mobile font loading	2026-09-08T22:07:37.2586579Z   "fallback": null,
font-loading (webkit)	Render the page and check mobile font loading	2026-09-08T22:07:37.2587049Z   "readouts": [
font-loading (webkit)	Render the page and check mobile font loading	2026-09-08T22:07:37.2587355Z     "kslider-19-5: k = 1",
font-loading (webkit)	Render the page and check mobile font loading	2026-09-08T22:07:37.2587691Z     "kslider-381-100: k = 2",
font-loading (webkit)	Render the page and check mobile font loading	2026-09-08T22:07:37.2588049Z     "phi-19-5: 0.300^{\\circ}",
font-loading (webkit)	Render the page and check mobile font loading	2026-09-08T22:07:37.2588426Z     "phi-381-100: 0.400^{\\circ}"
font-loading (webkit)	Render the page and check mobile font loading	2026-09-08T22:07:37.2588813Z   ],
font-loading (webkit)	Render the page and check mobile font loading	2026-09-08T22:07:37.2589085Z   "no_javascript": {
font-loading (webkit)	Render the page and check mobile font loading	2026-09-08T22:07:37.2589403Z     "raw_tex": 5,
font-loading (webkit)	Render the page and check mobile font loading	2026-09-08T22:07:37.2589720Z     "native_math": 124
font-loading (webkit)	Render the page and check mobile font loading	2026-09-08T22:07:37.2590034Z   },
font-loading (webkit)	Render the page and check mobile font loading	2026-09-08T22:07:37.2590294Z   "findings": [
font-loading (webkit)	Render the page and check mobile font loading	2026-09-08T22:07:37.2592492Z     "math faces were not ready at first visible paint: KaTeX_AMS normal 400 (error), KaTeX_Caligraphic normal 400 (error), KaTeX_Main normal 700 (error), KaTeX_Main italic 400 (error), KaTeX_Size1 normal 400 (error), KaTeX_Size2 normal 400 (error), KaTeX_Size3 normal 400 (error), KaTeX_Size4 normal 400 (error), KPress Math Text normal 700 (loading), KPress Math Text Sans normal 650 (loading)"
font-loading (webkit)	Render the page and check mobile font loading	2026-09-08T22:07:37.2594804Z   ]
font-loading (webkit)	Render the page and check mobile font loading	2026-09-08T22:07:37.2595207Z }
font-loading (webkit)	Render the page and check mobile font loading	2026-09-08T22:07:37.2876055Z ##[error]Process completed with exit code 1.
