{
 "seed": 2,
 "restarts": 60,
 "seconds": 155.2,
 "best_violation": 0.00877918372240405,
 "quantiles": [
  0.00877918372240405,
  0.014899686269033064,
  0.03754091874102522,
  0.15467276395372212
 ],
 "pose": [
  [
   "interior-SW",
   1.4022256512025224,
   1.742207313742996,
   0.8660001467431648,
   49.61815346609331
  ],
  [
   "interior-NW",
   1.402220816277596,
   3.2733929675783795,
   0.8653893136432678,
   49.583155307482315
  ],
  [
   "interior-W",
   2.0445952167513144,
   2.497861297096871,
   0.8657418323767461,
   49.60335314310992
  ],
  [
   "interior-S",
   2.4307587281314893,
   1.421221034443194,
   0.8655644388601864,
   49.59318924329806
  ],
  [
   "interior-N",
   2.686694168507856,
   3.253277500574945,
   -0.70462469577412,
   -40.37202120854669
  ],
  [
   "interior-SE",
   3.273777866962802,
   2.0053340532442188,
   0.8655892584203742,
   49.59461129934619
  ]
 ]
}
