{
 "seed": 1,
 "restarts": 60,
 "seconds": 129.7,
 "best_violation": 0.008792755762562887,
 "quantiles": [
  0.008792755762562887,
  0.026588393553743383,
  0.03749709577254012,
  0.13919275659409736
 ],
 "pose": [
  [
   "interior-SW",
   1.4023133124104628,
   1.742278933159783,
   0.8663153443692398,
   49.63621295977995
  ],
  [
   "interior-NW",
   1.4026529160924501,
   3.273154205495629,
   0.8667881652889102,
   49.663303602942555
  ],
  [
   "interior-W",
   2.044494483557645,
   2.4973372007429493,
   0.8663183364644207,
   49.63638439420571
  ],
  [
   "interior-S",
   2.430671244483086,
   1.421207244237437,
   0.865869154457201,
   49.61064816095881
  ],
  [
   "interior-N",
   2.687084955548092,
   3.2535640020925545,
   0.8665398250609575,
   49.649074755997546
  ],
  [
   "interior-SE",
   3.2737927557622863,
   2.0053295924423002,
   0.8659074462123824,
   49.61284211692085
  ]
 ]
}
