A-control n=18 seed=1 best=5.000000000000 3.6s
A-control n=18 seed=2 best=5.000000000000 3.4s
A-control n=18 seed=3 best=5.000000000000 3.3s
A-control n=40 seed=1 best=7.000000000000 3.0s
A-control n=40 seed=2 best=7.000000000000 3.3s
A-control n=40 seed=3 best=7.000000000000 3.2s
B-p030-s1 n=18 seed=1 best=4.970584826536 4.1s
B-p030-s1 n=18 seed=2 best=4.929842321688 3.9s
B-p030-s1 n=18 seed=3 best=5.000000000000 3.9s
B-p030-s1 n=40 seed=1 best=7.000000000000 2.2s
B-p030-s1 n=40 seed=2 best=7.000000000000 3.4s
B-p030-s1 n=40 seed=3 best=7.000000000000 2.9s
B-p050-s1 n=18 seed=1 best=4.935181503624 4.3s
B-p050-s1 n=18 seed=2 best=4.938221522059 4.2s
B-p050-s1 n=18 seed=3 best=4.903448433526 3.5s
B-p050-s1 n=40 seed=1 best=7.000000000000 3.1s
B-p050-s1 n=40 seed=2 best=7.000000000000 3.2s
B-p050-s1 n=40 seed=3 best=7.000000000000 3.9s
B-p070-s1 n=18 seed=1 best=4.835609132008 4.3s
B-p070-s1 n=18 seed=2 best=4.946326014362 3.5s
B-p070-s1 n=18 seed=3 best=4.931022874197 4.3s
B-p070-s1 n=40 seed=1 best=7.000000000000 3.0s
B-p070-s1 n=40 seed=2 best=7.000000000000 2.9s
B-p070-s1 n=40 seed=3 best=7.000000000000 2.3s
B-p090-s1 n=18 seed=1 best=4.956294462087 3.4s
B-p090-s1 n=18 seed=2 best=4.889112416354 3.8s
B-p090-s1 n=18 seed=3 best=4.978823786748 3.8s
B-p090-s1 n=40 seed=1 best=7.000000000000 2.5s
B-p090-s1 n=40 seed=2 best=7.000000000000 2.7s
B-p090-s1 n=40 seed=3 best=7.000000000000 2.4s
B-p100-s1 n=18 seed=1 best=4.840487731972 3.3s
B-p100-s1 n=18 seed=2 best=4.913694199862 3.5s
B-p100-s1 n=18 seed=3 best=4.845902299858 3.5s
B-p100-s1 n=40 seed=1 best=7.000000000000 2.6s
B-p100-s1 n=40 seed=2 best=7.000000000000 2.6s
B-p100-s1 n=40 seed=3 best=7.000000000000 2.8s
B-p050-s05 n=18 seed=1 best=5.000000000000 3.1s
B-p050-s05 n=18 seed=2 best=5.000000000000 3.1s
B-p050-s05 n=18 seed=3 best=5.000000000000 2.9s
B-p050-s05 n=40 seed=1 best=7.000000000000 3.1s
B-p050-s05 n=40 seed=2 best=7.000000000000 3.5s
B-p050-s05 n=40 seed=3 best=7.000000000000 3.0s
B-p050-s2 n=18 seed=1 best=4.839851533374 3.3s
B-p050-s2 n=18 seed=2 best=4.963691753256 3.5s
B-p050-s2 n=18 seed=3 best=4.909668439807 2.9s
B-p050-s2 n=40 seed=1 best=7.000000000000 2.8s
B-p050-s2 n=40 seed=2 best=7.000000000000 2.8s
B-p050-s2 n=40 seed=3 best=7.000000000000 3.0s
C-mu2 n=18 seed=1 best=5.000000000000 4.0s
C-mu2 n=18 seed=2 best=5.000000000000 4.1s
C-mu2 n=18 seed=3 best=5.000000000000 4.0s
C-mu2 n=40 seed=1 best=7.000000000000 3.8s
C-mu2 n=40 seed=2 best=7.000000000000 5.3s
C-mu2 n=40 seed=3 best=7.000000000000 7.2s
C-mu20 n=18 seed=1 best=5.000000000000 7.2s
C-mu20 n=18 seed=2 best=5.000000000000 7.1s
C-mu20 n=18 seed=3 best=5.000000000000 6.9s
C-mu20 n=40 seed=1 best=7.000000000000 6.3s
C-mu20 n=40 seed=2 best=7.000000000000 6.1s
C-mu20 n=40 seed=3 best=7.000000000000 6.9s
C-flat-mu05 n=18 seed=1 best=5.000000000000 6.3s
C-flat-mu05 n=18 seed=2 best=5.000000000000 6.7s
C-flat-mu05 n=18 seed=3 best=4.995770042881 7.1s
C-flat-mu05 n=40 seed=1 best=7.000000000000 6.1s
C-flat-mu05 n=40 seed=2 best=7.000000000000 6.0s
C-flat-mu05 n=40 seed=3 best=7.000000000000 6.0s
C-flat-mu5 n=18 seed=1 best=4.958631319166 5.7s
C-flat-mu5 n=18 seed=2 best=4.956999216267 5.3s
C-flat-mu5 n=18 seed=3 best=4.952301935429 4.5s
C-flat-mu5 n=40 seed=1 best=7.000000000000 3.8s
C-flat-mu5 n=40 seed=2 best=7.000000000000 3.9s
C-flat-mu5 n=40 seed=3 best=7.000000000000 3.4s
{"wrote": "packing/campaign/series/series-000-smoke-and-calibration/results/exp-129-arm-calibration/pass-2/summary.json"}
