{
 "certified": "closed",
 "closure": {
  "kind": "all_parent_poses_forbidden",
  "owner": 11,
  "step": 26
 },
 "excluded_orbits": 1,
 "excluded_states": 8,
 "pattern": "custom",
 "producer_outcome": "closed",
 "reason": null,
 "rounds": [
  {
   "live_rows": {
    "corner-NE": 64,
    "corner-SE": 64,
    "corner-SW": 64,
    "interior-E": 24,
    "interior-NW": 64,
    "interior-S": 64,
    "interior-SW": 49,
    "interior-W": 41,
    "side-E0": 64,
    "side-E1": 64,
    "side-N0": 64,
    "side-N1": 64,
    "side-N2": 64,
    "side-S0": 64,
    "side-S2": 64,
    "side-W0": 64,
    "side-W1": 64
   },
   "owned_hull_vertices": {
    "corner-NE": 12,
    "corner-SE": 12,
    "corner-SW": 12,
    "interior-E": 16,
    "interior-NW": 16,
    "interior-S": 16,
    "interior-SW": 11,
    "interior-W": 16,
    "side-E0": 0,
    "side-E1": 0,
    "side-N0": 0,
    "side-N1": 0,
    "side-N2": 0,
    "side-S0": 0,
    "side-S2": 0,
    "side-W0": 0,
    "side-W1": 7
   },
   "planned_rows": 1088,
   "residual_box_extent": {
    "corner-NE": [
     "79/100",
     "79/100"
    ],
    "corner-SE": [
     "79/100",
     "79/100"
    ],
    "corner-SW": [
     "79/100",
     "79/100"
    ],
    "interior-E": [
     "2231/65536000",
     "159196428524383628802729/244277898444800000000000"
    ],
    "interior-NW": [
     "11916963/19226000",
     "26961/46000"
    ],
    "interior-S": [
     "251708774348983788140513/1016606137384960000000000",
     "1470421533023832769325276831827/4961270430172376934400000000000"
    ],
    "interior-SW": [
     "2602877083909573841219/5827287477329566105600",
     "223070836553703980863/402679630442790912000"
    ],
    "interior-W": [
     "773504706723550116468395406771/2997778295291729561600000000000",
     "817581784627625900455581/3566202657925120000000000"
    ],
    "side-E0": [
     "911/1000",
     "529/750"
    ],
    "side-E1": [
     "93/100",
     "257/375"
    ],
    "side-N0": [
     "529/750",
     "911/1000"
    ],
    "side-N1": [
     "257/375",
     "93/100"
    ],
    "side-N2": [
     "529/750",
     "911/1000"
    ],
    "side-S0": [
     "529/750",
     "911/1000"
    ],
    "side-S2": [
     "529/750",
     "911/1000"
    ],
    "side-W0": [
     "911/1000",
     "529/750"
    ],
    "side-W1": [
     "3314447139989935/3966630831849472",
     "257/375"
    ]
   },
   "round": 0,
   "rows": {
    "corner-NE": 64,
    "corner-SE": 64,
    "corner-SW": 64,
    "interior-E": 64,
    "interior-NW": 64,
    "interior-S": 64,
    "interior-SW": 64,
    "interior-W": 64,
    "side-E0": 64,
    "side-E1": 64,
    "side-N0": 64,
    "side-N1": 64,
    "side-N2": 64,
    "side-S0": 64,
    "side-S2": 64,
    "side-W0": 64,
    "side-W1": 64
   },
   "splits": 0,
   "steps": 17
  },
  {
   "live_rows": {
    "corner-NE": 64,
    "corner-SE": 64,
    "corner-SW": 64,
    "interior-E": 24,
    "interior-NW": 64,
    "interior-S": 64,
    "interior-SW": 49,
    "interior-W": 41,
    "side-E0": 64,
    "side-E1": 0,
    "side-N0": 64,
    "side-N1": 64,
    "side-N2": 64,
    "side-S0": 64,
    "side-S2": 64,
    "side-W0": 64,
    "side-W1": 64
   },
   "owned_hull_vertices": {
    "corner-NE": 12,
    "corner-SE": 16,
    "corner-SW": 16,
    "interior-E": 16,
    "interior-NW": 16,
    "interior-S": 16,
    "interior-SW": 11,
    "interior-W": 16,
    "side-E0": 16,
    "side-E1": 0,
    "side-N0": 13,
    "side-N1": 16,
    "side-N2": 0,
    "side-S0": 16,
    "side-S2": 0,
    "side-W0": 16,
    "side-W1": 16
   },
   "planned_rows": null,
   "residual_box_extent": {
    "corner-NE": [
     "79/100",
     "79/100"
    ],
    "corner-SE": [
     "79/100",
     "79/100"
    ],
    "corner-SW": [
     "79/100",
     "79/100"
    ],
    "interior-E": [
     "2231/65536000",
     "159196428524383628802729/244277898444800000000000"
    ],
    "interior-NW": [
     "11916963/19226000",
     "26961/46000"
    ],
    "interior-S": [
     "251708774348983788140513/1016606137384960000000000",
     "1470421533023832769325276831827/4961270430172376934400000000000"
    ],
    "interior-SW": [
     "2602877083909573841219/5827287477329566105600",
     "223070836553703980863/402679630442790912000"
    ],
    "interior-W": [
     "773504706723550116468395406771/2997778295291729561600000000000",
     "817581784627625900455581/3566202657925120000000000"
    ],
    "side-E0": [
     "9391771405562167440570877/13001882421524480000000000",
     "11453124594090576423775610069/19834600521018900480000000000"
    ],
    "side-E1": null,
    "side-N0": [
     "529/750",
     "113001648494515854817829/145691486528000000000000"
    ],
    "side-N1": [
     "11366896984771411227223/19125530334412800000000",
     "42796303080252979304271847/48102395733606400000000000"
    ],
    "side-N2": [
     "529/750",
     "911/1000"
    ],
    "side-S0": [
     "2863282244603296917152242361/4958650130254725120000000000",
     "204136745266386960935413579197/364852531483941222400000000000"
    ],
    "side-S2": [
     "529/750",
     "911/1000"
    ],
    "side-W0": [
     "70937453199247408306784113/131536294269262387200000000",
     "12802087762693976790604715292148783425659/26428231276141105281501377331200000000000"
    ],
    "side-W1": [
     "38711469/50000000",
     "992911662598161537393858529/3949817607815139840000000000"
    ]
   },
   "round": 1,
   "rows": {
    "corner-NE": 64,
    "corner-SE": 64,
    "corner-SW": 64,
    "interior-E": 64,
    "interior-NW": 64,
    "interior-S": 64,
    "interior-SW": 64,
    "interior-W": 64,
    "side-E0": 64,
    "side-E1": 64,
    "side-N0": 64,
    "side-N1": 64,
    "side-N2": 64,
    "side-S0": 64,
    "side-S2": 64,
    "side-W0": 64,
    "side-W1": 64
   },
   "splits": null,
   "steps": 27
  }
 ],
 "rows_checked": 1728,
 "status": "PASS_CERTIFIED_CLOSED",
 "steps_checked": 27,
 "wall_seconds": 260.98931595799513
}
