{"round": 0, "step": 0, "owner": "corner-SW", "live_rows": 64, "owned_hull_vertices": 12, "rows": 64, "seconds": 2.5}
{"round": 0, "step": 1, "owner": "corner-SE", "live_rows": 64, "owned_hull_vertices": 12, "rows": 64, "seconds": 4.4}
{"round": 0, "step": 2, "owner": "corner-NE", "live_rows": 64, "owned_hull_vertices": 12, "rows": 64, "seconds": 5.4}
{"round": 0, "step": 3, "owner": "side-S0", "live_rows": 64, "owned_hull_vertices": 0, "rows": 64, "seconds": 7.9}
{"round": 0, "step": 4, "owner": "side-N0", "live_rows": 64, "owned_hull_vertices": 0, "rows": 64, "seconds": 10.2}
{"round": 0, "step": 5, "owner": "side-W0", "live_rows": 64, "owned_hull_vertices": 0, "rows": 64, "seconds": 13.5}
{"round": 0, "step": 6, "owner": "side-E0", "live_rows": 64, "owned_hull_vertices": 0, "rows": 64, "seconds": 16.8}
{"round": 0, "step": 7, "owner": "side-N1", "live_rows": 64, "owned_hull_vertices": 0, "rows": 64, "seconds": 21.0}
{"round": 0, "step": 8, "owner": "side-W1", "live_rows": 64, "owned_hull_vertices": 7, "rows": 64, "seconds": 25.4}
{"round": 0, "step": 9, "owner": "side-E1", "live_rows": 64, "owned_hull_vertices": 0, "rows": 64, "seconds": 29.5}
{"round": 0, "step": 10, "owner": "side-S2", "live_rows": 64, "owned_hull_vertices": 0, "rows": 64, "seconds": 32.3}
{"round": 0, "step": 11, "owner": "side-N2", "live_rows": 64, "owned_hull_vertices": 0, "rows": 64, "seconds": 34.9}
{"round": 0, "step": 12, "owner": "interior-SW", "live_rows": 49, "owned_hull_vertices": 11, "rows": 64, "seconds": 39.2}
{"round": 0, "step": 13, "owner": "interior-NW", "live_rows": 64, "owned_hull_vertices": 16, "rows": 64, "seconds": 42.8}
{"round": 0, "step": 14, "owner": "interior-W", "live_rows": 41, "owned_hull_vertices": 16, "rows": 64, "seconds": 47.6}
{"round": 0, "step": 15, "owner": "interior-S", "live_rows": 64, "owned_hull_vertices": 16, "rows": 64, "seconds": 51.8}
{"round": 0, "step": 16, "owner": "interior-E", "live_rows": 24, "owned_hull_vertices": 16, "rows": 64, "seconds": 55.6}
{"round": 1, "step": 17, "owner": "corner-SW", "live_rows": 64, "owned_hull_vertices": 16, "rows": 64, "seconds": 59.3}
{"round": 1, "step": 18, "owner": "corner-SE", "live_rows": 64, "owned_hull_vertices": 16, "rows": 64, "seconds": 64.3}
{"round": 1, "step": 19, "owner": "corner-NE", "live_rows": 64, "owned_hull_vertices": 12, "rows": 64, "seconds": 68.9}
{"round": 1, "step": 20, "owner": "side-S0", "live_rows": 64, "owned_hull_vertices": 16, "rows": 64, "seconds": 72.6}
{"round": 1, "step": 21, "owner": "side-N0", "live_rows": 64, "owned_hull_vertices": 13, "rows": 64, "seconds": 79.3}
{"round": 1, "step": 22, "owner": "side-W0", "live_rows": 64, "owned_hull_vertices": 16, "rows": 64, "seconds": 83.3}
{"round": 1, "step": 23, "owner": "side-E0", "live_rows": 64, "owned_hull_vertices": 16, "rows": 64, "seconds": 90.4}
{"round": 1, "step": 24, "owner": "side-N1", "live_rows": 64, "owned_hull_vertices": 16, "rows": 64, "seconds": 102.1}
{"round": 1, "step": 25, "owner": "side-W1", "live_rows": 64, "owned_hull_vertices": 16, "rows": 64, "seconds": 109.0}
{"round": 1, "step": 26, "owner": "side-E1", "live_rows": 0, "owned_hull_vertices": 0, "rows": 64, "seconds": 119.8}
