warning: The `UV_NATIVE_TLS` environment variable is deprecated and will be removed in a future release. Use `UV_SYSTEM_CERTS` instead.
{"round": 0, "step": 0, "owner": "corner-SW", "live_rows": 64, "owned_hull_vertices": 12, "seconds": 5.6}
{"round": 0, "step": 1, "owner": "side-N0", "live_rows": 64, "owned_hull_vertices": 0, "seconds": 8.4}
{"round": 0, "step": 2, "owner": "side-W0", "live_rows": 64, "owned_hull_vertices": 0, "seconds": 18.5}
{"round": 0, "step": 3, "owner": "side-W1", "live_rows": 64, "owned_hull_vertices": 0, "seconds": 30.9}
{"round": 0, "step": 4, "owner": "side-W2", "live_rows": 64, "owned_hull_vertices": 0, "seconds": 38.6}
{"round": 0, "step": 5, "owner": "interior-SW", "live_rows": 64, "owned_hull_vertices": 16, "seconds": 46.1}
{"round": 1, "step": 6, "owner": "corner-SW", "live_rows": 64, "owned_hull_vertices": 12, "seconds": 53.4}
{"round": 1, "step": 7, "owner": "side-N0", "live_rows": 64, "owned_hull_vertices": 0, "seconds": 58.3}
{"round": 1, "step": 8, "owner": "side-W0", "live_rows": 64, "owned_hull_vertices": 16, "seconds": 70.0}
{"round": 1, "step": 9, "owner": "side-W1", "live_rows": 64, "owned_hull_vertices": 6, "seconds": 86.5}
{"round": 1, "step": 10, "owner": "side-W2", "live_rows": 64, "owned_hull_vertices": 0, "seconds": 100.8}
{"round": 1, "step": 11, "owner": "interior-SW", "live_rows": 64, "owned_hull_vertices": 16, "seconds": 110.1}
{"round": 2, "step": 12, "owner": "corner-SW", "live_rows": 64, "owned_hull_vertices": 15, "seconds": 120.8}
{"round": 2, "step": 13, "owner": "side-N0", "live_rows": 64, "owned_hull_vertices": 0, "seconds": 130.0}
{"round": 2, "step": 14, "owner": "side-W0", "live_rows": 64, "owned_hull_vertices": 16, "seconds": 144.7}
{"round": 2, "step": 15, "owner": "side-W1", "live_rows": 64, "owned_hull_vertices": 6, "seconds": 161.9}
{"round": 2, "step": 16, "owner": "side-W2", "live_rows": 64, "owned_hull_vertices": 0, "seconds": 177.8}
{"round": 2, "step": 17, "owner": "interior-SW", "live_rows": 64, "owned_hull_vertices": 16, "seconds": 185.7}
{"round": 3, "step": 18, "owner": "corner-SW", "live_rows": 64, "owned_hull_vertices": 15, "seconds": 195.7}
{"round": 3, "step": 19, "owner": "side-N0", "live_rows": 64, "owned_hull_vertices": 0, "seconds": 205.8}
{"round": 3, "step": 20, "owner": "side-W0", "live_rows": 64, "owned_hull_vertices": 16, "seconds": 219.8}
{"round": 3, "step": 21, "owner": "side-W1", "live_rows": 64, "owned_hull_vertices": 6, "seconds": 238.7}
{"round": 3, "step": 22, "owner": "side-W2", "live_rows": 64, "owned_hull_vertices": 0, "seconds": 256.0}
{"round": 3, "step": 23, "owner": "interior-SW", "live_rows": 64, "owned_hull_vertices": 16, "seconds": 264.4}
{"round": 4, "step": 24, "owner": "corner-SW", "live_rows": 64, "owned_hull_vertices": 15, "seconds": 274.0}
{"round": 4, "step": 25, "owner": "side-N0", "live_rows": 64, "owned_hull_vertices": 0, "seconds": 284.4}
{"round": 4, "step": 26, "owner": "side-W0", "live_rows": 64, "owned_hull_vertices": 16, "seconds": 300.1}
{"round": 4, "step": 27, "owner": "side-W1", "live_rows": 64, "owned_hull_vertices": 6, "seconds": 318.7}
{"round": 4, "step": 28, "owner": "side-W2", "live_rows": 64, "owned_hull_vertices": 0, "seconds": 334.3}
{"round": 4, "step": 29, "owner": "interior-SW", "live_rows": 64, "owned_hull_vertices": 16, "seconds": 343.0}
