A-control n=18 seed=1 best=5.000000000000 2.9s
A-control n=18 seed=2 best=5.000000000000 3.0s
A-control n=18 seed=3 best=5.000000000000 2.9s
A-control n=40 seed=1 best=7.000000000000 2.6s
A-control n=40 seed=2 best=7.000000000000 3.0s
A-control n=40 seed=3 best=7.000000000000 3.4s
A-hot050 n=18 seed=1 best=5.000000000000 5.4s
A-hot050 n=18 seed=2 best=5.000000000000 5.8s
A-hot050 n=18 seed=3 best=5.000000000000 6.5s
A-hot050 n=40 seed=1 best=7.000000000000 5.0s
A-hot050 n=40 seed=2 best=7.000000000000 4.2s
A-hot050 n=40 seed=3 best=7.000000000000 4.7s
A-hot100 n=18 seed=1 best=5.000000000000 4.0s
A-hot100 n=18 seed=2 best=5.000000000000 4.7s
A-hot100 n=18 seed=3 best=5.000000000000 4.8s
A-hot100 n=40 seed=1 best=7.000000000000 4.1s
A-hot100 n=40 seed=2 best=7.000000000000 3.8s
A-hot100 n=40 seed=3 best=7.000000000000 3.7s
A-hot200 n=18 seed=1 best=5.000000000000 3.6s
A-hot200 n=18 seed=2 best=5.000000000000 3.4s
A-hot200 n=18 seed=3 best=5.000000000000 3.3s
A-hot200 n=40 seed=1 best=7.000000000000 3.9s
A-hot200 n=40 seed=2 best=7.000000000000 3.9s
A-hot200 n=40 seed=3 best=7.000000000000 4.6s
A-hot400 n=18 seed=1 best=5.000000000000 4.8s
A-hot400 n=18 seed=2 best=5.000000000000 3.7s
A-hot400 n=18 seed=3 best=5.000000000000 3.0s
A-hot400 n=40 seed=1 best=7.000000000000 3.1s
A-hot400 n=40 seed=2 best=7.000000000000 2.7s
A-hot400 n=40 seed=3 best=7.000000000000 2.7s
A-reseed0 n=18 seed=1 best=5.000000000000 3.0s
A-reseed0 n=18 seed=2 best=5.000000000000 3.5s
A-reseed0 n=18 seed=3 best=5.000000000000 2.9s
A-reseed0 n=40 seed=1 best=7.000000000000 2.6s
A-reseed0 n=40 seed=2 best=7.000000000000 2.7s
A-reseed0 n=40 seed=3 best=7.000000000000 3.0s
A-steps4M n=18 seed=1 best=4.939581002030 4.3s
A-steps4M n=18 seed=2 best=4.914601820519 5.1s
A-steps4M n=18 seed=3 best=4.880964473550 5.5s
A-steps4M n=40 seed=1 best=7.000000000000 5.2s
A-steps4M n=40 seed=2 best=7.000000000000 4.8s
A-steps4M n=40 seed=3 best=7.000000000000 5.4s
{"wrote": "packing/campaign/series/series-000-smoke-and-calibration/results/exp-155-arm-calibration/pass-3/summary.json"}
