{"round": 0, "step": 0, "owner": "corner-SW", "live_rows": 64, "owned_hull_vertices": 12, "rows": 64, "seconds": 2.8}
{"round": 0, "step": 1, "owner": "side-S0", "live_rows": 64, "owned_hull_vertices": 0, "rows": 64, "seconds": 5.8}
{"round": 0, "step": 2, "owner": "side-W0", "live_rows": 64, "owned_hull_vertices": 0, "rows": 64, "seconds": 9.8}
{"round": 0, "step": 3, "owner": "side-S1", "live_rows": 64, "owned_hull_vertices": 0, "rows": 64, "seconds": 14.9}
{"round": 0, "step": 4, "owner": "side-W1", "live_rows": 64, "owned_hull_vertices": 0, "rows": 64, "seconds": 21.4}
{"round": 0, "step": 5, "owner": "side-W2", "live_rows": 64, "owned_hull_vertices": 0, "rows": 64, "seconds": 25.5}
{"round": 0, "step": 6, "owner": "interior-NW", "live_rows": 64, "owned_hull_vertices": 16, "rows": 64, "seconds": 29.0}
{"round": 0, "step": 7, "owner": "interior-W", "live_rows": 64, "owned_hull_vertices": 8, "rows": 64, "seconds": 34.4}
{"round": 0, "step": 8, "owner": "interior-SE", "live_rows": 64, "owned_hull_vertices": 16, "rows": 64, "seconds": 36.8}
{"round": 1, "step": 9, "owner": "corner-SW", "live_rows": 64, "owned_hull_vertices": 12, "rows": 64, "seconds": 40.1}
{"round": 1, "step": 10, "owner": "side-S0", "live_rows": 64, "owned_hull_vertices": 0, "rows": 64, "seconds": 44.3}
{"round": 1, "step": 11, "owner": "side-W0", "live_rows": 64, "owned_hull_vertices": 0, "rows": 64, "seconds": 50.5}
{"round": 1, "step": 12, "owner": "side-S1", "live_rows": 64, "owned_hull_vertices": 0, "rows": 64, "seconds": 58.4}
{"round": 1, "step": 13, "owner": "side-W1", "live_rows": 64, "owned_hull_vertices": 4, "rows": 64, "seconds": 63.7}
{"round": 1, "step": 14, "owner": "side-W2", "live_rows": 64, "owned_hull_vertices": 16, "rows": 64, "seconds": 68.0}
{"round": 1, "step": 15, "owner": "interior-NW", "live_rows": 64, "owned_hull_vertices": 16, "rows": 64, "seconds": 72.4}
{"round": 1, "step": 16, "owner": "interior-W", "live_rows": 64, "owned_hull_vertices": 16, "rows": 64, "seconds": 78.1}
{"round": 1, "step": 17, "owner": "interior-SE", "live_rows": 64, "owned_hull_vertices": 16, "rows": 64, "seconds": 81.0}
{"round": 2, "step": 18, "owner": "corner-SW", "live_rows": 128, "owned_hull_vertices": 16, "rows": 128, "seconds": 89.3}
{"round": 2, "step": 19, "owner": "side-S0", "live_rows": 128, "owned_hull_vertices": 0, "rows": 128, "seconds": 112.2}
{"round": 2, "step": 20, "owner": "side-W0", "live_rows": 76, "owned_hull_vertices": 0, "rows": 76, "seconds": 131.0}
{"round": 2, "step": 21, "owner": "side-S1", "live_rows": 64, "owned_hull_vertices": 0, "rows": 64, "seconds": 152.5}
{"round": 2, "step": 22, "owner": "side-W1", "live_rows": 82, "owned_hull_vertices": 3, "rows": 82, "seconds": 165.2}
{"round": 2, "step": 23, "owner": "side-W2", "live_rows": 64, "owned_hull_vertices": 16, "rows": 64, "seconds": 172.6}
{"round": 2, "step": 24, "owner": "interior-NW", "live_rows": 64, "owned_hull_vertices": 16, "rows": 64, "seconds": 179.7}
{"round": 2, "step": 25, "owner": "interior-W", "live_rows": 64, "owned_hull_vertices": 16, "rows": 64, "seconds": 187.8}
{"round": 2, "step": 26, "owner": "interior-SE", "live_rows": 128, "owned_hull_vertices": 16, "rows": 128, "seconds": 195.3}
{"round": 3, "step": 27, "owner": "corner-SW", "live_rows": 183, "owned_hull_vertices": 16, "rows": 183, "seconds": 213.7}
{"round": 3, "step": 28, "owner": "side-S0", "live_rows": 128, "owned_hull_vertices": 0, "rows": 128, "seconds": 239.7}
{"round": 3, "step": 29, "owner": "side-W0", "live_rows": 76, "owned_hull_vertices": 0, "rows": 76, "seconds": 254.4}
{"round": 3, "step": 30, "owner": "side-S1", "live_rows": 107, "owned_hull_vertices": 0, "rows": 107, "seconds": 296.0}
{"round": 3, "step": 31, "owner": "side-W1", "live_rows": 82, "owned_hull_vertices": 8, "rows": 82, "seconds": 308.4}
{"round": 3, "step": 32, "owner": "side-W2", "live_rows": 64, "owned_hull_vertices": 16, "rows": 64, "seconds": 316.5}
{"round": 3, "step": 33, "owner": "interior-NW", "live_rows": 64, "owned_hull_vertices": 16, "rows": 64, "seconds": 326.1}
{"round": 3, "step": 34, "owner": "interior-W", "live_rows": 64, "owned_hull_vertices": 16, "rows": 64, "seconds": 335.8}
{"round": 3, "step": 35, "owner": "interior-SE", "live_rows": 232, "owned_hull_vertices": 16, "rows": 232, "seconds": 349.6}
{"round": 4, "step": 36, "owner": "corner-SW", "live_rows": 265, "owned_hull_vertices": 16, "rows": 265, "seconds": 374.6}
{"round": 4, "step": 37, "owner": "side-S0", "live_rows": 128, "owned_hull_vertices": 0, "rows": 128, "seconds": 411.3}
{"round": 4, "step": 38, "owner": "side-W0", "live_rows": 76, "owned_hull_vertices": 0, "rows": 76, "seconds": 428.3}
{"round": 4, "step": 39, "owner": "side-S1", "live_rows": 107, "owned_hull_vertices": 0, "rows": 107, "seconds": 484.9}
{"round": 4, "step": 40, "owner": "side-W1", "live_rows": 121, "owned_hull_vertices": 11, "rows": 121, "seconds": 501.7}
{"round": 4, "step": 41, "owner": "side-W2", "live_rows": 64, "owned_hull_vertices": 16, "rows": 64, "seconds": 510.8}
{"round": 4, "step": 42, "owner": "interior-NW", "live_rows": 64, "owned_hull_vertices": 16, "rows": 64, "seconds": 520.7}
{"round": 4, "step": 43, "owner": "interior-W", "live_rows": 64, "owned_hull_vertices": 16, "rows": 64, "seconds": 531.6}
{"round": 4, "step": 44, "owner": "interior-SE", "live_rows": 263, "owned_hull_vertices": 16, "rows": 263, "seconds": 546.7}
{"round": 5, "step": 45, "owner": "corner-SW", "live_rows": 265, "owned_hull_vertices": 16, "rows": 265, "seconds": 569.5}
{"round": 5, "step": 46, "owner": "side-S0", "live_rows": 128, "owned_hull_vertices": 0, "rows": 128, "seconds": 603.9}
{"round": 5, "step": 47, "owner": "side-W0", "live_rows": 76, "owned_hull_vertices": 0, "rows": 76, "seconds": 622.9}
{"round": 5, "step": 48, "owner": "side-S1", "live_rows": 107, "owned_hull_vertices": 0, "rows": 107, "seconds": 675.6}
{"round": 5, "step": 49, "owner": "side-W1", "live_rows": 121, "owned_hull_vertices": 12, "rows": 121, "seconds": 692.3}
{"round": 5, "step": 50, "owner": "side-W2", "live_rows": 64, "owned_hull_vertices": 16, "rows": 64, "seconds": 701.9}
{"round": 5, "step": 51, "owner": "interior-NW", "live_rows": 64, "owned_hull_vertices": 16, "rows": 64, "seconds": 712.2}
{"round": 5, "step": 52, "owner": "interior-W", "live_rows": 64, "owned_hull_vertices": 16, "rows": 64, "seconds": 723.1}
{"round": 5, "step": 53, "owner": "interior-SE", "live_rows": 263, "owned_hull_vertices": 16, "rows": 263, "seconds": 738.0}
{"round": 6, "step": 54, "owner": "corner-SW", "live_rows": 265, "owned_hull_vertices": 16, "rows": 265, "seconds": 766.3}
{"round": 6, "step": 55, "owner": "side-S0", "live_rows": 128, "owned_hull_vertices": 0, "rows": 128, "seconds": 802.3}
{"round": 6, "step": 56, "owner": "side-W0", "live_rows": 76, "owned_hull_vertices": 0, "rows": 76, "seconds": 818.6}
{"round": 6, "step": 57, "owner": "side-S1", "live_rows": 107, "owned_hull_vertices": 0, "rows": 107, "seconds": 871.6}
{"round": 6, "step": 58, "owner": "side-W1", "live_rows": 121, "owned_hull_vertices": 16, "rows": 121, "seconds": 887.9}
{"round": 6, "step": 59, "owner": "side-W2", "live_rows": 64, "owned_hull_vertices": 16, "rows": 64, "seconds": 897.4}
{"round": 6, "step": 60, "owner": "interior-NW", "live_rows": 64, "owned_hull_vertices": 16, "rows": 64, "seconds": 907.9}
{"round": 6, "step": 61, "owner": "interior-W", "live_rows": 64, "owned_hull_vertices": 16, "rows": 64, "seconds": 919.2}
{"round": 6, "step": 62, "owner": "interior-SE", "live_rows": 263, "owned_hull_vertices": 16, "rows": 263, "seconds": 934.2}
{"round": 7, "step": 63, "owner": "corner-SW", "live_rows": 265, "owned_hull_vertices": 16, "rows": 265, "seconds": 964.9}
{"round": 7, "step": 64, "owner": "side-S0", "live_rows": 128, "owned_hull_vertices": 0, "rows": 128, "seconds": 998.8}
{"round": 7, "step": 65, "owner": "side-W0", "live_rows": 72, "owned_hull_vertices": 14, "rows": 76, "seconds": 1015.6}
{"round": 7, "step": 66, "owner": "side-S1", "live_rows": 107, "owned_hull_vertices": 0, "rows": 107, "seconds": 1074.4}
{"round": 7, "step": 67, "owner": "side-W1", "live_rows": 121, "owned_hull_vertices": 16, "rows": 121, "seconds": 1093.6}
{"round": 7, "step": 68, "owner": "side-W2", "live_rows": 64, "owned_hull_vertices": 16, "rows": 64, "seconds": 1104.8}
{"round": 7, "step": 69, "owner": "interior-NW", "live_rows": 64, "owned_hull_vertices": 16, "rows": 64, "seconds": 1114.9}
{"round": 7, "step": 70, "owner": "interior-W", "live_rows": 64, "owned_hull_vertices": 16, "rows": 64, "seconds": 1127.4}
{"round": 7, "step": 71, "owner": "interior-SE", "live_rows": 263, "owned_hull_vertices": 16, "rows": 263, "seconds": 1145.2}
{"round": 8, "step": 72, "owner": "corner-SW", "live_rows": 265, "owned_hull_vertices": 16, "rows": 265, "seconds": 1175.4}
{"round": 8, "step": 73, "owner": "side-S0", "live_rows": 128, "owned_hull_vertices": 16, "rows": 128, "seconds": 1207.8}
{"round": 8, "step": 74, "owner": "side-W0", "live_rows": 66, "owned_hull_vertices": 16, "rows": 76, "seconds": 1222.9}
{"round": 8, "step": 75, "owner": "side-S1", "live_rows": 107, "owned_hull_vertices": 16, "rows": 107, "seconds": 1262.9}
{"round": 8, "step": 76, "owner": "side-W1", "live_rows": 121, "owned_hull_vertices": 16, "rows": 121, "seconds": 1278.1}
{"round": 8, "step": 77, "owner": "side-W2", "live_rows": 64, "owned_hull_vertices": 16, "rows": 64, "seconds": 1287.6}
{"round": 8, "step": 78, "owner": "interior-NW", "live_rows": 64, "owned_hull_vertices": 16, "rows": 64, "seconds": 1296.8}
{"round": 8, "step": 79, "owner": "interior-W", "live_rows": 64, "owned_hull_vertices": 16, "rows": 64, "seconds": 1307.2}
{"round": 8, "step": 80, "owner": "interior-SE", "live_rows": 263, "owned_hull_vertices": 16, "rows": 263, "seconds": 1332.4}
{"round": 9, "step": 81, "owner": "corner-SW", "live_rows": 265, "owned_hull_vertices": 16, "rows": 265, "seconds": 1358.7}
{"round": 9, "step": 82, "owner": "side-S0", "live_rows": 95, "owned_hull_vertices": 16, "rows": 128, "seconds": 1377.0}
{"round": 9, "step": 83, "owner": "side-W0", "live_rows": 65, "owned_hull_vertices": 16, "rows": 76, "seconds": 1387.8}
{"round": 9, "step": 84, "owner": "side-S1", "live_rows": 107, "owned_hull_vertices": 16, "rows": 107, "seconds": 1410.0}
{"round": 9, "step": 85, "owner": "side-W1", "live_rows": 121, "owned_hull_vertices": 16, "rows": 121, "seconds": 1418.6}
{"round": 9, "step": 86, "owner": "side-W2", "live_rows": 43, "owned_hull_vertices": 16, "rows": 64, "seconds": 1424.5}
{"round": 9, "step": 87, "owner": "interior-NW", "live_rows": 64, "owned_hull_vertices": 16, "rows": 64, "seconds": 1430.2}
{"round": 9, "step": 88, "owner": "interior-W", "live_rows": 64, "owned_hull_vertices": 16, "rows": 64, "seconds": 1436.1}
{"round": 9, "step": 89, "owner": "interior-SE", "live_rows": 263, "owned_hull_vertices": 16, "rows": 263, "seconds": 1472.4}
{"round": 10, "step": 90, "owner": "corner-SW", "live_rows": 232, "owned_hull_vertices": 16, "rows": 265, "seconds": 1486.6}
{"round": 10, "step": 91, "owner": "side-S0", "live_rows": 88, "owned_hull_vertices": 16, "rows": 128, "seconds": 1496.2}
{"round": 10, "step": 92, "owner": "side-W0", "live_rows": 61, "owned_hull_vertices": 16, "rows": 76, "seconds": 1503.0}
{"round": 10, "step": 93, "owner": "side-S1", "live_rows": 107, "owned_hull_vertices": 16, "rows": 107, "seconds": 1522.2}
{"round": 10, "step": 94, "owner": "side-W1", "live_rows": 99, "owned_hull_vertices": 16, "rows": 121, "seconds": 1528.3}
{"round": 10, "step": 95, "owner": "side-W2", "live_rows": 31, "owned_hull_vertices": 16, "rows": 64, "seconds": 1531.5}
{"round": 10, "step": 96, "owner": "interior-NW", "live_rows": 64, "owned_hull_vertices": 16, "rows": 64, "seconds": 1535.2}
{"round": 10, "step": 97, "owner": "interior-W", "live_rows": 64, "owned_hull_vertices": 16, "rows": 64, "seconds": 1539.8}
{"round": 10, "step": 98, "owner": "interior-SE", "live_rows": 263, "owned_hull_vertices": 16, "rows": 263, "seconds": 1564.2}
{"round": 11, "step": 99, "owner": "corner-SW", "live_rows": 228, "owned_hull_vertices": 16, "rows": 265, "seconds": 1576.5}
{"round": 11, "step": 100, "owner": "side-S0", "live_rows": 86, "owned_hull_vertices": 16, "rows": 128, "seconds": 1585.2}
{"round": 11, "step": 101, "owner": "side-W0", "live_rows": 60, "owned_hull_vertices": 16, "rows": 76, "seconds": 1591.3}
{"round": 11, "step": 102, "owner": "side-S1", "live_rows": 107, "owned_hull_vertices": 16, "rows": 107, "seconds": 1616.3}
{"round": 11, "step": 103, "owner": "side-W1", "live_rows": 62, "owned_hull_vertices": 16, "rows": 121, "seconds": 1621.6}
{"round": 11, "step": 104, "owner": "side-W2", "live_rows": 28, "owned_hull_vertices": 16, "rows": 64, "seconds": 1624.2}
{"round": 11, "step": 105, "owner": "interior-NW", "live_rows": 64, "owned_hull_vertices": 16, "rows": 64, "seconds": 1628.1}
{"round": 11, "step": 106, "owner": "interior-W", "live_rows": 64, "owned_hull_vertices": 16, "rows": 64, "seconds": 1632.5}
{"round": 11, "step": 107, "owner": "interior-SE", "live_rows": 263, "owned_hull_vertices": 16, "rows": 263, "seconds": 1656.1}
{"round": 12, "step": 108, "owner": "corner-SW", "live_rows": 224, "owned_hull_vertices": 16, "rows": 265, "seconds": 1667.7}
{"round": 12, "step": 109, "owner": "side-S0", "live_rows": 82, "owned_hull_vertices": 16, "rows": 128, "seconds": 1676.4}
{"round": 12, "step": 110, "owner": "side-W0", "live_rows": 29, "owned_hull_vertices": 16, "rows": 76, "seconds": 1681.7}
{"round": 12, "step": 111, "owner": "side-S1", "live_rows": 107, "owned_hull_vertices": 16, "rows": 107, "seconds": 1699.1}
{"round": 12, "step": 112, "owner": "side-W1", "live_rows": 58, "owned_hull_vertices": 16, "rows": 121, "seconds": 1703.1}
{"round": 12, "step": 113, "owner": "side-W2", "live_rows": 28, "owned_hull_vertices": 16, "rows": 64, "seconds": 1711.1}
{"round": 12, "step": 114, "owner": "interior-NW", "live_rows": 64, "owned_hull_vertices": 16, "rows": 64, "seconds": 1726.1}
{"round": 12, "step": 115, "owner": "interior-W", "live_rows": 47, "owned_hull_vertices": 16, "rows": 64, "seconds": 1739.3}
{"round": 12, "step": 116, "owner": "interior-SE", "live_rows": 263, "owned_hull_vertices": 16, "rows": 263, "seconds": 1801.4}
{"round": 13, "step": 117, "owner": "corner-SW", "live_rows": 199, "owned_hull_vertices": 16, "rows": 265, "seconds": 1835.0}
{"round": 13, "step": 118, "owner": "side-S0", "live_rows": 48, "owned_hull_vertices": 16, "rows": 128, "seconds": 1856.3}
{"round": 13, "step": 119, "owner": "side-W0", "live_rows": 27, "owned_hull_vertices": 16, "rows": 76, "seconds": 1866.4}
{"round": 13, "step": 120, "owner": "side-S1", "live_rows": 107, "owned_hull_vertices": 16, "rows": 107, "seconds": 1904.0}
{"round": 13, "step": 121, "owner": "side-W1", "live_rows": 58, "owned_hull_vertices": 16, "rows": 121, "seconds": 1910.4}
{"round": 13, "step": 122, "owner": "side-W2", "live_rows": 28, "owned_hull_vertices": 16, "rows": 64, "seconds": 1914.7}
{"round": 13, "step": 123, "owner": "interior-NW", "live_rows": 64, "owned_hull_vertices": 16, "rows": 64, "seconds": 1919.5}
{"round": 13, "step": 124, "owner": "interior-W", "live_rows": 42, "owned_hull_vertices": 16, "rows": 64, "seconds": 1922.9}
{"round": 13, "step": 125, "owner": "interior-SE", "live_rows": 263, "owned_hull_vertices": 16, "rows": 263, "seconds": 1940.4}
{"round": 14, "step": 126, "owner": "corner-SW", "live_rows": 184, "owned_hull_vertices": 16, "rows": 265, "seconds": 1949.8}
{"round": 14, "step": 127, "owner": "side-S0", "live_rows": 43, "owned_hull_vertices": 16, "rows": 128, "seconds": 1954.2}
{"round": 14, "step": 128, "owner": "side-W0", "live_rows": 27, "owned_hull_vertices": 16, "rows": 76, "seconds": 1956.9}
{"round": 14, "step": 129, "owner": "side-S1", "live_rows": 107, "owned_hull_vertices": 16, "rows": 107, "seconds": 1969.5}
{"round": 14, "step": 130, "owner": "side-W1", "live_rows": 58, "owned_hull_vertices": 16, "rows": 121, "seconds": 1973.6}
{"round": 14, "step": 131, "owner": "side-W2", "live_rows": 25, "owned_hull_vertices": 16, "rows": 64, "seconds": 1976.0}
{"round": 14, "step": 132, "owner": "interior-NW", "live_rows": 64, "owned_hull_vertices": 16, "rows": 64, "seconds": 1980.6}
{"round": 14, "step": 133, "owner": "interior-W", "live_rows": 42, "owned_hull_vertices": 16, "rows": 64, "seconds": 1986.0}
{"round": 14, "step": 134, "owner": "interior-SE", "live_rows": 263, "owned_hull_vertices": 16, "rows": 263, "seconds": 2009.8}
{"round": 15, "step": 135, "owner": "corner-SW", "live_rows": 182, "owned_hull_vertices": 16, "rows": 265, "seconds": 2022.0}
{"round": 15, "step": 136, "owner": "side-S0", "live_rows": 41, "owned_hull_vertices": 16, "rows": 128, "seconds": 2027.4}
{"round": 15, "step": 137, "owner": "side-W0", "live_rows": 27, "owned_hull_vertices": 16, "rows": 76, "seconds": 2031.1}
{"round": 15, "step": 138, "owner": "side-S1", "live_rows": 107, "owned_hull_vertices": 16, "rows": 107, "seconds": 2048.8}
{"round": 15, "step": 139, "owner": "side-W1", "live_rows": 55, "owned_hull_vertices": 16, "rows": 121, "seconds": 2052.9}
{"round": 15, "step": 140, "owner": "side-W2", "live_rows": 23, "owned_hull_vertices": 16, "rows": 64, "seconds": 2055.3}
{"round": 15, "step": 141, "owner": "interior-NW", "live_rows": 64, "owned_hull_vertices": 16, "rows": 64, "seconds": 2059.7}
{"round": 15, "step": 142, "owner": "interior-W", "live_rows": 41, "owned_hull_vertices": 16, "rows": 64, "seconds": 2063.4}
{"round": 15, "step": 143, "owner": "interior-SE", "live_rows": 263, "owned_hull_vertices": 16, "rows": 263, "seconds": 2086.3}
{"round": 16, "step": 144, "owner": "corner-SW", "live_rows": 182, "owned_hull_vertices": 16, "rows": 265, "seconds": 2096.6}
{"round": 16, "step": 145, "owner": "side-S0", "live_rows": 40, "owned_hull_vertices": 16, "rows": 128, "seconds": 2101.7}
{"round": 16, "step": 146, "owner": "side-W0", "live_rows": 24, "owned_hull_vertices": 16, "rows": 76, "seconds": 2105.2}
{"round": 16, "step": 147, "owner": "side-S1", "live_rows": 107, "owned_hull_vertices": 16, "rows": 107, "seconds": 2123.0}
{"round": 16, "step": 148, "owner": "side-W1", "live_rows": 54, "owned_hull_vertices": 16, "rows": 121, "seconds": 2128.1}
{"round": 16, "step": 149, "owner": "side-W2", "live_rows": 23, "owned_hull_vertices": 16, "rows": 64, "seconds": 2130.5}
{"round": 16, "step": 150, "owner": "interior-NW", "live_rows": 64, "owned_hull_vertices": 16, "rows": 64, "seconds": 2136.0}
{"round": 16, "step": 151, "owner": "interior-W", "live_rows": 41, "owned_hull_vertices": 16, "rows": 64, "seconds": 2139.5}
{"round": 16, "step": 152, "owner": "interior-SE", "live_rows": 263, "owned_hull_vertices": 16, "rows": 263, "seconds": 2162.3}
{"round": 17, "step": 153, "owner": "corner-SW", "live_rows": 182, "owned_hull_vertices": 16, "rows": 265, "seconds": 2171.4}
{"round": 17, "step": 154, "owner": "side-S0", "live_rows": 39, "owned_hull_vertices": 16, "rows": 128, "seconds": 2175.9}
{"round": 17, "step": 155, "owner": "side-W0", "live_rows": 24, "owned_hull_vertices": 16, "rows": 76, "seconds": 2178.8}
{"round": 17, "step": 156, "owner": "side-S1", "live_rows": 107, "owned_hull_vertices": 16, "rows": 107, "seconds": 2196.9}
{"round": 17, "step": 157, "owner": "side-W1", "live_rows": 54, "owned_hull_vertices": 16, "rows": 121, "seconds": 2200.9}
{"round": 17, "step": 158, "owner": "side-W2", "live_rows": 23, "owned_hull_vertices": 16, "rows": 64, "seconds": 2204.4}
{"round": 17, "step": 159, "owner": "interior-NW", "live_rows": 64, "owned_hull_vertices": 16, "rows": 64, "seconds": 2210.5}
{"round": 17, "step": 160, "owner": "interior-W", "live_rows": 41, "owned_hull_vertices": 16, "rows": 64, "seconds": 2216.0}
{"round": 17, "step": 161, "owner": "interior-SE", "live_rows": 263, "owned_hull_vertices": 16, "rows": 263, "seconds": 2249.3}
{"round": 18, "step": 162, "owner": "corner-SW", "live_rows": 180, "owned_hull_vertices": 16, "rows": 265, "seconds": 2264.4}
{"round": 18, "step": 163, "owner": "side-S0", "live_rows": 39, "owned_hull_vertices": 16, "rows": 128, "seconds": 2271.4}
{"round": 18, "step": 164, "owner": "side-W0", "live_rows": 24, "owned_hull_vertices": 16, "rows": 76, "seconds": 2275.8}
{"round": 18, "step": 165, "owner": "side-S1", "live_rows": 107, "owned_hull_vertices": 16, "rows": 107, "seconds": 2300.7}
{"round": 18, "step": 166, "owner": "side-W1", "live_rows": 53, "owned_hull_vertices": 16, "rows": 121, "seconds": 2306.8}
{"round": 18, "step": 167, "owner": "side-W2", "live_rows": 23, "owned_hull_vertices": 16, "rows": 64, "seconds": 2310.4}
{"round": 18, "step": 168, "owner": "interior-NW", "live_rows": 64, "owned_hull_vertices": 16, "rows": 64, "seconds": 2316.2}
{"round": 18, "step": 169, "owner": "interior-W", "live_rows": 41, "owned_hull_vertices": 16, "rows": 64, "seconds": 2321.1}
{"round": 18, "step": 170, "owner": "interior-SE", "live_rows": 263, "owned_hull_vertices": 16, "rows": 263, "seconds": 2353.5}
{"round": 19, "step": 171, "owner": "corner-SW", "live_rows": 180, "owned_hull_vertices": 16, "rows": 265, "seconds": 2371.5}
{"round": 19, "step": 172, "owner": "side-S0", "live_rows": 39, "owned_hull_vertices": 16, "rows": 128, "seconds": 2380.4}
{"round": 19, "step": 173, "owner": "side-W0", "live_rows": 24, "owned_hull_vertices": 16, "rows": 76, "seconds": 2386.0}
{"round": 19, "step": 174, "owner": "side-S1", "live_rows": 107, "owned_hull_vertices": 16, "rows": 107, "seconds": 2418.2}
{"round": 19, "step": 175, "owner": "side-W1", "live_rows": 53, "owned_hull_vertices": 16, "rows": 121, "seconds": 2425.1}
{"round": 19, "step": 176, "owner": "side-W2", "live_rows": 23, "owned_hull_vertices": 16, "rows": 64, "seconds": 2429.4}
{"round": 19, "step": 177, "owner": "interior-NW", "live_rows": 64, "owned_hull_vertices": 16, "rows": 64, "seconds": 2437.8}
{"round": 19, "step": 178, "owner": "interior-W", "live_rows": 41, "owned_hull_vertices": 16, "rows": 64, "seconds": 2444.4}
{"round": 19, "step": 179, "owner": "interior-SE", "live_rows": 263, "owned_hull_vertices": 16, "rows": 263, "seconds": 2485.7}
{"round": 20, "step": 180, "owner": "corner-SW", "live_rows": 180, "owned_hull_vertices": 16, "rows": 265, "seconds": 2525.9}
{"round": 20, "step": 181, "owner": "side-S0", "live_rows": 39, "owned_hull_vertices": 16, "rows": 128, "seconds": 2534.9}
{"round": 20, "step": 182, "owner": "side-W0", "live_rows": 24, "owned_hull_vertices": 16, "rows": 76, "seconds": 2541.0}
{"round": 20, "step": 183, "owner": "side-S1", "live_rows": 107, "owned_hull_vertices": 16, "rows": 107, "seconds": 2563.6}
{"round": 20, "step": 184, "owner": "side-W1", "live_rows": 53, "owned_hull_vertices": 16, "rows": 121, "seconds": 2569.2}
{"round": 20, "step": 185, "owner": "side-W2", "live_rows": 23, "owned_hull_vertices": 16, "rows": 64, "seconds": 2572.7}
{"round": 20, "step": 186, "owner": "interior-NW", "live_rows": 64, "owned_hull_vertices": 16, "rows": 64, "seconds": 2579.2}
{"round": 20, "step": 187, "owner": "interior-W", "live_rows": 41, "owned_hull_vertices": 16, "rows": 64, "seconds": 2584.6}
{"round": 20, "step": 188, "owner": "interior-SE", "live_rows": 263, "owned_hull_vertices": 16, "rows": 263, "seconds": 2616.6}
{"round": 21, "step": 189, "owner": "corner-SW", "live_rows": 180, "owned_hull_vertices": 16, "rows": 265, "seconds": 2630.2}
{"round": 21, "step": 190, "owner": "side-S0", "live_rows": 39, "owned_hull_vertices": 16, "rows": 128, "seconds": 2636.9}
{"round": 21, "step": 191, "owner": "side-W0", "live_rows": 24, "owned_hull_vertices": 16, "rows": 76, "seconds": 2641.0}
{"round": 21, "step": 192, "owner": "side-S1", "live_rows": 107, "owned_hull_vertices": 16, "rows": 107, "seconds": 2668.7}
{"round": 21, "step": 193, "owner": "side-W1", "live_rows": 53, "owned_hull_vertices": 16, "rows": 121, "seconds": 2675.8}
{"round": 21, "step": 194, "owner": "side-W2", "live_rows": 23, "owned_hull_vertices": 16, "rows": 64, "seconds": 2680.0}
{"round": 21, "step": 195, "owner": "interior-NW", "live_rows": 64, "owned_hull_vertices": 16, "rows": 64, "seconds": 2687.8}
{"round": 21, "step": 196, "owner": "interior-W", "live_rows": 41, "owned_hull_vertices": 16, "rows": 64, "seconds": 2694.5}
{"round": 21, "step": 197, "owner": "interior-SE", "live_rows": 263, "owned_hull_vertices": 16, "rows": 263, "seconds": 2738.8}
{"round": 22, "step": 198, "owner": "corner-SW", "live_rows": 180, "owned_hull_vertices": 16, "rows": 265, "seconds": 2756.8}
{"round": 22, "step": 199, "owner": "side-S0", "live_rows": 39, "owned_hull_vertices": 16, "rows": 128, "seconds": 2764.7}
{"round": 22, "step": 200, "owner": "side-W0", "live_rows": 24, "owned_hull_vertices": 16, "rows": 76, "seconds": 2770.4}
{"round": 22, "step": 201, "owner": "side-S1", "live_rows": 107, "owned_hull_vertices": 16, "rows": 107, "seconds": 2803.3}
{"round": 22, "step": 202, "owner": "side-W1", "live_rows": 53, "owned_hull_vertices": 16, "rows": 121, "seconds": 2811.7}
{"round": 22, "step": 203, "owner": "side-W2", "live_rows": 23, "owned_hull_vertices": 16, "rows": 64, "seconds": 2816.4}
{"round": 22, "step": 204, "owner": "interior-NW", "live_rows": 64, "owned_hull_vertices": 16, "rows": 64, "seconds": 2824.3}
{"round": 22, "step": 205, "owner": "interior-W", "live_rows": 41, "owned_hull_vertices": 16, "rows": 64, "seconds": 2831.0}
{"round": 22, "step": 206, "owner": "interior-SE", "live_rows": 263, "owned_hull_vertices": 16, "rows": 263, "seconds": 2872.9}
