{"arity": 6, "status": "still-flagged", "best_penetration": 0.005613414302674369, "seconds": 29.603}
{"arity": 6, "status": "still-flagged", "best_penetration": 0.014827620073726733, "seconds": 82.59}
{"arity": 6, "status": "still-flagged", "best_penetration": 0.001996270085042662, "seconds": 138.999}
{"arity": 7, "status": "still-flagged", "best_penetration": 0.011136079247246689, "seconds": 195.594}
{"arity": 7, "status": "still-flagged", "best_penetration": 0.004999479772897497, "seconds": 253.733}
{"arity": 7, "status": "still-flagged", "best_penetration": 0.0024178214940032694, "seconds": 315.296}
{"arity": 7, "status": "still-flagged", "best_penetration": 0.01307615578479071, "seconds": 367.59}
{"arity": 7, "status": "still-flagged", "best_penetration": 0.006305753607423026, "seconds": 416.454}
{"arity": 7, "status": "still-flagged", "best_penetration": 0.017174150435186553, "seconds": 464.735}
{"arity": 7, "status": "still-flagged", "best_penetration": 0.01255076421174206, "seconds": 521.192}
{"arity": 7, "status": "still-flagged", "best_penetration": 6.09648250555761e-05, "seconds": 586.568}
{"arity": 7, "status": "still-flagged", "best_penetration": 0.01732407590200402, "seconds": 637.294}
{"arity": 7, "status": "still-flagged", "best_penetration": 0.01639844953809022, "seconds": 687.653}
{"arity": 7, "status": "still-flagged", "best_penetration": 0.0024141377572435285, "seconds": 744.872}
{"arity": 7, "status": "still-flagged", "best_penetration": 0.010144955154776536, "seconds": 791.702}
{"arity": 7, "status": "still-flagged", "best_penetration": 6.269570100558841e-05, "seconds": 852.841}
{"arity": 7, "status": "still-flagged", "best_penetration": 0.017095708968768664, "seconds": 918.62}
{"arity": 7, "status": "still-flagged", "best_penetration": 0.02050843477342157, "seconds": 986.903}
{"arity": 7, "status": "still-flagged", "best_penetration": 0.008984160277538678, "seconds": 1058.218}
{"arity": 7, "status": "still-flagged", "best_penetration": 0.0011275753188640936, "seconds": 1142.897}
{"arity": 7, "status": "still-flagged", "best_penetration": 0.018459087570402932, "seconds": 1228.25}
{"arity": 7, "status": "still-flagged", "best_penetration": 0.0007591502969451769, "seconds": 1343.726}
{"arity": 7, "status": "still-flagged", "best_penetration": 0.011053149932217288, "seconds": 1445.22}
{"arity": 7, "status": "still-flagged", "best_penetration": 0.013890419056767467, "seconds": 1544.889}
{"arity": 7, "status": "still-flagged", "best_penetration": 0.01632708538865013, "seconds": 1662.381}
{"arity": 7, "status": "still-flagged", "best_penetration": 0.00795391550963287, "seconds": 1777.252}
{"arity": 7, "status": "still-flagged", "best_penetration": 0.007743526477856255, "seconds": 1903.044}
{"arity": 7, "status": "still-flagged", "best_penetration": 0.022805334545968003, "seconds": 2022.165}
{"arity": 7, "status": "still-flagged", "best_penetration": 0.008109213138310922, "seconds": 2133.695}
{"arity": 7, "status": "still-flagged", "best_penetration": 0.023288213014481363, "seconds": 2235.29}
{"arity": 7, "status": "still-flagged", "best_penetration": 0.01359207768632631, "seconds": 2329.585}
{"arity": 7, "status": "still-flagged", "best_penetration": 0.0015215142459479303, "seconds": 2426.438}
{"arity": 7, "status": "still-flagged", "best_penetration": 0.0015215139727347005, "seconds": 2519.154}
{"arity": 7, "status": "still-flagged", "best_penetration": 0.0018762217106917944, "seconds": 2605.947}
{"arity": 7, "status": "still-flagged", "best_penetration": 0.0014865261937415664, "seconds": 2687.232}
{"arity": 7, "status": "still-flagged", "best_penetration": 0.0025283414656196435, "seconds": 2783.165}
{"arity": 7, "status": "still-flagged", "best_penetration": 0.0024806134614281383, "seconds": 2877.673}
{"arity": 7, "status": "still-flagged", "best_penetration": 0.01622644529759265, "seconds": 2972.604}
{"arity": 7, "status": "still-flagged", "best_penetration": 0.0015120972958402312, "seconds": 3061.451}
{"arity": 7, "status": "still-flagged", "best_penetration": 0.0024336204550772234, "seconds": 3155.617}
{"arity": 7, "status": "still-flagged", "best_penetration": 6.0945255095701256e-05, "seconds": 3261.154}
{"arity": 7, "status": "still-flagged", "best_penetration": 0.0019385362821248142, "seconds": 3372.186}
{"arity": 7, "status": "still-flagged", "best_penetration": 0.005441594720325238, "seconds": 3473.272}
{"arity": 7, "status": "still-flagged", "best_penetration": 0.0015069809144017121, "seconds": 3564.38}
{"arity": 8, "status": "still-flagged", "best_penetration": 0.0034512441510036185, "seconds": 3655.27}
{"arity": 8, "status": "still-flagged", "best_penetration": 0.0020179385890251034, "seconds": 3724.097}
{"arity": 8, "status": "still-flagged", "best_penetration": 0.021952022963149354, "seconds": 3775.457}
{"arity": 8, "status": "still-flagged", "best_penetration": 0.01177946050928802, "seconds": 3824.075}
{"arity": 8, "status": "still-flagged", "best_penetration": 0.02364393988491076, "seconds": 3879.843}
{"arity": 8, "status": "still-flagged", "best_penetration": 0.0005805353042042105, "seconds": 3933.233}
{"arity": 8, "status": "still-flagged", "best_penetration": 0.0045544905787697765, "seconds": 3986.769}
{"arity": 8, "status": "still-flagged", "best_penetration": 0.0266801605764293, "seconds": 4039.916}
{"arity": 8, "status": "still-flagged", "best_penetration": 0.026659674406008027, "seconds": 4090.035}
{"arity": 8, "status": "still-flagged", "best_penetration": 6.17574503571916e-05, "seconds": 4166.165}
{"arity": 8, "status": "still-flagged", "best_penetration": 0.014621374052707359, "seconds": 4222.097}
{"arity": 8, "status": "still-flagged", "best_penetration": 0.015111707047354983, "seconds": 4276.993}
{"arity": 8, "status": "still-flagged", "best_penetration": 0.011921492710241344, "seconds": 4324.453}
{"arity": 8, "status": "still-flagged", "best_penetration": 0.010675471720079988, "seconds": 4381.114}
{"arity": 8, "status": "still-flagged", "best_penetration": 0.0005012695446748872, "seconds": 4453.121}
{"arity": 8, "status": "still-flagged", "best_penetration": 0.007068178472882991, "seconds": 4510.362}
{"arity": 8, "status": "still-flagged", "best_penetration": 0.0023375097649219745, "seconds": 4566.216}
{"arity": 8, "status": "still-flagged", "best_penetration": 0.0012036218005966326, "seconds": 4628.201}
{"arity": 8, "status": "still-flagged", "best_penetration": 0.01879879991747535, "seconds": 4682.761}
{"arity": 8, "status": "still-flagged", "best_penetration": 0.0007518353299729164, "seconds": 4752.658}
{"arity": 8, "status": "still-flagged", "best_penetration": 0.011393564493826891, "seconds": 4812.235}
{"arity": 8, "status": "still-flagged", "best_penetration": 0.005603276922722333, "seconds": 4873.469}
{"arity": 8, "status": "still-flagged", "best_penetration": 0.002834073364814338, "seconds": 4928.331}
{"arity": 8, "status": "still-flagged", "best_penetration": 0.005295645558827555, "seconds": 4977.273}
{"arity": 8, "status": "still-flagged", "best_penetration": 0.0001853803843537838, "seconds": 5031.764}
{"arity": 8, "status": "still-flagged", "best_penetration": 0.001481829918991373, "seconds": 5086.581}
{"arity": 8, "status": "still-flagged", "best_penetration": 0.009638644871955981, "seconds": 5145.332}
{"arity": 8, "status": "still-flagged", "best_penetration": 0.008233240141777176, "seconds": 5197.218}
{"arity": 8, "status": "still-flagged", "best_penetration": 0.0030019737401711932, "seconds": 5252.1}
{"arity": 8, "status": "still-flagged", "best_penetration": 0.0060011691815540225, "seconds": 5312.157}
{"arity": 8, "status": "still-flagged", "best_penetration": 0.006242985315783933, "seconds": 5370.777}
{"arity": 8, "status": "still-flagged", "best_penetration": 0.0007932554721673535, "seconds": 5432.976}
{"arity": 8, "status": "still-flagged", "best_penetration": 0.0023642768480071075, "seconds": 5493.45}
{"arity": 8, "status": "still-flagged", "best_penetration": 0.004765651401434257, "seconds": 5554.313}
{"arity": 8, "status": "still-flagged", "best_penetration": 0.0010792752766566327, "seconds": 5610.697}
{"arity": 8, "status": "still-flagged", "best_penetration": 0.01056020056973217, "seconds": 5676.23}
{"arity": 8, "status": "still-flagged", "best_penetration": 0.001652574861242817, "seconds": 5738.241}
{"arity": 8, "status": "still-flagged", "best_penetration": 0.0016699892432850971, "seconds": 5803.301}
{"arity": 8, "status": "still-flagged", "best_penetration": 0.006294398856472427, "seconds": 5863.642}
{"arity": 8, "status": "still-flagged", "best_penetration": 0.0059377568647196455, "seconds": 5931.421}
{"arity": 8, "status": "still-flagged", "best_penetration": 0.01599888283168749, "seconds": 5985.18}
{"arity": 8, "status": "still-flagged", "best_penetration": 0.006879535225102651, "seconds": 6038.585}
{"arity": 8, "status": "still-flagged", "best_penetration": 0.010514391852887828, "seconds": 6094.396}
{"arity": 8, "status": "still-flagged", "best_penetration": 0.008952213542563037, "seconds": 6152.133}
{"arity": 8, "status": "still-flagged", "best_penetration": 0.014256768780408269, "seconds": 6205.803}
{"arity": 8, "status": "placed", "best_penetration": 0.0, "seconds": 6207.757}
{
 "placed": 1,
 "projections": {
  "arity<=6": {
   "earlier": {
    "endpoint_survives": true,
    "flagged_classes": 3,
    "orbits": 23354,
    "surviving_states": 185424
   },
   "still_flagged": {
    "endpoint_survives": true,
    "flagged_classes": 3,
    "orbits": 23354,
    "surviving_states": 185424
   }
  },
  "arity<=7": {
   "earlier": {
    "endpoint_survives": true,
    "flagged_classes": 44,
    "orbits": 5084,
    "surviving_states": 40016
   },
   "still_flagged": {
    "endpoint_survives": true,
    "flagged_classes": 44,
    "orbits": 5084,
    "surviving_states": 40016
   }
  },
  "arity<=8": {
   "earlier": {
    "endpoint_survives": true,
    "flagged_classes": 90,
    "orbits": 2256,
    "surviving_states": 17636
   },
   "still_flagged": {
    "endpoint_survives": true,
    "flagged_classes": 89,
    "orbits": 2264,
    "surviving_states": 17696
   }
  }
 },
 "seconds": 6208.622,
 "still_flagged": 89
}
exit 0
