{"arity": 1, "classes": 5, "pruned_as_supersets": 0, "searched": 5, "feasible": 5, "feasible_by": {"random": 5}, "flagged": 0, "attempts": 5, "seconds": 1.287}
{"arity": 2, "classes": 32, "pruned_as_supersets": 0, "searched": 32, "feasible": 32, "feasible_by": {"warm": 32}, "flagged": 0, "attempts": 32, "seconds": 0.065}
{"arity": 3, "classes": 223, "pruned_as_supersets": 0, "searched": 223, "feasible": 223, "feasible_by": {"warm": 223}, "flagged": 0, "attempts": 223, "seconds": 1.041}
{"arity": 4, "classes": 1227, "pruned_as_supersets": 0, "searched": 1227, "feasible": 1227, "feasible_by": {"warm": 1227}, "flagged": 0, "attempts": 1230, "seconds": 5.513}
{"arity": 5, "classes": 5102, "pruned_as_supersets": 0, "searched": 5102, "feasible": 5102, "feasible_by": {"random": 1, "warm": 5101}, "flagged": 0, "attempts": 5131, "seconds": 35.333}
{"arity": 6, "classes": 16580, "pruned_as_supersets": 0, "searched": 16580, "feasible": 16577, "feasible_by": {"deep-random": 2, "random": 4, "warm": 16571}, "flagged": 3, "attempts": 18488, "seconds": 210.265}
{
 "complete": true,
 "controls_passed": true,
 "levels": {
  "1": {
   "attempts": 5,
   "classes": 5,
   "feasible": 5,
   "feasible_by": {
    "random": 5
   },
   "flagged": 0,
   "pruned_as_supersets": 0,
   "searched": 5,
   "seconds": 1.287
  },
  "2": {
   "attempts": 32,
   "classes": 32,
   "feasible": 32,
   "feasible_by": {
    "warm": 32
   },
   "flagged": 0,
   "pruned_as_supersets": 0,
   "searched": 32,
   "seconds": 0.065
  },
  "3": {
   "attempts": 223,
   "classes": 223,
   "feasible": 223,
   "feasible_by": {
    "warm": 223
   },
   "flagged": 0,
   "pruned_as_supersets": 0,
   "searched": 223,
   "seconds": 1.041
  },
  "4": {
   "attempts": 1230,
   "classes": 1227,
   "feasible": 1227,
   "feasible_by": {
    "warm": 1227
   },
   "flagged": 0,
   "pruned_as_supersets": 0,
   "searched": 1227,
   "seconds": 5.513
  },
  "5": {
   "attempts": 5131,
   "classes": 5102,
   "feasible": 5102,
   "feasible_by": {
    "random": 1,
    "warm": 5101
   },
   "flagged": 0,
   "pruned_as_supersets": 0,
   "searched": 5102,
   "seconds": 35.333
  },
  "6": {
   "attempts": 18488,
   "classes": 16580,
   "feasible": 16577,
   "feasible_by": {
    "deep-random": 2,
    "random": 4,
    "warm": 16571
   },
   "flagged": 3,
   "pruned_as_supersets": 0,
   "searched": 16580,
   "seconds": 210.265
  }
 },
 "seconds": 263.905,
 "status": "heuristic selector, not a certificate: a flagged pattern is one the float search could not place; the prover must certify each flagged pattern before any exclusion counts",
 "survivors_by_arity": {
  "1": {
   "endpoint_survives": true,
   "flagged_classes": 0,
   "orbits": 43593,
   "surviving_states": 346104
  },
  "2": {
   "endpoint_survives": true,
   "flagged_classes": 0,
   "orbits": 43593,
   "surviving_states": 346104
  },
  "3": {
   "endpoint_survives": true,
   "flagged_classes": 0,
   "orbits": 43593,
   "surviving_states": 346104
  },
  "4": {
   "endpoint_survives": true,
   "flagged_classes": 0,
   "orbits": 43593,
   "surviving_states": 346104
  },
  "5": {
   "endpoint_survives": true,
   "flagged_classes": 0,
   "orbits": 43593,
   "surviving_states": 346104
  },
  "6": {
   "endpoint_survives": true,
   "flagged_classes": 3,
   "orbits": 23354,
   "surviving_states": 185424
  }
 }
}
exit 0
