{"mode": "python-full", "completed_rows": 256, "total_rows": 15721}
{"mode": "python-full", "completed_rows": 512, "total_rows": 15721}
{"mode": "python-full", "completed_rows": 768, "total_rows": 15721}
{"mode": "python-full", "completed_rows": 1024, "total_rows": 15721}
{"mode": "python-full", "completed_rows": 1280, "total_rows": 15721}
{"mode": "python-full", "completed_rows": 1536, "total_rows": 15721}
{"mode": "python-full", "completed_rows": 1792, "total_rows": 15721}
{"mode": "python-full", "completed_rows": 2048, "total_rows": 15721}
{"mode": "python-full", "completed_rows": 2304, "total_rows": 15721}
{"mode": "python-full", "completed_rows": 2560, "total_rows": 15721}
{"mode": "python-full", "completed_rows": 2816, "total_rows": 15721}
{"mode": "python-full", "completed_rows": 3072, "total_rows": 15721}
{"mode": "python-full", "completed_rows": 3328, "total_rows": 15721}
{"mode": "python-full", "completed_rows": 3584, "total_rows": 15721}
{"mode": "python-full", "completed_rows": 3840, "total_rows": 15721}
{"mode": "python-full", "completed_rows": 4096, "total_rows": 15721}
{"mode": "python-full", "completed_rows": 4352, "total_rows": 15721}
{"mode": "python-full", "completed_rows": 4608, "total_rows": 15721}
{"mode": "python-full", "completed_rows": 4864, "total_rows": 15721}
{"mode": "python-full", "completed_rows": 5120, "total_rows": 15721}
{"mode": "python-full", "completed_rows": 5376, "total_rows": 15721}
{"mode": "python-full", "completed_rows": 5632, "total_rows": 15721}
{"mode": "python-full", "completed_rows": 5888, "total_rows": 15721}
{"mode": "python-full", "completed_rows": 6144, "total_rows": 15721}
{"mode": "python-full", "completed_rows": 6400, "total_rows": 15721}
{"mode": "python-full", "completed_rows": 6656, "total_rows": 15721}
{"mode": "python-full", "completed_rows": 6912, "total_rows": 15721}
{"mode": "python-full", "completed_rows": 7168, "total_rows": 15721}
{"mode": "python-full", "completed_rows": 7424, "total_rows": 15721}
{"mode": "python-full", "completed_rows": 7680, "total_rows": 15721}
{"mode": "python-full", "completed_rows": 7936, "total_rows": 15721}
{"mode": "python-full", "completed_rows": 8192, "total_rows": 15721}
{"mode": "python-full", "completed_rows": 8448, "total_rows": 15721}
{"mode": "python-full", "completed_rows": 8704, "total_rows": 15721}
{"mode": "python-full", "completed_rows": 8960, "total_rows": 15721}
{"mode": "python-full", "completed_rows": 9216, "total_rows": 15721}
{"mode": "python-full", "completed_rows": 9472, "total_rows": 15721}
{"mode": "python-full", "completed_rows": 9728, "total_rows": 15721}
{"mode": "python-full", "completed_rows": 9984, "total_rows": 15721}
{"mode": "python-full", "completed_rows": 10240, "total_rows": 15721}
{"mode": "python-full", "completed_rows": 10496, "total_rows": 15721}
{"mode": "python-full", "completed_rows": 10752, "total_rows": 15721}
{"mode": "python-full", "completed_rows": 11008, "total_rows": 15721}
{"mode": "python-full", "completed_rows": 11264, "total_rows": 15721}
{"mode": "python-full", "completed_rows": 11520, "total_rows": 15721}
{"mode": "python-full", "completed_rows": 11776, "total_rows": 15721}
{"mode": "python-full", "completed_rows": 12032, "total_rows": 15721}
{"mode": "python-full", "completed_rows": 12288, "total_rows": 15721}
{"mode": "python-full", "completed_rows": 12544, "total_rows": 15721}
{"mode": "python-full", "completed_rows": 12800, "total_rows": 15721}
{"mode": "python-full", "completed_rows": 13056, "total_rows": 15721}
{"mode": "python-full", "completed_rows": 13312, "total_rows": 15721}
{"mode": "python-full", "completed_rows": 13568, "total_rows": 15721}
{"mode": "python-full", "completed_rows": 13824, "total_rows": 15721}
{"mode": "python-full", "completed_rows": 14080, "total_rows": 15721}
{"mode": "python-full", "completed_rows": 14336, "total_rows": 15721}
{"mode": "python-full", "completed_rows": 14592, "total_rows": 15721}
{"mode": "python-full", "completed_rows": 14848, "total_rows": 15721}
{"mode": "python-full", "completed_rows": 15104, "total_rows": 15721}
{"mode": "python-full", "completed_rows": 15360, "total_rows": 15721}
{"mode": "python-full", "completed_rows": 15616, "total_rows": 15721}
{"status": "PASS_R052_PYTHON_FULL", "mode": "python-full", "bound": "231001/50000", "candidate_sha256": "d77743eadf7f4bf9c424549a37a4296ea3b23fceee4af8e3d774a5a07e62e825", "manifest_sha256": "2a74ea2efef6be4435b227746d3e48f93075160b77ee5a0563a2dc81996952aa", "checked_rows": 15721, "archived_rows": 15721, "minimum_units": 999426274093, "budget_units": 16990246659579, "strict_surplus_units": 2, "structure": {"physical_sites": 18585, "point_orbits": 2354, "threshold_orbits": 514, "generic_orbits": 54, "physical_trigger_groups": 4504, "budget_units": 16990246659579, "required_minimum_units": 999426274093, "angular_rows": 15721, "strict_containment_inequalities": 62884, "minimum_containment_margin": "4613/9240040000000000000"}, "seconds": 904.2426110410015, "scope": "Fresh full centre replay only in full modes / 仅 full 模式重新计算完整中心空间"}
real 904.45
user 4996.67
sys 47.54
