+xi1: certified_optimal 4.57261483017
-xi1: certified_optimal 0
+eta1: certified_optimal 4.62245395432
-eta1: certified_optimal 0
+omega1: certified_optimal 3.06310072808
-omega1: certified_optimal 3.22660109920
+xi2: certified_optimal 4.57261483017
-xi2: certified_optimal 0
+eta2: certified_optimal 5.48725699411
-eta2: certified_optimal 0
+omega2: certified_optimal 5.48725699411
-omega2: certified_optimal 4.57261483017
+xi3: certified_optimal 52.2978304135
-xi3: certified_optimal 0
+eta3: certified_optimal 5.48062909677
-eta3: certified_optimal 0
+omega3: certified_optimal 6.93355503908
-omega3: certified_optimal 10.9612581935
+xi4: certified_optimal 17.8685199361
-xi4: certified_optimal 0
+eta4: certified_optimal 1
-eta4: certified_optimal 13.8901098200
+omega4: certified_optimal 17.8685199361
-omega4: certified_optimal 14.8901098200
+eta5: certified_optimal 14.8901098200
-eta5: certified_optimal 0
+omega5: certified_optimal 17.8685199361
-omega5: certified_optimal 14.8901098200
+xi7: certified_optimal 1
-xi7: certified_optimal 16.8685199361
+eta7: certified_optimal 14.8901098200
-eta7: certified_optimal 0
+omega7: certified_optimal 17.8685199361
-omega7: certified_optimal 14.8901098200
+xi8: certified_optimal 1
-xi8: certified_optimal 68.2818731440
+eta8: certified_optimal 1
-eta8: certified_optimal 50.4978999942
+omega8: certified_optimal 51.4978999942
-omega8: certified_optimal 69.2818731440
+xi9: certified_optimal 4.06647895409
-xi9: certified_optimal 0.743215184791
+eta9: certified_optimal 4.89823397611
-eta9: certified_optimal 0.743215184791
+omega9: certified_optimal 47.6432975529
-omega9: certified_optimal 11.6080281704
+xi10: certified_optimal 6.10634300681
-xi10: certified_optimal 3.87533028637
+eta10: certified_optimal 7.13141570263
-eta10: certified_optimal 6.79629950442
+omega10: certified_optimal 47.6432975529
-omega10: certified_optimal 11.6080281704
+u11: certified_optimal 39.7902354036
-u11: certified_optimal 47.4173901953
+omega11: certified_optimal 54.9306465264
-omega11: certified_optimal 175.848328842
+xi12: certified_optimal 30.5308264148
-xi12: certified_optimal 5.73742822404
+eta12: certified_optimal 25.6445811621
-eta12: certified_optimal 5.87266570726
+omega12: certified_optimal 47.6432975529
-omega12: certified_optimal 2.42237224818
+u13: certified_optimal 3.67763987202
-u13: certified_optimal 2.13079662648
+omega13: certified_optimal 18.5258949729
-omega13: certified_optimal 7.14480614773
+xi14: certified_optimal 2.93172636680
-xi14: certified_optimal 5.65441853135
+eta14: certified_optimal 3.66710318751
-eta14: certified_optimal 8.89382468652
+omega14: certified_optimal 18.5258949729
-omega14: certified_optimal 4.36578059515
+xi15: certified_optimal 3.86590368186
-xi15: certified_optimal 1.97825414848
+eta15: certified_optimal 1
-eta15: certified_optimal 1.79710609844
+omega15: certified_optimal 4.98998815269
-omega15: certified_optimal 5.59421219689
+xi16: certified_optimal 6.66260935060
-xi16: certified_optimal 17.9935333485
+eta16: certified_optimal 12.0116678565
-eta16: certified_optimal 21.1590779582
+omega16: certified_optimal 3.48851175766
-omega16: certified_optimal 74.1727814435
+xi17: certified_optimal 1
-xi17: certified_optimal 1.28630741509
+eta17: certified_optimal 5.08671618246
-eta17: certified_optimal 2.68154895037
+omega17: certified_optimal 4.07873227299
-omega17: certified_optimal 4.57261483017
{"checks": {"controls_refused": true, "duals": true, "kernel": true, "owner_alternatives": true, "weights": true}, "control": null, "largest_dual": [{"a_decimal": "175.848328842", "direction": "-omega11"}], "passed": true, "schema": "n17-local-minimum-mechanical/v1", "timing_seconds": {"build": 0.039228191000120205, "controls": 0.6923886909999055, "duals": 47.45864158199993, "kernel": 0.028481765000151427, "owner_alternatives": 0.018023326000047746, "total": 48.236779754000054}}
exit=0 wall=49.396998203
