warning: The `UV_NATIVE_TLS` environment variable is deprecated and will be removed in a future release. Use `UV_SYSTEM_CERTS` instead.
{"round": 12, "step": 176, "cell": "corner-SW", "rows": 300, "live_rows": 246, "splits": 68, "producer": 56.5, "checker": 50.3, "seconds": 111.0}
{"round": 12, "step": 177, "cell": "corner-SE", "rows": 301, "live_rows": 256, "splits": 63, "producer": 74.0, "checker": 57.0, "seconds": 242.0}
{"round": 12, "step": 178, "cell": "corner-NW", "rows": 306, "live_rows": 256, "splits": 62, "producer": 22.2, "checker": 11.5, "seconds": 275.8}
{"round": 12, "step": 179, "cell": "corner-NE", "rows": 306, "live_rows": 256, "splits": 62, "producer": 20.7, "checker": 9.0, "seconds": 305.5}
{"round": 12, "step": 180, "cell": "side-S0", "rows": 314, "live_rows": 247, "splits": 71, "producer": 98.7, "checker": 114.4, "seconds": 518.7}
{"round": 12, "step": 181, "cell": "side-N0", "rows": 401, "live_rows": 252, "splits": 9, "producer": 130.8, "checker": 157.3, "seconds": 806.8}
{"round": 12, "step": 182, "cell": "side-W0", "rows": 306, "live_rows": 256, "splits": 62, "producer": 59.5, "checker": 64.5, "seconds": 930.9}
{"round": 12, "step": 183, "cell": "side-E0", "rows": 306, "live_rows": 256, "splits": 62, "producer": 62.5, "checker": 84.3, "seconds": 1077.7}
{"round": 12, "step": 184, "cell": "side-S1", "rows": 454, "live_rows": 242, "splits": 18, "producer": 148.2, "checker": 157.0, "seconds": 1382.8}
{"round": 12, "step": 185, "cell": "side-N1", "rows": 306, "live_rows": 256, "splits": 62, "producer": 107.1, "checker": 118.3, "seconds": 1608.2}
{"round": 12, "step": 186, "cell": "side-E1", "rows": 306, "live_rows": 256, "splits": 62, "producer": 94.3, "checker": 107.3, "seconds": 1809.9}
{"round": 12, "step": 187, "cell": "side-N2", "rows": 457, "live_rows": 243, "splits": 11, "producer": 91.8, "checker": 91.7, "seconds": 1993.4}
{"round": 12, "step": 188, "cell": "side-W2", "rows": 371, "live_rows": 248, "splits": 13, "producer": 88.7, "checker": 87.7, "seconds": 2169.9}
{"round": 12, "step": 189, "cell": "interior-W", "rows": 372, "live_rows": 252, "splits": 5, "producer": 120.8, "checker": 130.7, "seconds": 2421.4}
{"round": 12, "step": 190, "cell": "interior-N", "rows": 376, "live_rows": 252, "splits": 5, "producer": 128.5, "checker": 112.1, "seconds": 2662.0}
{"round": 12, "step": 191, "cell": "interior-E", "rows": 354, "live_rows": 254, "splits": 48, "producer": 151.8, "checker": 164.0, "seconds": 2977.9}
{"round": 12, "worst": 0.028068, "extent": "1.9531e-03", "min_g_extent": 0.9917597412867476, "row_to_extent": 0.1003, "volume": "1.3005e-06", "live": 4060, "splits": 683}
{"round": 13, "step": 192, "cell": "corner-SW", "rows": 310, "live_rows": 252, "splits": 10, "producer": 74.4, "checker": 42.2, "seconds": 3101.9}
{"round": 13, "step": 193, "cell": "corner-SE", "rows": 301, "live_rows": 256, "splits": 0, "producer": 50.6, "checker": 39.2, "seconds": 3191.7}
{"round": 13, "step": 194, "cell": "corner-NW", "rows": 306, "live_rows": 256, "splits": 0, "producer": 12.8, "checker": 8.8, "seconds": 3213.3}
{"round": 13, "step": 195, "cell": "corner-NE", "rows": 306, "live_rows": 256, "splits": 0, "producer": 14.1, "checker": 7.5, "seconds": 3235.0}
{"round": 13, "step": 196, "cell": "side-S0", "rows": 323, "live_rows": 250, "splits": 9, "producer": 100.4, "checker": 121.3, "seconds": 3456.6}
{"round": 13, "step": 197, "cell": "side-N0", "rows": 405, "live_rows": 255, "splits": 4, "producer": 136.1, "checker": 159.0, "seconds": 3751.7}
{"round": 13, "step": 198, "cell": "side-W0", "rows": 306, "live_rows": 256, "splits": 0, "producer": 67.4, "checker": 71.6, "seconds": 3890.8}
{"round": 13, "step": 199, "cell": "side-E0", "rows": 306, "live_rows": 256, "splits": 0, "producer": 64.1, "checker": 66.3, "seconds": 4021.2}
{"round": 13, "step": 200, "cell": "side-S1", "rows": 468, "live_rows": 244, "splits": 14, "producer": 162.3, "checker": 224.7, "seconds": 4408.2}
{"round": 13, "step": 201, "cell": "side-N1", "rows": 306, "live_rows": 256, "splits": 0, "producer": 202.1, "checker": 241.0, "seconds": 4851.2}
{"round": 13, "step": 202, "cell": "side-E1", "rows": 306, "live_rows": 256, "splits": 0, "producer": 171.5, "checker": 199.3, "seconds": 5222.1}
{"round": 13, "step": 203, "cell": "side-N2", "rows": 470, "live_rows": 248, "splits": 13, "producer": 135.4, "checker": 107.6, "seconds": 5465.1}
{"round": 13, "step": 204, "cell": "side-W2", "rows": 379, "live_rows": 252, "splits": 8, "producer": 111.1, "checker": 121.9, "seconds": 5698.2}
{"round": 13, "step": 205, "cell": "interior-W", "rows": 376, "live_rows": 256, "splits": 4, "producer": 127.9, "checker": 138.6, "seconds": 5964.7}
{"round": 13, "step": 206, "cell": "interior-N", "rows": 380, "live_rows": 254, "splits": 4, "producer": 136.6, "checker": 114.6, "seconds": 6216.0}
{"round": 13, "step": 207, "cell": "interior-E", "rows": 356, "live_rows": 256, "splits": 2, "producer": 146.7, "checker": 159.8, "seconds": 6522.5}
{"round": 13, "worst": 0.027277, "extent": "1.9531e-03", "min_g_extent": 0.9972336419618762, "row_to_extent": 0.1002, "volume": "1.2662e-06", "live": 4091, "splits": 68}
{"round": 14, "step": 208, "cell": "corner-SW", "rows": 314, "live_rows": 253, "splits": 4, "producer": 73.1, "checker": 42.3, "seconds": 6646.5}
{"round": 14, "step": 209, "cell": "corner-SE", "rows": 301, "live_rows": 256, "splits": 0, "producer": 49.9, "checker": 40.6, "seconds": 6737.0}
{"round": 14, "step": 210, "cell": "corner-NW", "rows": 306, "live_rows": 256, "splits": 0, "producer": 12.5, "checker": 7.5, "seconds": 6757.0}
{"round": 14, "step": 211, "cell": "corner-NE", "rows": 306, "live_rows": 256, "splits": 0, "producer": 12.2, "checker": 7.5, "seconds": 6776.7}
{"round": 14, "step": 212, "cell": "side-S0", "rows": 329, "live_rows": 254, "splits": 6, "producer": 100.9, "checker": 120.3, "seconds": 6998.0}
