warning: The `UV_NATIVE_TLS` environment variable is deprecated and will be removed in a future release. Use `UV_SYSTEM_CERTS` instead.
{"round": 1, "step": 0, "cell": "corner-SW", "rows": 34, "live_rows": 2, "splits": 2, "producer": 0.1, "checker": 0.0, "seconds": 0.5}
{"round": 1, "step": 1, "cell": "corner-SE", "rows": 34, "live_rows": 2, "splits": 2, "producer": 0.1, "checker": 0.0, "seconds": 0.6}
{"round": 1, "step": 2, "cell": "corner-NW", "rows": 34, "live_rows": 2, "splits": 2, "producer": 0.1, "checker": 0.1, "seconds": 0.8}
{"round": 1, "step": 3, "cell": "corner-NE", "rows": 34, "live_rows": 2, "splits": 2, "producer": 0.1, "checker": 0.1, "seconds": 0.9}
{"round": 1, "step": 4, "cell": "side-S0", "rows": 34, "live_rows": 2, "splits": 2, "producer": 0.1, "checker": 0.1, "seconds": 1.1}
{"round": 1, "step": 5, "cell": "side-N0", "rows": 64, "live_rows": 5, "splits": 32, "producer": 6.3, "checker": 3.4, "seconds": 10.8}
{"round": 1, "step": 6, "cell": "side-W0", "rows": 34, "live_rows": 2, "splits": 2, "producer": 0.2, "checker": 0.1, "seconds": 11.1}
{"round": 1, "step": 7, "cell": "side-E0", "rows": 34, "live_rows": 2, "splits": 2, "producer": 0.1, "checker": 0.1, "seconds": 11.3}
{"round": 1, "step": 8, "cell": "side-S1", "rows": 64, "live_rows": 19, "splits": 32, "producer": 8.5, "checker": 5.0, "seconds": 24.8}
{"round": 1, "step": 9, "cell": "side-N1", "rows": 34, "live_rows": 2, "splits": 2, "producer": 0.2, "checker": 0.1, "seconds": 25.2}
{"round": 1, "step": 10, "cell": "side-E1", "rows": 34, "live_rows": 2, "splits": 2, "producer": 0.2, "checker": 0.1, "seconds": 25.6}
{"round": 1, "step": 11, "cell": "side-N2", "rows": 64, "live_rows": 9, "splits": 32, "producer": 6.6, "checker": 5.6, "seconds": 37.7}
{"round": 1, "step": 12, "cell": "side-W2", "rows": 62, "live_rows": 3, "splits": 30, "producer": 8.1, "checker": 7.6, "seconds": 53.5}
{"round": 1, "step": 13, "cell": "interior-W", "rows": 64, "live_rows": 4, "splits": 32, "producer": 15.5, "checker": 10.5, "seconds": 79.5}
{"round": 1, "step": 14, "cell": "interior-N", "rows": 64, "live_rows": 4, "splits": 32, "producer": 14.0, "checker": 10.1, "seconds": 103.6}
{"round": 1, "step": 15, "cell": "interior-E", "rows": 64, "live_rows": 3, "splits": 32, "producer": 13.4, "checker": 12.1, "seconds": 129.1}
{"round": 1, "worst": 0.422471, "extent": "1.9531e-03", "min_g_extent": 0.6246905329403489, "row_to_extent": 31.9974, "volume": "6.4338e-05", "live": 97, "splits": 240}
{"round": 2, "step": 16, "cell": "corner-SW", "rows": 36, "live_rows": 2, "splits": 2, "producer": 0.3, "checker": 0.2, "seconds": 129.7}
{"round": 2, "step": 17, "cell": "corner-SE", "rows": 36, "live_rows": 2, "splits": 2, "producer": 0.4, "checker": 0.3, "seconds": 130.4}
{"round": 2, "step": 18, "cell": "corner-NW", "rows": 36, "live_rows": 2, "splits": 2, "producer": 0.5, "checker": 0.5, "seconds": 131.3}
{"round": 2, "step": 19, "cell": "corner-NE", "rows": 36, "live_rows": 2, "splits": 2, "producer": 0.3, "checker": 0.3, "seconds": 132.0}
{"round": 2, "step": 20, "cell": "side-S0", "rows": 36, "live_rows": 2, "splits": 2, "producer": 0.5, "checker": 0.3, "seconds": 132.8}
{"round": 2, "step": 21, "cell": "side-N0", "rows": 69, "live_rows": 4, "splits": 5, "producer": 2.4, "checker": 2.0, "seconds": 137.2}
{"round": 2, "step": 22, "cell": "side-W0", "rows": 36, "live_rows": 2, "splits": 2, "producer": 0.6, "checker": 0.3, "seconds": 138.1}
{"round": 2, "step": 23, "cell": "side-E0", "rows": 36, "live_rows": 2, "splits": 2, "producer": 0.6, "checker": 0.3, "seconds": 139.0}
{"round": 2, "step": 24, "cell": "side-S1", "rows": 83, "live_rows": 10, "splits": 19, "producer": 10.6, "checker": 7.1, "seconds": 156.6}
{"round": 2, "step": 25, "cell": "side-N1", "rows": 36, "live_rows": 2, "splits": 2, "producer": 0.5, "checker": 0.3, "seconds": 157.5}
{"round": 2, "step": 26, "cell": "side-E1", "rows": 36, "live_rows": 2, "splits": 2, "producer": 0.4, "checker": 0.5, "seconds": 158.4}
{"round": 2, "step": 27, "cell": "side-N2", "rows": 73, "live_rows": 12, "splits": 9, "producer": 4.7, "checker": 3.6, "seconds": 166.7}
{"round": 2, "step": 28, "cell": "side-W2", "rows": 65, "live_rows": 4, "splits": 3, "producer": 1.3, "checker": 1.2, "seconds": 169.3}
{"round": 2, "step": 29, "cell": "interior-W", "rows": 68, "live_rows": 5, "splits": 4, "producer": 2.0, "checker": 2.6, "seconds": 173.8}
{"round": 2, "step": 30, "cell": "interior-N", "rows": 68, "live_rows": 5, "splits": 4, "producer": 2.1, "checker": 1.7, "seconds": 177.6}
{"round": 2, "step": 31, "cell": "interior-E", "rows": 67, "live_rows": 3, "splits": 3, "producer": 2.2, "checker": 1.6, "seconds": 181.4}
{"round": 2, "worst": 0.10677, "extent": "1.9531e-03", "min_g_extent": 0.9257444825813785, "row_to_extent": 15.9997, "volume": "2.4665e-05", "live": 93, "splits": 65}
{"round": 3, "step": 32, "cell": "corner-SW", "rows": 38, "live_rows": 2, "splits": 2, "producer": 0.6, "checker": 0.3, "seconds": 182.5}
{"round": 3, "step": 33, "cell": "corner-SE", "rows": 38, "live_rows": 2, "splits": 2, "producer": 0.5, "checker": 0.5, "seconds": 183.6}
{"round": 3, "step": 34, "cell": "corner-NW", "rows": 38, "live_rows": 2, "splits": 2, "producer": 0.5, "checker": 0.5, "seconds": 184.7}
{"round": 3, "step": 35, "cell": "corner-NE", "rows": 38, "live_rows": 2, "splits": 2, "producer": 0.6, "checker": 0.5, "seconds": 185.7}
{"round": 3, "step": 36, "cell": "side-S0", "rows": 38, "live_rows": 2, "splits": 2, "producer": 0.6, "checker": 0.5, "seconds": 186.9}
{"round": 3, "step": 37, "cell": "side-N0", "rows": 73, "live_rows": 6, "splits": 4, "producer": 3.0, "checker": 1.8, "seconds": 191.8}
{"round": 3, "step": 38, "cell": "side-W0", "rows": 38, "live_rows": 2, "splits": 2, "producer": 0.4, "checker": 0.3, "seconds": 192.6}
{"round": 3, "step": 39, "cell": "side-E0", "rows": 38, "live_rows": 2, "splits": 2, "producer": 0.3, "checker": 0.3, "seconds": 193.3}
{"round": 3, "step": 40, "cell": "side-S1", "rows": 93, "live_rows": 11, "splits": 10, "producer": 6.2, "checker": 5.0, "seconds": 204.5}
{"round": 3, "step": 41, "cell": "side-N1", "rows": 38, "live_rows": 2, "splits": 2, "producer": 0.7, "checker": 0.4, "seconds": 205.6}
{"round": 3, "step": 42, "cell": "side-E1", "rows": 38, "live_rows": 2, "splits": 2, "producer": 0.7, "checker": 0.5, "seconds": 206.9}
{"round": 3, "step": 43, "cell": "side-N2", "rows": 85, "live_rows": 16, "splits": 12, "producer": 7.5, "checker": 4.9, "seconds": 219.4}
{"round": 3, "step": 44, "cell": "side-W2", "rows": 69, "live_rows": 6, "splits": 4, "producer": 2.2, "checker": 1.9, "seconds": 223.5}
{"round": 3, "step": 45, "cell": "interior-W", "rows": 73, "live_rows": 6, "splits": 5, "producer": 3.6, "checker": 2.1, "seconds": 229.2}
{"round": 3, "step": 46, "cell": "interior-N", "rows": 73, "live_rows": 6, "splits": 5, "producer": 3.2, "checker": 2.5, "seconds": 234.8}
{"round": 3, "step": 47, "cell": "interior-E", "rows": 70, "live_rows": 4, "splits": 3, "producer": 1.7, "checker": 1.2, "seconds": 237.8}
{"round": 3, "worst": 0.074219, "extent": "1.9531e-03", "min_g_extent": 0.9797359973902182, "row_to_extent": 8.0, "volume": "1.3898e-05", "live": 105, "splits": 61}
{"round": 4, "step": 48, "cell": "corner-SW", "rows": 40, "live_rows": 3, "splits": 2, "producer": 0.7, "checker": 0.5, "seconds": 239.0}
{"round": 4, "step": 49, "cell": "corner-SE", "rows": 40, "live_rows": 3, "splits": 2, "producer": 0.9, "checker": 0.5, "seconds": 240.5}
{"round": 4, "step": 50, "cell": "corner-NW", "rows": 40, "live_rows": 3, "splits": 2, "producer": 0.6, "checker": 0.6, "seconds": 241.7}
{"round": 4, "step": 51, "cell": "corner-NE", "rows": 40, "live_rows": 3, "splits": 2, "producer": 0.8, "checker": 0.5, "seconds": 243.0}
{"round": 4, "step": 52, "cell": "side-S0", "rows": 40, "live_rows": 3, "splits": 2, "producer": 0.9, "checker": 0.7, "seconds": 244.6}
{"round": 4, "step": 53, "cell": "side-N0", "rows": 79, "live_rows": 11, "splits": 6, "producer": 3.9, "checker": 2.3, "seconds": 250.8}
{"round": 4, "step": 54, "cell": "side-W0", "rows": 40, "live_rows": 3, "splits": 2, "producer": 0.8, "checker": 0.5, "seconds": 252.1}
{"round": 4, "step": 55, "cell": "side-E0", "rows": 40, "live_rows": 3, "splits": 2, "producer": 0.8, "checker": 0.5, "seconds": 253.4}
{"round": 4, "step": 56, "cell": "side-S1", "rows": 104, "live_rows": 13, "splits": 11, "producer": 6.6, "checker": 7.2, "seconds": 267.3}
{"round": 4, "step": 57, "cell": "side-N1", "rows": 40, "live_rows": 3, "splits": 2, "producer": 1.1, "checker": 0.8, "seconds": 269.3}
{"round": 4, "step": 58, "cell": "side-E1", "rows": 40, "live_rows": 3, "splits": 2, "producer": 0.9, "checker": 0.6, "seconds": 270.8}
{"round": 4, "step": 59, "cell": "side-N2", "rows": 101, "live_rows": 23, "splits": 16, "producer": 13.2, "checker": 10.5, "seconds": 294.5}
{"round": 4, "step": 60, "cell": "side-W2", "rows": 75, "live_rows": 10, "splits": 6, "producer": 4.4, "checker": 3.6, "seconds": 302.6}
{"round": 4, "step": 61, "cell": "interior-W", "rows": 79, "live_rows": 8, "splits": 6, "producer": 6.4, "checker": 5.1, "seconds": 314.1}
{"round": 4, "step": 62, "cell": "interior-N", "rows": 79, "live_rows": 8, "splits": 6, "producer": 6.0, "checker": 4.9, "seconds": 325.1}
{"round": 4, "step": 63, "cell": "interior-E", "rows": 74, "live_rows": 5, "splits": 4, "producer": 4.2, "checker": 3.2, "seconds": 332.5}
{"round": 4, "worst": 0.054918, "extent": "1.9531e-03", "min_g_extent": 0.8134659771012593, "row_to_extent": 4.0, "volume": "8.7955e-06", "live": 137, "splits": 73}
{"round": 5, "step": 64, "cell": "corner-SW", "rows": 43, "live_rows": 3, "splits": 3, "producer": 2.0, "checker": 1.6, "seconds": 336.5}
{"round": 5, "step": 65, "cell": "corner-SE", "rows": 43, "live_rows": 4, "splits": 3, "producer": 2.1, "checker": 1.7, "seconds": 340.4}
{"round": 5, "step": 66, "cell": "corner-NW", "rows": 43, "live_rows": 5, "splits": 3, "producer": 2.2, "checker": 1.6, "seconds": 344.1}
{"round": 5, "step": 67, "cell": "corner-NE", "rows": 43, "live_rows": 5, "splits": 3, "producer": 2.1, "checker": 1.6, "seconds": 347.8}
{"round": 5, "step": 68, "cell": "side-S0", "rows": 43, "live_rows": 5, "splits": 3, "producer": 2.4, "checker": 1.8, "seconds": 352.0}
{"round": 5, "step": 69, "cell": "side-N0", "rows": 90, "live_rows": 18, "splits": 11, "producer": 10.7, "checker": 7.9, "seconds": 370.7}
{"round": 5, "step": 70, "cell": "side-W0", "rows": 43, "live_rows": 5, "splits": 3, "producer": 2.1, "checker": 1.7, "seconds": 374.5}
{"round": 5, "step": 71, "cell": "side-E0", "rows": 43, "live_rows": 5, "splits": 3, "producer": 2.2, "checker": 1.8, "seconds": 378.5}
{"round": 5, "step": 72, "cell": "side-S1", "rows": 117, "live_rows": 17, "splits": 13, "producer": 13.9, "checker": 11.5, "seconds": 403.9}
{"round": 5, "step": 73, "cell": "side-N1", "rows": 43, "live_rows": 5, "splits": 3, "producer": 2.6, "checker": 1.7, "seconds": 408.2}
{"round": 5, "step": 74, "cell": "side-E1", "rows": 43, "live_rows": 5, "splits": 3, "producer": 1.7, "checker": 1.5, "seconds": 411.4}
{"round": 5, "step": 75, "cell": "side-N2", "rows": 124, "live_rows": 35, "splits": 23, "producer": 20.7, "checker": 16.3, "seconds": 448.4}
{"round": 5, "step": 76, "cell": "side-W2", "rows": 85, "live_rows": 17, "splits": 10, "producer": 8.0, "checker": 6.1, "seconds": 462.6}
{"round": 5, "step": 77, "cell": "interior-W", "rows": 87, "live_rows": 12, "splits": 8, "producer": 6.8, "checker": 5.6, "seconds": 474.9}
{"round": 5, "step": 78, "cell": "interior-N", "rows": 87, "live_rows": 11, "splits": 8, "producer": 8.0, "checker": 5.9, "seconds": 488.9}
{"round": 5, "step": 79, "cell": "interior-E", "rows": 79, "live_rows": 7, "splits": 5, "producer": 5.4, "checker": 4.0, "seconds": 498.3}
{"round": 5, "worst": 0.043738, "extent": "1.9531e-03", "min_g_extent": 0.8459504665681846, "row_to_extent": 2.0, "volume": "5.3570e-06", "live": 191, "splits": 105}
{"round": 6, "step": 80, "cell": "corner-SW", "rows": 46, "live_rows": 6, "splits": 3, "producer": 2.5, "checker": 2.1, "seconds": 503.9}
{"round": 6, "step": 81, "cell": "corner-SE", "rows": 47, "live_rows": 7, "splits": 4, "producer": 3.0, "checker": 2.6, "seconds": 509.5}
{"round": 6, "step": 82, "cell": "corner-NW", "rows": 48, "live_rows": 8, "splits": 5, "producer": 3.8, "checker": 2.8, "seconds": 516.2}
{"round": 6, "step": 83, "cell": "corner-NE", "rows": 48, "live_rows": 8, "splits": 5, "producer": 3.9, "checker": 2.8, "seconds": 522.9}
{"round": 6, "step": 84, "cell": "side-S0", "rows": 48, "live_rows": 8, "splits": 5, "producer": 4.7, "checker": 3.0, "seconds": 530.6}
{"round": 6, "step": 85, "cell": "side-N0", "rows": 108, "live_rows": 31, "splits": 18, "producer": 20.3, "checker": 16.0, "seconds": 566.9}
{"round": 6, "step": 86, "cell": "side-W0", "rows": 48, "live_rows": 8, "splits": 5, "producer": 3.6, "checker": 2.9, "seconds": 573.5}
{"round": 6, "step": 87, "cell": "side-E0", "rows": 48, "live_rows": 8, "splits": 5, "producer": 4.0, "checker": 2.9, "seconds": 580.4}
{"round": 6, "step": 88, "cell": "side-S1", "rows": 134, "live_rows": 28, "splits": 17, "producer": 18.8, "checker": 15.1, "seconds": 614.4}
{"round": 6, "step": 89, "cell": "side-N1", "rows": 48, "live_rows": 8, "splits": 5, "producer": 3.6, "checker": 2.9, "seconds": 621.0}
{"round": 6, "step": 90, "cell": "side-E1", "rows": 48, "live_rows": 8, "splits": 5, "producer": 4.2, "checker": 2.5, "seconds": 627.8}
{"round": 6, "step": 91, "cell": "side-N2", "rows": 159, "live_rows": 60, "splits": 35, "producer": 36.0, "checker": 29.3, "seconds": 693.1}
{"round": 6, "step": 92, "cell": "side-W2", "rows": 102, "live_rows": 31, "splits": 17, "producer": 16.3, "checker": 12.2, "seconds": 721.6}
{"round": 6, "step": 93, "cell": "interior-W", "rows": 99, "live_rows": 18, "splits": 12, "producer": 15.2, "checker": 11.0, "seconds": 747.9}
{"round": 6, "step": 94, "cell": "interior-N", "rows": 98, "live_rows": 17, "splits": 11, "producer": 13.3, "checker": 8.4, "seconds": 769.7}
{"round": 6, "step": 95, "cell": "interior-E", "rows": 86, "live_rows": 11, "splits": 7, "producer": 8.1, "checker": 6.0, "seconds": 783.8}
{"round": 6, "worst": 0.03976, "extent": "1.9531e-03", "min_g_extent": 0.9084200268590864, "row_to_extent": 1.0, "volume": "3.6072e-06", "live": 297, "splits": 159}
{"round": 7, "step": 96, "cell": "corner-SW", "rows": 52, "live_rows": 12, "splits": 6, "producer": 4.6, "checker": 3.6, "seconds": 792.9}
{"round": 7, "step": 97, "cell": "corner-SE", "rows": 54, "live_rows": 13, "splits": 7, "producer": 5.5, "checker": 3.7, "seconds": 802.2}
{"round": 7, "step": 98, "cell": "corner-NW", "rows": 56, "live_rows": 14, "splits": 8, "producer": 6.0, "checker": 5.0, "seconds": 813.2}
{"round": 7, "step": 99, "cell": "corner-NE", "rows": 56, "live_rows": 14, "splits": 8, "producer": 6.0, "checker": 3.7, "seconds": 823.1}
{"round": 7, "step": 100, "cell": "side-S0", "rows": 56, "live_rows": 14, "splits": 8, "producer": 6.5, "checker": 5.1, "seconds": 834.7}
{"round": 7, "step": 101, "cell": "side-N0", "rows": 139, "live_rows": 54, "splits": 31, "producer": 41.6, "checker": 24.8, "seconds": 901.2}
{"round": 7, "step": 102, "cell": "side-W0", "rows": 56, "live_rows": 14, "splits": 8, "producer": 6.0, "checker": 5.4, "seconds": 912.6}
{"round": 7, "step": 103, "cell": "side-E0", "rows": 56, "live_rows": 14, "splits": 8, "producer": 7.6, "checker": 5.5, "seconds": 925.9}
{"round": 7, "step": 104, "cell": "side-S1", "rows": 162, "live_rows": 44, "splits": 28, "producer": 27.8, "checker": 20.6, "seconds": 974.3}
{"round": 7, "step": 105, "cell": "side-N1", "rows": 56, "live_rows": 14, "splits": 8, "producer": 7.7, "checker": 5.3, "seconds": 987.3}
{"round": 7, "step": 106, "cell": "side-E1", "rows": 56, "live_rows": 14, "splits": 8, "producer": 6.1, "checker": 4.4, "seconds": 997.9}
{"round": 7, "step": 107, "cell": "side-N2", "rows": 219, "live_rows": 107, "splits": 60, "producer": 50.1, "checker": 48.1, "seconds": 1096.2}
{"round": 7, "step": 108, "cell": "side-W2", "rows": 133, "live_rows": 58, "splits": 31, "producer": 26.4, "checker": 15.0, "seconds": 1137.7}
{"round": 7, "step": 109, "cell": "interior-W", "rows": 117, "live_rows": 29, "splits": 18, "producer": 17.5, "checker": 14.9, "seconds": 1170.2}
{"round": 7, "step": 110, "cell": "interior-N", "rows": 115, "live_rows": 24, "splits": 17, "producer": 19.3, "checker": 13.9, "seconds": 1203.5}
{"round": 7, "step": 111, "cell": "interior-E", "rows": 97, "live_rows": 17, "splits": 11, "producer": 11.4, "checker": 6.1, "seconds": 1221.0}
{"round": 7, "worst": 0.036979, "extent": "1.9531e-03", "min_g_extent": 0.9259136983771721, "row_to_extent": 0.5, "volume": "2.4660e-06", "live": 488, "splits": 265}
{"round": 8, "step": 112, "cell": "corner-SW", "rows": 64, "live_rows": 24, "splits": 12, "producer": 6.9, "checker": 5.3, "seconds": 1234.2}
{"round": 8, "step": 113, "cell": "corner-SE", "rows": 67, "live_rows": 25, "splits": 13, "producer": 9.1, "checker": 5.8, "seconds": 1249.2}
{"round": 8, "step": 114, "cell": "corner-NW", "rows": 70, "live_rows": 26, "splits": 14, "producer": 8.8, "checker": 6.2, "seconds": 1264.3}
{"round": 8, "step": 115, "cell": "corner-NE", "rows": 70, "live_rows": 26, "splits": 14, "producer": 7.8, "checker": 5.4, "seconds": 1277.5}
{"round": 8, "step": 116, "cell": "side-S0", "rows": 70, "live_rows": 26, "splits": 14, "producer": 10.5, "checker": 6.8, "seconds": 1294.9}
{"round": 8, "step": 117, "cell": "side-N0", "rows": 193, "live_rows": 97, "splits": 54, "producer": 67.5, "checker": 51.1, "seconds": 1413.6}
{"round": 8, "step": 118, "cell": "side-W0", "rows": 70, "live_rows": 26, "splits": 14, "producer": 9.5, "checker": 7.7, "seconds": 1430.8}
{"round": 8, "step": 119, "cell": "side-E0", "rows": 70, "live_rows": 26, "splits": 14, "producer": 12.2, "checker": 10.8, "seconds": 1453.8}
{"round": 8, "step": 120, "cell": "side-S1", "rows": 206, "live_rows": 72, "splits": 44, "producer": 78.4, "checker": 51.0, "seconds": 1583.2}
{"round": 8, "step": 121, "cell": "side-N1", "rows": 70, "live_rows": 26, "splits": 14, "producer": 27.4, "checker": 13.5, "seconds": 1624.1}
{"round": 8, "step": 122, "cell": "side-E1", "rows": 70, "live_rows": 26, "splits": 14, "producer": 14.2, "checker": 11.6, "seconds": 1649.8}
{"round": 8, "step": 123, "cell": "side-N2", "rows": 326, "live_rows": 199, "splits": 107, "producer": 171.4, "checker": 97.3, "seconds": 1918.6}
{"round": 8, "step": 124, "cell": "side-W2", "rows": 191, "live_rows": 112, "splits": 58, "producer": 78.0, "checker": 56.6, "seconds": 2053.2}
{"round": 8, "step": 125, "cell": "interior-W", "rows": 146, "live_rows": 50, "splits": 29, "producer": 52.2, "checker": 36.3, "seconds": 2141.7}
{"round": 8, "step": 126, "cell": "interior-N", "rows": 139, "live_rows": 42, "splits": 24, "producer": 49.1, "checker": 28.8, "seconds": 2219.6}
{"round": 8, "step": 127, "cell": "interior-E", "rows": 114, "live_rows": 30, "splits": 17, "producer": 34.6, "checker": 18.8, "seconds": 2273.0}
{"round": 8, "worst": 0.035789, "extent": "1.9531e-03", "min_g_extent": 0.9387388937229844, "row_to_extent": 0.25, "volume": "1.8608e-06", "live": 865, "splits": 456}
{"round": 9, "step": 128, "cell": "corner-SW", "rows": 88, "live_rows": 48, "splits": 24, "producer": 30.1, "checker": 20.3, "seconds": 2326.5}
{"round": 9, "step": 129, "cell": "corner-SE", "rows": 92, "live_rows": 49, "splits": 25, "producer": 27.3, "checker": 21.4, "seconds": 2375.3}
{"round": 9, "step": 130, "cell": "corner-NW", "rows": 96, "live_rows": 50, "splits": 26, "producer": 29.2, "checker": 19.6, "seconds": 2424.1}
{"round": 9, "step": 131, "cell": "corner-NE", "rows": 96, "live_rows": 50, "splits": 26, "producer": 25.3, "checker": 19.7, "seconds": 2469.2}
{"round": 9, "step": 132, "cell": "side-S0", "rows": 96, "live_rows": 50, "splits": 26, "producer": 38.6, "checker": 28.8, "seconds": 2536.7}
{"round": 9, "step": 133, "cell": "side-N0", "rows": 290, "live_rows": 181, "splits": 97, "producer": 210.6, "checker": 110.5, "seconds": 2857.8}
{"round": 9, "step": 134, "cell": "side-W0", "rows": 96, "live_rows": 50, "splits": 26, "producer": 24.9, "checker": 18.1, "seconds": 2900.9}
{"round": 9, "step": 135, "cell": "side-E0", "rows": 96, "live_rows": 50, "splits": 26, "producer": 27.2, "checker": 16.7, "seconds": 2944.8}
{"round": 9, "step": 136, "cell": "side-S1", "rows": 278, "live_rows": 122, "splits": 72, "producer": 132.7, "checker": 110.6, "seconds": 3188.2}
{"round": 9, "step": 137, "cell": "side-N1", "rows": 96, "live_rows": 50, "splits": 26, "producer": 61.5, "checker": 30.3, "seconds": 3280.0}
{"round": 9, "step": 138, "cell": "side-E1", "rows": 96, "live_rows": 50, "splits": 26, "producer": 41.1, "checker": 24.7, "seconds": 3345.9}
{"round": 9, "step": 139, "cell": "side-N2", "rows": 383, "live_rows": 212, "splits": 57, "producer": 224.6, "checker": 147.4, "seconds": 3717.9}
{"round": 9, "step": 140, "cell": "side-W2", "rows": 303, "live_rows": 217, "splits": 112, "producer": 187.2, "checker": 133.0, "seconds": 4038.2}
{"round": 9, "step": 141, "cell": "interior-W", "rows": 196, "live_rows": 93, "splits": 50, "producer": 141.5, "checker": 84.3, "seconds": 4264.0}
{"round": 9, "step": 142, "cell": "interior-N", "rows": 181, "live_rows": 77, "splits": 42, "producer": 107.3, "checker": 56.6, "seconds": 4428.0}
{"round": 9, "step": 143, "cell": "interior-E", "rows": 144, "live_rows": 56, "splits": 30, "producer": 73.2, "checker": 36.7, "seconds": 4538.0}
{"round": 9, "worst": 0.032123, "extent": "1.9531e-03", "min_g_extent": 0.946056033797898, "row_to_extent": 0.125, "volume": "1.5790e-06", "live": 1437, "splits": 691}
{"round": 10, "step": 144, "cell": "corner-SW", "rows": 136, "live_rows": 96, "splits": 48, "producer": 76.5, "checker": 53.3, "seconds": 4672.3}
{"round": 10, "step": 145, "cell": "corner-SE", "rows": 141, "live_rows": 97, "splits": 49, "producer": 71.4, "checker": 46.9, "seconds": 4790.6}
{"round": 10, "step": 146, "cell": "corner-NW", "rows": 146, "live_rows": 98, "splits": 50, "producer": 60.2, "checker": 44.4, "seconds": 4895.3}
{"round": 10, "step": 147, "cell": "corner-NE", "rows": 146, "live_rows": 98, "splits": 50, "producer": 56.1, "checker": 51.3, "seconds": 5002.8}
{"round": 10, "step": 148, "cell": "side-S0", "rows": 146, "live_rows": 97, "splits": 50, "producer": 135.8, "checker": 80.9, "seconds": 5219.5}
{"round": 10, "step": 149, "cell": "side-N0", "rows": 365, "live_rows": 229, "splits": 75, "producer": 409.0, "checker": 225.0, "seconds": 5853.5}
{"round": 10, "step": 150, "cell": "side-W0", "rows": 146, "live_rows": 98, "splits": 50, "producer": 69.2, "checker": 36.8, "seconds": 5959.6}
{"round": 10, "step": 151, "cell": "side-E0", "rows": 146, "live_rows": 98, "splits": 50, "producer": 47.6, "checker": 30.3, "seconds": 6037.5}
{"round": 10, "step": 152, "cell": "side-S1", "rows": 400, "live_rows": 220, "splits": 122, "producer": 194.7, "checker": 118.0, "seconds": 6350.2}
{"round": 10, "step": 153, "cell": "side-N1", "rows": 146, "live_rows": 98, "splits": 50, "producer": 99.9, "checker": 48.3, "seconds": 6498.5}
{"round": 10, "step": 154, "cell": "side-E1", "rows": 146, "live_rows": 98, "splits": 50, "producer": 79.6, "checker": 41.9, "seconds": 6620.0}
{"round": 10, "step": 155, "cell": "side-N2", "rows": 427, "live_rows": 237, "splits": 44, "producer": 191.1, "checker": 105.8, "seconds": 6916.9}
{"round": 10, "step": 156, "cell": "side-W2", "rows": 342, "live_rows": 240, "splits": 39, "producer": 155.2, "checker": 93.5, "seconds": 7165.6}
{"round": 10, "step": 157, "cell": "interior-W", "rows": 289, "live_rows": 178, "splits": 93, "producer": 161.5, "checker": 93.2, "seconds": 7420.3}
{"round": 10, "step": 158, "cell": "interior-N", "rows": 258, "live_rows": 143, "splits": 77, "producer": 146.1, "checker": 76.0, "seconds": 7642.5}
{"round": 10, "step": 159, "cell": "interior-E", "rows": 200, "live_rows": 106, "splits": 56, "producer": 126.2, "checker": 59.2, "seconds": 7828.0}
{"round": 10, "worst": 0.030341, "extent": "1.9531e-03", "min_g_extent": 0.9557004660255182, "row_to_extent": 0.1006, "volume": "1.4387e-06", "live": 2263, "splits": 953}
{"round": 11, "step": 160, "cell": "corner-SW", "rows": 232, "live_rows": 188, "splits": 96, "producer": 117.5, "checker": 59.6, "seconds": 8010.1}
{"round": 11, "step": 161, "cell": "corner-SE", "rows": 238, "live_rows": 193, "splits": 97, "producer": 91.2, "checker": 56.7, "seconds": 8158.1}
{"round": 11, "step": 162, "cell": "corner-NW", "rows": 244, "live_rows": 194, "splits": 98, "producer": 67.9, "checker": 50.7, "seconds": 8276.7}
{"round": 11, "step": 163, "cell": "corner-NE", "rows": 244, "live_rows": 194, "splits": 98, "producer": 64.5, "checker": 58.0, "seconds": 8399.2}
{"round": 11, "step": 164, "cell": "side-S0", "rows": 243, "live_rows": 185, "splits": 97, "producer": 207.5, "checker": 115.7, "seconds": 8722.4}
