{
 "status": "PASS_PILOT_MEASURED",
 "system": "n17",
 "cap": "capture",
 "outcome": "round_cap",
 "endpoint_control": {
  "held": true,
  "checked_after": 17
 },
 "scales_first_round": {
  "0.01": null,
  "0.001": null,
  "0.0003": null,
  "0.0002": null
 },
 "falsifier": {
  "falsified": false,
  "longest_fine_and_flat_run": 0,
  "first_round_rows_under_a_tenth": 0,
  "first_round_rows_under_a_twentieth": 1,
  "contraction_start": null,
  "g_worst_extent_after_start": [],
  "g_after_start_geometric_mean": null
 },
 "rounds": [
  {
   "round": 0,
   "worst": "9.298e-01",
   "position": "9.298e-01",
   "turn": "7.854e-01",
   "inside": 0,
   "seconds": 0.3
  },
  {
   "round": 1,
   "worst": "9.298e-01",
   "position": "9.298e-01",
   "turn": "7.854e-01",
   "inside": 0,
   "seconds": 170.9
  }
 ],
 "g": {
  "ratios": {
   "worst": [
    1.0
   ],
   "worst_position": [
    1.0
   ],
   "worst_turn": [
    1.0
   ]
  },
  "g_tail_geometric_mean": 1.0,
  "worst_final": 0.9297650468022751,
  "rounds_more_to_scale": {
   "0.01": null,
   "0.001": null,
   "0.0003": null,
   "0.0002": null
  }
 }
}
